Archive member included to satisfy reference by file (symbol)

libopencm3/lib\libopencm3_stm32f1.a(adc.o)
                              obj/anain.o (adc_power_on)
libopencm3/lib\libopencm3_stm32f1.a(adc_common_v1.o)
                              obj/anain.o (adc_power_off)
libopencm3/lib\libopencm3_stm32f1.a(can.o)
                              obj/stm32_can.o (can_reset)
libopencm3/lib\libopencm3_stm32f1.a(crc_common_all.o)
                              obj/hwinit.o (crc_reset)
libopencm3/lib\libopencm3_stm32f1.a(desig_common_v1.o)
                              obj/hwinit.o (desig_get_flash_size)
libopencm3/lib\libopencm3_stm32f1.a(dma_common_l1f013.o)
                              obj/terminal.o (dma_channel_reset)
libopencm3/lib\libopencm3_stm32f1.a(flash.o)
                              obj/hwinit.o (flash_erase_page)
libopencm3/lib\libopencm3_stm32f1.a(flash_common_all.o)
                              obj/canmap.o (flash_set_ws)
libopencm3/lib\libopencm3_stm32f1.a(flash_common_f.o)
                              obj/hwinit.o (flash_unlock)
libopencm3/lib\libopencm3_stm32f1.a(flash_common_f01.o)
                              libopencm3/lib\libopencm3_stm32f1.a(flash.o) (flash_clear_pgerr_flag)
libopencm3/lib\libopencm3_stm32f1.a(gpio.o)
                              obj/hwinit.o (gpio_set_mode)
libopencm3/lib\libopencm3_stm32f1.a(gpio_common_all.o)
                              obj/main.o (gpio_set)
libopencm3/lib\libopencm3_stm32f1.a(iwdg_common_all.o)
                              obj/main.o (iwdg_reset)
libopencm3/lib\libopencm3_stm32f1.a(rcc.o)
                              obj/stm32scheduler.o (rcc_apb2_frequency)
libopencm3/lib\libopencm3_stm32f1.a(rcc_common_all.o)
                              obj/hwinit.o (rcc_periph_clock_enable)
libopencm3/lib\libopencm3_stm32f1.a(rtc.o)
                              obj/main.o (rtc_get_counter_val)
libopencm3/lib\libopencm3_stm32f1.a(spi_common_all.o)
                              obj/hwinit.o (spi_reset)
libopencm3/lib\libopencm3_stm32f1.a(spi_common_v1.o)
                              obj/hwinit.o (spi_init_master)
libopencm3/lib\libopencm3_stm32f1.a(timer_common_all.o)
                              obj/stm32scheduler.o (timer_enable_irq)
libopencm3/lib\libopencm3_stm32f1.a(usart_common_all.o)
                              obj/hwinit.o (usart_set_baudrate)
libopencm3/lib\libopencm3_stm32f1.a(usart_common_f124.o)
                              libopencm3/lib\libopencm3_stm32f1.a(usart_common_all.o) (usart_send)
libopencm3/lib\libopencm3_stm32f1.a(vector.o)
                              (reset_handler)
libopencm3/lib\libopencm3_stm32f1.a(scb.o)
                              obj/terminalcommands.o (scb_reset_system)
libopencm3/lib\libopencm3_stm32f1.a(nvic.o)
                              obj/hwinit.o (nvic_enable_irq)
libopencm3/lib\libopencm3_stm32f1.a(assert.o)
                              libopencm3/lib\libopencm3_stm32f1.a(rcc.o) (cm3_assert_failed)
libopencm3/lib\libopencm3_stm32f1.a(pwr_common_v1.o)
                              libopencm3/lib\libopencm3_stm32f1.a(rtc.o) (pwr_disable_backup_domain_write_protect)
C:/msys64/mingw64/bin/../lib/gcc/arm-none-eabi/13.3.0/thumb/v7/nofp\libgcc.a(_arm_muldf3.o)
                              obj/BatMan.o (__aeabi_dmul)
C:/msys64/mingw64/bin/../lib/gcc/arm-none-eabi/13.3.0/thumb/v7/nofp\libgcc.a(_arm_mulsf3.o)
                              obj/main.o (__aeabi_fmul)
C:/msys64/mingw64/bin/../lib/gcc/arm-none-eabi/13.3.0/thumb/v7/nofp\libgcc.a(_arm_addsubdf3.o)
                              obj/BatMan.o (__aeabi_dsub)
C:/msys64/mingw64/bin/../lib/gcc/arm-none-eabi/13.3.0/thumb/v7/nofp\libgcc.a(_arm_muldivdf3.o)
                              obj/BatMan.o (__aeabi_ddiv)
C:/msys64/mingw64/bin/../lib/gcc/arm-none-eabi/13.3.0/thumb/v7/nofp\libgcc.a(_arm_fixdfsi.o)
                              obj/BatMan.o (__aeabi_d2iz)
C:/msys64/mingw64/bin/../lib/gcc/arm-none-eabi/13.3.0/thumb/v7/nofp\libgcc.a(_arm_fixunsdfsi.o)
                              obj/BatMan.o (__aeabi_d2uiz)
C:/msys64/mingw64/bin/../lib/gcc/arm-none-eabi/13.3.0/thumb/v7/nofp\libgcc.a(_arm_truncdfsf2.o)
                              obj/BatMan.o (__aeabi_d2f)
C:/msys64/mingw64/bin/../lib/gcc/arm-none-eabi/13.3.0/thumb/v7/nofp\libgcc.a(_arm_addsubsf3.o)
                              obj/main.o (__aeabi_fsub)
C:/msys64/mingw64/bin/../lib/gcc/arm-none-eabi/13.3.0/thumb/v7/nofp\libgcc.a(_arm_muldivsf3.o)
                              obj/main.o (__aeabi_fdiv)
C:/msys64/mingw64/bin/../lib/gcc/arm-none-eabi/13.3.0/thumb/v7/nofp\libgcc.a(_arm_cmpsf2.o)
                              obj/BatMan.o (__aeabi_fcmpeq)
C:/msys64/mingw64/bin/../lib/gcc/arm-none-eabi/13.3.0/thumb/v7/nofp\libgcc.a(_arm_fixsfsi.o)
                              obj/params.o (__aeabi_f2iz)
C:/msys64/mingw64/bin/../lib/gcc/arm-none-eabi/13.3.0/thumb/v7/nofp\libgcc.a(_arm_fixunssfsi.o)
                              obj/cansdo.o (__aeabi_f2uiz)
[...]
Memory Configuration

Name             Origin             Length             Attributes
rom              0x08001000         0x0001e000         xr
ram              0x20000000         0x00005000         xrw
*default*        0x00000000         0xffffffff

Linker script and memory map

LOAD obj/main.o
LOAD obj/hwinit.o
LOAD obj/stm32scheduler.o
LOAD obj/params.o
LOAD obj/terminal.o
LOAD obj/terminal_prj.o
LOAD obj/my_string.o
LOAD obj/digio.o
LOAD obj/sine_core.o
LOAD obj/my_fp.o
LOAD obj/printf.o
LOAD obj/anain.o
LOAD obj/param_save.o
LOAD obj/errormessage.o
LOAD obj/stm32_can.o
LOAD obj/canhardware.o
LOAD obj/canmap.o
LOAD obj/picontroller.o
LOAD obj/terminalcommands.o
LOAD obj/BatMan.o
LOAD obj/ModelS.o
LOAD obj/cansdo.o
LOAD obj/BMSUtil.o
LOAD obj/isa_shunt.o
LOAD libopencm3/lib\libopencm3_stm32f1.a
START GROUP
LOAD C:/msys64/mingw64/bin/../lib/gcc/arm-none-eabi/13.3.0/thumb/v7/nofp\libgcc.a
LOAD C:/msys64/mingw64/bin/../lib/gcc/arm-none-eabi/13.3.0/../../../../arm-none-eabi/lib/thumb/v7/nofp\libc.a
END GROUP

.text           0x08001000     0x912c
 *(.vectors)
 .vectors       0x08001000      0x150 libopencm3/lib\libopencm3_stm32f1.a(vector.o)
                0x08001000                vector_table
 *(.text*)
 .text._ZN23FunctionPointerCallback8HandleRxEmPmh
                0x08001150       0x10 obj/main.o
                0x08001150                FunctionPointerCallback::HandleRx(unsigned long, unsigned long*, unsigned char)
 .text._ZN23FunctionPointerCallback11HandleClearEv
                0x08001160        0x8 obj/main.o
                0x08001160                FunctionPointerCallback::HandleClear()
 .text._ZL9Ms200Taskv
                0x08001168        0x2 obj/main.o
 *fill*         0x0800116a        0x2 
 .text._ZL13SetCanFiltersv
                0x0800116c       0x34 obj/main.o
 .text.__cxa_pure_virtual
                0x080011a0        0x2 obj/main.o
                0x080011a0                __cxa_pure_virtual
 *fill*         0x080011a2        0x2 
 .text.ProcessUdc
                0x080011a4       0xd0 obj/main.o
                0x080011a4                ProcessUdc
 .text._ZL8Ms10Taskv
                0x08001274       0x10 obj/main.o
 .text.Can_Tasks
                0x08001284       0x4c obj/main.o
                0x08001284                Can_Tasks
 .text._ZL9Ms100Taskv
                0x080012d0      0x17c obj/main.o
 .text._Z9DecodeCANiPm
                0x0800144c       0x14 obj/main.o
                0x0800144c                DecodeCAN(int, unsigned long*)
 .text._ZL11CanCallbackmPmh
                0x08001460       0x30 obj/main.o
 .text._ZN5Param6ChangeENS_9PARAM_NUME
                0x08001490       0x38 obj/main.o
                0x08001490                Param::Change(Param::PARAM_NUM)
 .text.tim2_isr
                0x080014c8       0x10 obj/main.o
                0x080014c8                tim2_isr
 .text.main     0x080014d8      0x238 obj/main.o
                0x080014d8                main
 .text.clock_setup
                0x08001710       0x8c obj/hwinit.o
                0x08001710                clock_setup
 .text.write_bootloader_pininit
                0x0800179c       0x90 obj/hwinit.o
                0x0800179c                write_bootloader_pininit
 .text.nvic_setup
                0x0800182c       0x12 obj/hwinit.o
                0x0800182c                nvic_setup
 .text.rtc_setup
                0x0800183e       0x14 obj/hwinit.o
                0x0800183e                rtc_setup
 *fill*         0x08001852        0x2 
 .text.spi1_setup
                0x08001854       0x94 obj/hwinit.o
                0x08001854                spi1_setup
 .text.usart1_setup
                0x080018e8       0x58 obj/hwinit.o
                0x080018e8                usart1_setup
 .text.tim3_setup
                0x08001940       0xc8 obj/hwinit.o
                0x08001940                tim3_setup
 .text._ZN14Stm32SchedulerC2Em
                0x08001a08       0x44 obj/stm32scheduler.o
                0x08001a08                Stm32Scheduler::Stm32Scheduler(unsigned long)
                0x08001a08                Stm32Scheduler::Stm32Scheduler(unsigned long)
 .text._ZN14Stm32Scheduler7AddTaskEPFvvEt
                0x08001a4c       0x6c obj/stm32scheduler.o
                0x08001a4c                Stm32Scheduler::AddTask(void (*)(), unsigned short)
 .text._ZN14Stm32Scheduler3RunEv
                0x08001ab8       0x70 obj/stm32scheduler.o
                0x08001ab8                Stm32Scheduler::Run()
 .text._ZN14Stm32Scheduler10GetCpuLoadEv
                0x08001b28       0x30 obj/stm32scheduler.o
                0x08001b28                Stm32Scheduler::GetCpuLoad()
 .text._ZN5Param3SetENS_9PARAM_NUMEl
                0x08001b58       0x3c obj/params.o
                0x08001b58                Param::Set(Param::PARAM_NUM, long)
 .text._ZN5Param3GetENS_9PARAM_NUME
                0x08001b94        0xc obj/params.o
                0x08001b94                Param::Get(Param::PARAM_NUM)
 .text._ZN5Param6GetIntENS_9PARAM_NUME
                0x08001ba0       0x10 obj/params.o
                0x08001ba0                Param::GetInt(Param::PARAM_NUM)
 .text._ZN5Param8GetFloatENS_9PARAM_NUME
                0x08001bb0       0x1c obj/params.o
                0x08001bb0                Param::GetFloat(Param::PARAM_NUM)
 .text._ZN5Param6SetIntENS_9PARAM_NUMEi
                0x08001bcc       0x10 obj/params.o
                0x08001bcc                Param::SetInt(Param::PARAM_NUM, int)
 .text._ZN5Param8SetFixedENS_9PARAM_NUMEl
                0x08001bdc        0xc obj/params.o
                0x08001bdc                Param::SetFixed(Param::PARAM_NUM, long)
 .text._ZN5Param8SetFloatENS_9PARAM_NUMEf
                0x08001be8       0x20 obj/params.o
                0x08001be8                Param::SetFloat(Param::PARAM_NUM, float)
 .text._ZN5Param13NumFromStringEPKc
                0x08001c08       0x28 obj/params.o
                0x08001c08                Param::NumFromString(char const*)
 .text._ZN5Param9NumFromIdEm
                0x08001c30       0x20 obj/params.o
                0x08001c30                Param::NumFromId(unsigned long)
 .text._ZN5Param9GetAttribENS_9PARAM_NUME
                0x08001c50       0x10 obj/params.o
                0x08001c50                Param::GetAttrib(Param::PARAM_NUM)
 .text._ZN5Param12LoadDefaultsEv
                0x08001c60       0x28 obj/params.o
                0x08001c60                Param::LoadDefaults()
 .text._ZN5Param11SetFlagsRawENS_9PARAM_NUMEh
                0x08001c88        0xc obj/params.o
                0x08001c88                Param::SetFlagsRaw(Param::PARAM_NUM, unsigned char)
 .text._ZN5Param7SetFlagENS_9PARAM_NUMENS_10PARAM_FLAGE
                0x08001c94       0x10 obj/params.o
                0x08001c94                Param::SetFlag(Param::PARAM_NUM, Param::PARAM_FLAG)
 .text._ZN5Param9ClearFlagENS_9PARAM_NUMENS_10PARAM_FLAGE
                0x08001ca4       0x10 obj/params.o
                0x08001ca4                Param::ClearFlag(Param::PARAM_NUM, Param::PARAM_FLAG)
 .text._ZN5Param7GetFlagENS_9PARAM_NUME
                0x08001cb4        0xc obj/params.o
                0x08001cb4                Param::GetFlag(Param::PARAM_NUM)
 .text._ZN5Param7GetTypeENS_9PARAM_NUME
                0x08001cc0       0x14 obj/params.o
                0x08001cc0                Param::GetType(Param::PARAM_NUM)
 .text._ZN5Param8GetIdSumEv
                0x08001cd4        0x8 obj/params.o
                0x08001cd4                Param::GetIdSum()
 .text._ZN8Terminal10KeyPressedEv
                0x08001cdc        0xc obj/terminal.o
                0x08001cdc                Terminal::KeyPressed()
 .text._ZN8Terminal10FlushInputEv
                0x08001ce8        0xa obj/terminal.o
                0x08001ce8                Terminal::FlushInput()
 .text._ZN8Terminal8ResetDMAEv
                0x08001cf2       0x34 obj/terminal.o
                0x08001cf2                Terminal::ResetDMA()
 *fill*         0x08001d26        0x2 
 .text._ZN8TerminalC2EmPK8TERM_CMDb
                0x08001d28      0x154 obj/terminal.o
                0x08001d28                Terminal::Terminal(unsigned long, TERM_CMD const*, bool)
                0x08001d28                Terminal::Terminal(unsigned long, TERM_CMD const*, bool)
 .text._ZN8Terminal9CmdLookupEPc
                0x08001e7c       0x2a obj/terminal.o
                0x08001e7c                Terminal::CmdLookup(char*)
 .text._ZN8Terminal4SendEPKc
                0x08001ea6       0x18 obj/terminal.o
                0x08001ea6                Terminal::Send(char const*)
 *fill*         0x08001ebe        0x2 
 .text._ZN8Terminal10EnableUartEPc
                0x08001ec0       0x70 obj/terminal.o
                0x08001ec0                Terminal::EnableUart(char*)
 .text._ZN8Terminal8FastUartEPc
                0x08001f30       0x78 obj/terminal.o
                0x08001f30                Terminal::FastUart(char*)
 .text._ZN8Terminal3RunEv
                0x08001fa8      0x13c obj/terminal.o
                0x08001fa8                Terminal::Run()
 .text._ZN8Terminal17SendCurrentBufferEm
                0x080020e4       0x82 obj/terminal.o
                0x080020e4                Terminal::SendCurrentBuffer(unsigned long)
 .text._ZN8Terminal7PutCharEc
                0x08002166       0x4c obj/terminal.o
                0x08002166                Terminal::PutChar(char)
 *fill*         0x080021b2        0x2 
 .text.putchar  0x080021b4       0x18 obj/terminal.o
                0x080021b4                putchar
 .text._ZL4HelpP8TerminalPc
                0x080021cc        0x2 obj/terminal_prj.o
 .text._ZL11PrintErrorsP8TerminalPc
                0x080021ce        0x8 obj/terminal_prj.o
 *fill*         0x080021d6        0x2 
 .text._ZL11PrintSerialP8TerminalPc
                0x080021d8       0x28 obj/terminal_prj.o
 .text._ZL12LoadDefaultsP8TerminalPc
                0x08002200       0x18 obj/terminal_prj.o
 .text._ZN16TerminalCommands15PrintParamsJsonEP8TerminalPc
                0x08002218        0x8 obj/terminal_prj.o
                0x08002218                TerminalCommands::PrintParamsJson(Terminal*, char*)
 .text.my_strcmp
                0x08002220       0x1c obj/my_string.o
                0x08002220                my_strcmp
 .text.my_strcpy
                0x0800223c       0x12 obj/my_string.o
                0x0800223c                my_strcpy
 .text.my_strlen
                0x0800224e        0xe obj/my_string.o
                0x0800224e                my_strlen
 .text.my_strchr
                0x0800225c       0x10 obj/my_string.o
                0x0800225c                my_strchr
 .text.my_ltoa  0x0800226c       0x56 obj/my_string.o
                0x0800226c                my_ltoa
 .text.my_atoi  0x080022c2       0x30 obj/my_string.o
                0x080022c2                my_atoi
 *fill*         0x080022f2        0x2 
 .text.my_trim  0x080022f4       0x54 obj/my_string.o
                0x080022f4                my_trim
 .text.memcpy32
                0x08002348       0x16 obj/my_string.o
                0x08002348                memcpy32
 .text.memset32
                0x0800235e        0xc obj/my_string.o
                0x0800235e                memset32
 .text._ZN5DigIo9ConfigureEmtN7PinMode7PinModeE
                0x0800236a       0x62 obj/digio.o
                0x0800236a                DigIo::Configure(unsigned long, unsigned short, PinMode::PinMode)
 .text._Z41__static_initialization_and_destruction_0v
                0x080023cc       0x10 obj/sine_core.o
 .text._GLOBAL__sub_I__ZN8SineCore8minPulseE
                0x080023dc        0x8 obj/sine_core.o
 .text.fp_itoa  0x080023e4       0x5a obj/my_fp.o
                0x080023e4                fp_itoa
 .text.fp_atoi  0x0800243e       0x62 obj/my_fp.o
                0x0800243e                fp_atoi
 .text._ZL6printsP8IPutCharPKcii
                0x080024a0       0x86 obj/printf.o
 .text._ZL6printiP8IPutChariiiiii
                0x08002526       0xae obj/printf.o
 .text._ZN13ExternPutChar7PutCharEc
                0x080025d4        0xa obj/printf.o
                0x080025d4                ExternPutChar::PutChar(char)
 .text._ZL7printfpP8IPutChariii
                0x080025de       0x20 obj/printf.o
 *fill*         0x080025fe        0x2 
 .text._ZL5printP8IPutCharPKcSt9__va_list
                0x08002600      0x16c obj/printf.o
 .text._Z6printfPKcz
                0x0800276c       0x28 obj/printf.o
                0x0800276c                printf(char const*, ...)
 .text._Z7fprintfP8IPutCharPKcz
                0x08002794       0x1c obj/printf.o
                0x08002794                fprintf(IPutChar*, char const*, ...)
 .text._Z41__static_initialization_and_destruction_0v
                0x080027b0       0x1c obj/anain.o
 .text._ZN5AnaIn5StartEv
                0x080027cc       0xc4 obj/anain.o
                0x080027cc                AnaIn::Start()
 .text._ZN5AnaIn7median3Eiii
                0x08002890       0x24 obj/anain.o
                0x08002890                AnaIn::median3(int, int, int)
 .text._ZN5AnaIn3GetEv
                0x080028b4       0x44 obj/anain.o
                0x080028b4                AnaIn::Get()
 .text._ZN5AnaIn13AdcChFromPortEmi
                0x080028f8       0x44 obj/anain.o
                0x080028f8                AnaIn::AdcChFromPort(unsigned long, int)
 .text._ZN5AnaIn9ConfigureEmh
                0x0800293c       0x38 obj/anain.o
                0x0800293c                AnaIn::Configure(unsigned long, unsigned char)
 .text._GLOBAL__sub_I__ZN5AnaIn13channel_arrayE
                0x08002974        0x8 obj/anain.o
 .text._ZL15GetFlashAddressv
                0x0800297c       0x12 obj/param_save.o
 .text.parm_save
                0x0800298e       0xb6 obj/param_save.o
                0x0800298e                parm_save
 .text.parm_load
                0x08002a44       0x5c obj/param_save.o
                0x08002a44                parm_load
 .text._ZN12ErrorMessage7SetTimeEm
                0x08002aa0        0xc obj/errormessage.o
                0x08002aa0                ErrorMessage::SetTime(unsigned long)
 .text._ZN12ErrorMessage10PrintErrorEm17ERROR_MESSAGE_NUM
                0x08002aac       0x2c obj/errormessage.o
                0x08002aac                ErrorMessage::PrintError(unsigned long, ERROR_MESSAGE_NUM)
 .text._ZN12ErrorMessage14PrintAllErrorsEv
                0x08002ad8       0x3c obj/errormessage.o
                0x08002ad8                ErrorMessage::PrintAllErrors()
 .text._ZN8Stm32Can11SetBaudrateEN11CanHardware9baudratesE
                0x08002b14       0x48 obj/stm32_can.o
                0x08002b14                Stm32Can::SetBaudrate(CanHardware::baudrates)
 .text._ZN8Stm32Can4SendEmPmh
                0x08002b5c       0x78 obj/stm32_can.o
                0x08002b5c                Stm32Can::Send(unsigned long, unsigned long*, unsigned char)
 .text._ZN8Stm32Can12GetInterfaceEi
                0x08002bd4       0x14 obj/stm32_can.o
                0x08002bd4                Stm32Can::GetInterface(int)
 .text._ZN8Stm32Can13HandleMessageEi
                0x08002be8       0x54 obj/stm32_can.o
                0x08002be8                Stm32Can::HandleMessage(int)
 .text._ZN8Stm32Can8HandleTxEv
                0x08002c3c       0x64 obj/stm32_can.o
                0x08002c3c                Stm32Can::HandleTx()
 .text._ZN8Stm32Can13SetFilterBankERiS0_Pt
                0x08002ca0       0x56 obj/stm32_can.o
                0x08002ca0                Stm32Can::SetFilterBank(int&, int&, unsigned short*)
 .text._ZN8Stm32Can17SetFilterBankMaskERiS0_Pt
                0x08002cf6       0x5a obj/stm32_can.o
                0x08002cf6                Stm32Can::SetFilterBankMask(int&, int&, unsigned short*)
 .text._ZN8Stm32Can15SetFilterBank29ERiS0_Pm
                0x08002d50       0x38 obj/stm32_can.o
                0x08002d50                Stm32Can::SetFilterBank29(int&, int&, unsigned long*)
 .text._ZN8Stm32Can16ConfigureFiltersEv
                0x08002d88      0x130 obj/stm32_can.o
                0x08002d88                Stm32Can::ConfigureFilters()
 .text._ZN8Stm32CanC2EmN11CanHardware9baudratesEb
                0x08002eb8      0x174 obj/stm32_can.o
                0x08002eb8                Stm32Can::Stm32Can(unsigned long, CanHardware::baudrates, bool)
                0x08002eb8                Stm32Can::Stm32Can(unsigned long, CanHardware::baudrates, bool)
 .text.usb_lp_can_rx0_isr
                0x0800302c       0x10 obj/stm32_can.o
                0x0800302c                usb_lp_can_rx0_isr
 .text.can_rx1_isr
                0x0800303c       0x10 obj/stm32_can.o
                0x0800303c                can_rx1_isr
 .text.usb_hp_can_tx_isr
                0x0800304c        0xe obj/stm32_can.o
                0x0800304c                usb_hp_can_tx_isr
 .text.can2_rx0_isr
                0x0800305a       0x10 obj/stm32_can.o
                0x0800305a                can2_rx0_isr
 .text.can2_rx1_isr
                0x0800306a       0x10 obj/stm32_can.o
                0x0800306a                can2_rx1_isr
 .text.can2_tx_isr
                0x0800307a        0xe obj/stm32_can.o
                0x0800307a                can2_tx_isr
 .text._ZN12NullCallback8HandleRxEmPmh
                0x08003088        0x4 obj/canhardware.o
                0x08003088                NullCallback::HandleRx(unsigned long, unsigned long*, unsigned char)
 .text._ZN12NullCallback11HandleClearEv
                0x0800308c        0x2 obj/canhardware.o
                0x0800308c                NullCallback::HandleClear()
 *fill*         0x0800308e        0x2 
 .text._ZN11CanHardwareC2Ev
                0x08003090       0x2c obj/canhardware.o
                0x08003090                CanHardware::CanHardware()
                0x08003090                CanHardware::CanHardware()
 .text._ZN11CanHardware11AddCallbackEP11CanCallback
                0x080030bc       0x1e obj/canhardware.o
                0x080030bc                CanHardware::AddCallback(CanCallback*)
 .text._ZN11CanHardware19RegisterUserMessageEmm
                0x080030da       0x46 obj/canhardware.o
                0x080030da                CanHardware::RegisterUserMessage(unsigned long, unsigned long)
 .text._ZN11CanHardware17ClearUserMessagesEv
                0x08003120       0x2c obj/canhardware.o
                0x08003120                CanHardware::ClearUserMessages()
 .text._ZN11CanHardware8HandleRxEmPmh
                0x0800314c       0x38 obj/canhardware.o
                0x0800314c                CanHardware::HandleRx(unsigned long, unsigned long*, unsigned char)
 .text._ZN6CanMap11HandleClearEv
                0x08003184       0x26 obj/canmap.o
                0x08003184                CanMap::HandleClear()
 *fill*         0x080031aa        0x2 
 .text._ZN6CanMap7SendAllEv
                0x080031ac       0xa8 obj/canmap.o
                0x080031ac                CanMap::SendAll()
 .text._ZN6CanMap6RemoveEbhh
                0x08003254       0x9e obj/canmap.o
                0x08003254                CanMap::Remove(bool, unsigned char, unsigned char)
 .text._ZN6CanMap6RemoveEN5Param9PARAM_NUME
                0x080032f2       0x80 obj/canmap.o
                0x080032f2                CanMap::Remove(Param::PARAM_NUM)
 .text._ZN6CanMap7FindMapEN5Param9PARAM_NUMERmRhS3_RfRaRb
                0x08003372       0x8a obj/canmap.o
                0x08003372                CanMap::FindMap(Param::PARAM_NUM, unsigned long&, unsigned char&, unsigned char&, float&, signed char&, bool&)
 .text._ZN6CanMap6GetMapEbhhRm
                0x080033fc       0x58 obj/canmap.o
                0x080033fc                CanMap::GetMap(bool, unsigned char, unsigned char, unsigned long&)
 .text._ZN6CanMap13IterateCanMapEPFvN5Param9PARAM_NUMEmhhfabE
                0x08003454       0x6c obj/canmap.o
                0x08003454                CanMap::IterateCanMap(void (*)(Param::PARAM_NUM, unsigned long, unsigned char, unsigned char, float, signed char, bool))
 .text._ZN6CanMap8ClearMapEPNS_8CANIDMAPE
                0x080034c0       0x30 obj/canmap.o
                0x080034c0                CanMap::ClearMap(CanMap::CANIDMAP*)
 .text._ZN6CanMap5ClearEv
                0x080034f0       0x1e obj/canmap.o
                0x080034f0                CanMap::Clear()
 .text._ZN6CanMap11SaveToFlashEmPmi
                0x0800350e       0x30 obj/canmap.o
                0x0800350e                CanMap::SaveToFlash(unsigned long, unsigned long*, int)
 .text._ZN6CanMap8FindByIdEPNS_8CANIDMAPEm
                0x0800353e       0x22 obj/canmap.o
                0x0800353e                CanMap::FindById(CanMap::CANIDMAP*, unsigned long)
 .text._ZN6CanMap8HandleRxEmPmh
                0x08003560       0xd4 obj/canmap.o
                0x08003560                CanMap::HandleRx(unsigned long, unsigned long*, unsigned char)
 .text._ZN6CanMap3AddEPNS_8CANIDMAPEN5Param9PARAM_NUMEmhhfa
                0x08003634       0xf8 obj/canmap.o
                0x08003634                CanMap::Add(CanMap::CANIDMAP*, Param::PARAM_NUM, unsigned long, unsigned char, unsigned char, float, signed char)
 .text._ZN6CanMap7AddSendEN5Param9PARAM_NUMEmhhfa
                0x0800372c       0x26 obj/canmap.o
                0x0800372c                CanMap::AddSend(Param::PARAM_NUM, unsigned long, unsigned char, unsigned char, float, signed char)
 .text._ZN6CanMap7AddRecvEN5Param9PARAM_NUMEmhhfa
                0x08003752       0x38 obj/canmap.o
                0x08003752                CanMap::AddRecv(Param::PARAM_NUM, unsigned long, unsigned char, unsigned char, float, signed char)
 .text._ZZN6CanMap19LegacyLoadFromFlashEvENKUlPZNS_19LegacyLoadFromFlashEvE15LEGACY_CANIDMAPPNS_8CANIDMAPEbE_clES1_S3_b
                0x0800378a       0x9e obj/canmap.o
 .text._ZN6CanMap15GetFlashAddressEv
                0x08003828       0x12 obj/canmap.o
                0x08003828                CanMap::GetFlashAddress()
 .text._ZN6CanMap19LegacyLoadFromFlashEv
                0x0800383a       0x4a obj/canmap.o
                0x0800383a                CanMap::LegacyLoadFromFlash()
 .text._ZN6CanMap21ReplaceParamEnumByUidEPNS_8CANIDMAPE
                0x08003884       0x42 obj/canmap.o
                0x08003884                CanMap::ReplaceParamEnumByUid(CanMap::CANIDMAP*)
 .text._ZN6CanMap21ReplaceParamUidByEnumEPNS_8CANIDMAPE
                0x080038c6       0x40 obj/canmap.o
                0x080038c6                CanMap::ReplaceParamUidByEnum(CanMap::CANIDMAP*)
 *fill*         0x08003906        0x2 
 .text._ZN6CanMap4SaveEv
                0x08003908       0xbc obj/canmap.o
                0x08003908                CanMap::Save()
 .text._ZN6CanMap13LoadFromFlashEv
                0x080039c4       0x66 obj/canmap.o
                0x080039c4                CanMap::LoadFromFlash()
 *fill*         0x08003a2a        0x2 
 .text._ZN6CanMapC2EP11CanHardware
                0x08003a2c       0x44 obj/canmap.o
                0x08003a2c                CanMap::CanMap(CanHardware*)
                0x08003a2c                CanMap::CanMap(CanHardware*)
 .text._ZN16TerminalCommands11PrintCanMapEN5Param9PARAM_NUMEmhhfab
                0x08003a70       0x80 obj/terminalcommands.o
                0x08003a70                TerminalCommands::PrintCanMap(Param::PARAM_NUM, unsigned long, unsigned char, unsigned char, float, signed char, bool)
 .text._ZN16TerminalCommands8ParamSetEP8TerminalPc
                0x08003af0       0x70 obj/terminalcommands.o
                0x08003af0                TerminalCommands::ParamSet(Terminal*, char*)
 .text._ZN16TerminalCommands8ParamGetEP8TerminalPc
                0x08003b60       0x58 obj/terminalcommands.o
                0x08003b60                TerminalCommands::ParamGet(Terminal*, char*)
 .text._ZN16TerminalCommands9ParamFlagEP8TerminalPc
                0x08003bb8       0xa4 obj/terminalcommands.o
                0x08003bb8                TerminalCommands::ParamFlag(Terminal*, char*)
 .text._ZN16TerminalCommands15PrintParamsJsonEP8IPutCharPc
                0x08003c5c      0x158 obj/terminalcommands.o
                0x08003c5c                TerminalCommands::PrintParamsJson(IPutChar*, char*)
 .text._ZN16TerminalCommands6MapCanEP8TerminalPc
                0x08003db4      0x21c obj/terminalcommands.o
                0x08003db4                TerminalCommands::MapCan(Terminal*, char*)
 .text._ZN16TerminalCommands14SaveParametersEP8TerminalPc
                0x08003fd0       0x4c obj/terminalcommands.o
                0x08003fd0                TerminalCommands::SaveParameters(Terminal*, char*)
 .text._ZN16TerminalCommands14LoadParametersEP8TerminalPc
                0x0800401c       0x30 obj/terminalcommands.o
                0x0800401c                TerminalCommands::LoadParameters(Terminal*, char*)
 .text._ZN16TerminalCommands5ResetEP8TerminalPc
                0x0800404c        0x6 obj/terminalcommands.o
                0x0800404c                TerminalCommands::Reset(Terminal*, char*)
 .text._ZN16TerminalCommands19ParamNamesToIndexesEPcPN5Param9PARAM_NUMEm
                0x08004052       0x48 obj/terminalcommands.o
                0x08004052                TerminalCommands::ParamNamesToIndexes(char*, Param::PARAM_NUM*, unsigned long)
 *fill*         0x0800409a        0x2 
 .text._ZN16TerminalCommands11ParamStreamEP8TerminalPc
                0x0800409c       0xb0 obj/terminalcommands.o
                0x0800409c                TerminalCommands::ParamStream(Terminal*, char*)
 .text._ZN6BATMan8BatStartEv
                0x0800414c       0x14 obj/BatMan.o
                0x0800414c                BATMan::BatStart()
 .text._ZN6BATMan11GetTempDataEv
                0x08004160       0xc8 obj/BatMan.o
                0x08004160                BATMan::GetTempData()
 .text._ZN6BATMan6WakeUPEv
                0x08004228       0x58 obj/BatMan.o
                0x08004228                BATMan::WakeUP()
 .text._ZN6BATMan17Generic_Send_OnceEPth
                0x08004280       0x40 obj/BatMan.o
                0x08004280                BATMan::Generic_Send_Once(unsigned short*, unsigned char)
 .text._ZN6BATMan8IdleWakeEv
                0x080042c0       0x28 obj/BatMan.o
                0x080042c0                BATMan::IdleWake()
 .text._ZN6BATMan15upDateCellVoltsEv
                0x080042e8      0x1cc obj/BatMan.o
                0x080042e8                BATMan::upDateCellVolts()
 *fill*         0x080044b4        0x4 
 .text._ZN6BATMan14upDateAuxVoltsEv
                0x080044b8      0x2c8 obj/BatMan.o
                0x080044b8                BATMan::upDateAuxVolts()
 .text._ZN6BATMan11upDateTempsEv
                0x08004780      0x1b8 obj/BatMan.o
                0x08004780                BATMan::upDateTemps()
 .text._ZN6BATMan7calcCRCEPhh
                0x08004938       0x2c obj/BatMan.o
                0x08004938                BATMan::calcCRC(unsigned char*, unsigned char)
 .text._ZN6BATMan7GetDataEh
                0x08004964      0x3a8 obj/BatMan.o
                0x08004964                BATMan::GetData(unsigned char)
 .text._ZN6BATMan11crc14_bytesEhPhPt
                0x08004d0c       0x40 obj/BatMan.o
                0x08004d0c                BATMan::crc14_bytes(unsigned char, unsigned char*, unsigned short*)
 .text._ZN6BATMan10crc14_bitsEhhPt
                0x08004d4c       0x40 obj/BatMan.o
                0x08004d4c                BATMan::crc14_bits(unsigned char, unsigned char, unsigned short*)
 .text._ZN6BATMan8WriteCfgEv
                0x08004d8c      0x130 obj/BatMan.o
                0x08004d8c                BATMan::WriteCfg()
 .text._ZN6BATMan12StateMachineEv
                0x08004ebc      0x270 obj/BatMan.o
                0x08004ebc                BATMan::StateMachine()
 .text._ZN6BATMan4loopEv
                0x0800512c        0x8 obj/BatMan.o
                0x0800512c                BATMan::loop()
 .text._ZN6CanSdo7PutCharEc
                0x08005134       0x1c obj/cansdo.o
                0x08005134                CanSdo::PutChar(char)
 .text._ZThn4_N6CanSdo7PutCharEc
                0x08005150        0x8 obj/cansdo.o
                0x08005150                non-virtual thunk to CanSdo::PutChar(char)
 .text._ZN6CanSdo11HandleClearEv
                0x08005158       0x28 obj/cansdo.o
                0x08005158                CanSdo::HandleClear()
 .text._ZN6CanSdoC2EP11CanHardwareP6CanMap
                0x08005180       0x48 obj/cansdo.o
                0x08005180                CanSdo::CanSdo(CanHardware*, CanMap*)
                0x08005180                CanSdo::CanSdo(CanHardware*, CanMap*)
 .text._ZN6CanSdo9SetNodeIdEh
                0x080051c8        0xc obj/cansdo.o
                0x080051c8                CanSdo::SetNodeId(unsigned char)
 .text._ZN6CanSdo24ProcessSpecialSDOObjectsEPNS_7CAN_SDOE
                0x080051d4      0x124 obj/cansdo.o
                0x080051d4                CanSdo::ProcessSpecialSDOObjects(CanSdo::CAN_SDO*)
 .text._ZN6CanSdo18ReadOrDeleteCanMapEPNS_7CAN_SDOE
                0x080052f8       0xdc obj/cansdo.o
                0x080052f8                CanSdo::ReadOrDeleteCanMap(CanSdo::CAN_SDO*)
 .text._ZN6CanSdo9AddCanMapEPNS_7CAN_SDOEb
                0x080053d4       0xec obj/cansdo.o
                0x080053d4                CanSdo::AddCanMap(CanSdo::CAN_SDO*, bool)
 .text._ZN6CanSdo10ProcessSDOEPm
                0x080054c0      0x12e obj/cansdo.o
                0x080054c0                CanSdo::ProcessSDO(unsigned long*)
 .text._ZN6CanSdo8HandleRxEmPmh
                0x080055ee       0x3c obj/cansdo.o
                0x080055ee                CanSdo::HandleRx(unsigned long, unsigned long*, unsigned char)
 *fill*         0x0800562a        0x2 
 .text._ZN7BMSUtil22EstimateSocFromVoltageEv
                0x0800562c       0x80 obj/BMSUtil.o
                0x0800562c                BMSUtil::EstimateSocFromVoltage()
 .text._ZN7BMSUtil9UpdateSOCEv
                0x080056ac       0xc0 obj/BMSUtil.o
                0x080056ac                BMSUtil::UpdateSOC()
 .text._ZL5delayv
                0x0800576c       0x14 obj/isa_shunt.o
 .text._ZN3ISA19RegisterCanMessagesEP11CanHardware
                0x08005780       0x64 obj/isa_shunt.o
                0x08005780                ISA::RegisterCanMessages(CanHardware*)
 .text._ZN3ISA4STOPEP11CanHardware
                0x080057e4       0x3c obj/isa_shunt.o
                0x080057e4                ISA::STOP(CanHardware*)
 .text._ZN3ISA9sendSTOREEP11CanHardware
                0x08005820       0x3a obj/isa_shunt.o
                0x08005820                ISA::sendSTORE(CanHardware*)
 .text._ZN3ISA5STARTEP11CanHardware
                0x0800585a       0x3c obj/isa_shunt.o
                0x0800585a                ISA::START(CanHardware*)
 *fill*         0x08005896        0x2 
 .text._ZN3ISA10initializeEP11CanHardware
                0x08005898       0x78 obj/isa_shunt.o
                0x08005898                ISA::initialize(CanHardware*)
 .text._ZN3ISA9handle521EPm
                0x08005910       0x20 obj/isa_shunt.o
                0x08005910                ISA::handle521(unsigned long*)
 .text._ZN3ISA9handle522EPm
                0x08005930       0x20 obj/isa_shunt.o
                0x08005930                ISA::handle522(unsigned long*)
 .text._ZN3ISA9handle523EPm
                0x08005950       0x20 obj/isa_shunt.o
                0x08005950                ISA::handle523(unsigned long*)
 .text._ZN3ISA9handle524EPm
                0x08005970       0x20 obj/isa_shunt.o
                0x08005970                ISA::handle524(unsigned long*)
 .text._ZN3ISA9handle525EPm
                0x08005990       0x3c obj/isa_shunt.o
                0x08005990                ISA::handle525(unsigned long*)
 .text._ZN3ISA9handle526EPm
                0x080059cc       0x20 obj/isa_shunt.o
                0x080059cc                ISA::handle526(unsigned long*)
 .text._ZN3ISA9handle527EPm
                0x080059ec       0x20 obj/isa_shunt.o
                0x080059ec                ISA::handle527(unsigned long*)
 .text._ZN3ISA9handle528EPm
                0x08005a0c       0x20 obj/isa_shunt.o
                0x08005a0c                ISA::handle528(unsigned long*)
 .text._ZN3ISA9DecodeCANEiPm
                0x08005a2c       0x4a obj/isa_shunt.o
                0x08005a2c                ISA::DecodeCAN(int, unsigned long*)
 .text.adc_power_on
                0x08005a76       0x10 libopencm3/lib\libopencm3_stm32f1.a(adc.o)
                0x08005a76                adc_power_on
 .text.adc_start_conversion_direct
                0x08005a86       0x10 libopencm3/lib\libopencm3_stm32f1.a(adc.o)
                0x08005a86                adc_start_conversion_direct
 *fill*         0x08005a96        0x2 
 .text.adc_enable_temperature_sensor
                0x08005a98       0x14 libopencm3/lib\libopencm3_stm32f1.a(adc.o)
                0x08005a98                adc_enable_temperature_sensor
 .text.adc_reset_calibration
                0x08005aac       0x14 libopencm3/lib\libopencm3_stm32f1.a(adc.o)
                0x08005aac                adc_reset_calibration
 .text.adc_calibrate_async
                0x08005ac0        0xa libopencm3/lib\libopencm3_stm32f1.a(adc.o)
                0x08005ac0                adc_calibrate_async
 .text.adc_is_calibrating
                0x08005aca        0x8 libopencm3/lib\libopencm3_stm32f1.a(adc.o)
                0x08005aca                adc_is_calibrating
 .text.adc_calibrate
                0x08005ad2       0x14 libopencm3/lib\libopencm3_stm32f1.a(adc.o)
                0x08005ad2                adc_calibrate
 .text.adc_set_sample_time_on_all_channels
                0x08005ae6       0x2a libopencm3/lib\libopencm3_stm32f1.a(adc.o)
                0x08005ae6                adc_set_sample_time_on_all_channels
 .text.adc_power_off
                0x08005b10        0xa libopencm3/lib\libopencm3_stm32f1.a(adc_common_v1.o)
                0x08005b10                adc_power_off
 .text.adc_enable_scan_mode
                0x08005b1a        0xa libopencm3/lib\libopencm3_stm32f1.a(adc_common_v1.o)
                0x08005b1a                adc_enable_scan_mode
 .text.adc_set_right_aligned
                0x08005b24        0xa libopencm3/lib\libopencm3_stm32f1.a(adc_common_v1.o)
                0x08005b24                adc_set_right_aligned
 .text.adc_set_continuous_conversion_mode
                0x08005b2e        0xa libopencm3/lib\libopencm3_stm32f1.a(adc_common_v1.o)
                0x08005b2e                adc_set_continuous_conversion_mode
 .text.adc_set_regular_sequence
                0x08005b38       0x5c libopencm3/lib\libopencm3_stm32f1.a(adc_common_v1.o)
                0x08005b38                adc_set_regular_sequence
 .text.adc_enable_dma
                0x08005b94        0xa libopencm3/lib\libopencm3_stm32f1.a(adc_common_v1.o)
                0x08005b94                adc_enable_dma
 *fill*         0x08005b9e        0x2 
 .text.can_reset
                0x08005ba0       0x18 libopencm3/lib\libopencm3_stm32f1.a(can.o)
                0x08005ba0                can_reset
 .text.can_init
                0x08005bb8      0x12a libopencm3/lib\libopencm3_stm32f1.a(can.o)
                0x08005bb8                can_init
 *fill*         0x08005ce2        0x2 
 .text.can_filter_init
                0x08005ce4       0x98 libopencm3/lib\libopencm3_stm32f1.a(can.o)
                0x08005ce4                can_filter_init
 .text.can_filter_id_mask_16bit_init
                0x08005d7c       0x20 libopencm3/lib\libopencm3_stm32f1.a(can.o)
                0x08005d7c                can_filter_id_mask_16bit_init
 .text.can_filter_id_list_16bit_init
                0x08005d9c       0x20 libopencm3/lib\libopencm3_stm32f1.a(can.o)
                0x08005d9c                can_filter_id_list_16bit_init
 .text.can_filter_id_list_32bit_init
                0x08005dbc       0x1a libopencm3/lib\libopencm3_stm32f1.a(can.o)
                0x08005dbc                can_filter_id_list_32bit_init
 .text.can_enable_irq
                0x08005dd6        0x8 libopencm3/lib\libopencm3_stm32f1.a(can.o)
                0x08005dd6                can_enable_irq
 .text.can_disable_irq
                0x08005dde        0xa libopencm3/lib\libopencm3_stm32f1.a(can.o)
                0x08005dde                can_disable_irq
 .text.can_transmit
                0x08005de8       0xca libopencm3/lib\libopencm3_stm32f1.a(can.o)
                0x08005de8                can_transmit
 .text.can_fifo_release
                0x08005eb2       0x16 libopencm3/lib\libopencm3_stm32f1.a(can.o)
                0x08005eb2                can_fifo_release
 .text.can_fifo_pending
                0x08005ec8        0xe libopencm3/lib\libopencm3_stm32f1.a(can.o)
                0x08005ec8                can_fifo_pending
 .text.can_receive
                0x08005ed6       0xb8 libopencm3/lib\libopencm3_stm32f1.a(can.o)
                0x08005ed6                can_receive
 *fill*         0x08005f8e        0x2 
 .text.crc_reset
                0x08005f90       0x10 libopencm3/lib\libopencm3_stm32f1.a(crc_common_all.o)
                0x08005f90                crc_reset
 .text.crc_calculate
                0x08005fa0        0xc libopencm3/lib\libopencm3_stm32f1.a(crc_common_all.o)
                0x08005fa0                crc_calculate
 .text.crc_calculate_block
                0x08005fac       0x1c libopencm3/lib\libopencm3_stm32f1.a(crc_common_all.o)
                0x08005fac                crc_calculate_block
 .text.desig_get_flash_size
                0x08005fc8        0xc libopencm3/lib\libopencm3_stm32f1.a(desig_common_v1.o)
                0x08005fc8                desig_get_flash_size
 .text.dma_channel_reset
                0x08005fd4       0x20 libopencm3/lib\libopencm3_stm32f1.a(dma_common_l1f013.o)
                0x08005fd4                dma_channel_reset
 .text.dma_clear_interrupt_flags
                0x08005ff4        0xa libopencm3/lib\libopencm3_stm32f1.a(dma_common_l1f013.o)
                0x08005ff4                dma_clear_interrupt_flags
 .text.dma_get_interrupt_flag
                0x08005ffe       0x12 libopencm3/lib\libopencm3_stm32f1.a(dma_common_l1f013.o)
                0x08005ffe                dma_get_interrupt_flag
 .text.dma_set_memory_size
                0x08006010       0x18 libopencm3/lib\libopencm3_stm32f1.a(dma_common_l1f013.o)
                0x08006010                dma_set_memory_size
 .text.dma_set_peripheral_size
                0x08006028       0x18 libopencm3/lib\libopencm3_stm32f1.a(dma_common_l1f013.o)
                0x08006028                dma_set_peripheral_size
 .text.dma_enable_memory_increment_mode
                0x08006040       0x12 libopencm3/lib\libopencm3_stm32f1.a(dma_common_l1f013.o)
                0x08006040                dma_enable_memory_increment_mode
 .text.dma_enable_circular_mode
                0x08006052       0x1a libopencm3/lib\libopencm3_stm32f1.a(dma_common_l1f013.o)
                0x08006052                dma_enable_circular_mode
 .text.dma_set_read_from_memory
                0x0800606c       0x12 libopencm3/lib\libopencm3_stm32f1.a(dma_common_l1f013.o)
                0x0800606c                dma_set_read_from_memory
 .text.dma_enable_channel
                0x0800607e       0x12 libopencm3/lib\libopencm3_stm32f1.a(dma_common_l1f013.o)
                0x0800607e                dma_enable_channel
 .text.dma_disable_channel
                0x08006090       0x12 libopencm3/lib\libopencm3_stm32f1.a(dma_common_l1f013.o)
                0x08006090                dma_disable_channel
 .text.dma_set_peripheral_address
                0x080060a2       0x12 libopencm3/lib\libopencm3_stm32f1.a(dma_common_l1f013.o)
                0x080060a2                dma_set_peripheral_address
 .text.dma_set_memory_address
                0x080060b4       0x12 libopencm3/lib\libopencm3_stm32f1.a(dma_common_l1f013.o)
                0x080060b4                dma_set_memory_address
 .text.dma_get_number_of_data
                0x080060c6        0xe libopencm3/lib\libopencm3_stm32f1.a(dma_common_l1f013.o)
                0x080060c6                dma_get_number_of_data
 .text.dma_set_number_of_data
                0x080060d4        0xc libopencm3/lib\libopencm3_stm32f1.a(dma_common_l1f013.o)
                0x080060d4                dma_set_number_of_data
 .text.flash_get_status_flags
                0x080060e0       0x20 libopencm3/lib\libopencm3_stm32f1.a(flash.o)
                0x080060e0                flash_get_status_flags
 .text.flash_program_half_word
                0x08006100       0x64 libopencm3/lib\libopencm3_stm32f1.a(flash.o)
                0x08006100                flash_program_half_word
 .text.flash_erase_page
                0x08006164       0x74 libopencm3/lib\libopencm3_stm32f1.a(flash.o)
                0x08006164                flash_erase_page
 .text.flash_set_ws
                0x080061d8       0x14 libopencm3/lib\libopencm3_stm32f1.a(flash_common_all.o)
                0x080061d8                flash_set_ws
 .text.flash_unlock
                0x080061ec       0x18 libopencm3/lib\libopencm3_stm32f1.a(flash_common_f.o)
                0x080061ec                flash_unlock
 .text.flash_lock
                0x08006204       0x10 libopencm3/lib\libopencm3_stm32f1.a(flash_common_f.o)
                0x08006204                flash_lock
 .text.flash_wait_for_last_operation
                0x08006214        0xc libopencm3/lib\libopencm3_stm32f1.a(flash_common_f01.o)
                0x08006214                flash_wait_for_last_operation
 .text.flash_program_word
                0x08006220       0x18 libopencm3/lib\libopencm3_stm32f1.a(flash_common_f01.o)
                0x08006220                flash_program_word
 .text.gpio_set_mode
                0x08006238       0x5e libopencm3/lib\libopencm3_stm32f1.a(gpio.o)
                0x08006238                gpio_set_mode
 *fill*         0x08006296        0x2 
 .text.gpio_primary_remap
                0x08006298       0x14 libopencm3/lib\libopencm3_stm32f1.a(gpio.o)
                0x08006298                gpio_primary_remap
 .text.gpio_set
                0x080062ac        0x4 libopencm3/lib\libopencm3_stm32f1.a(gpio_common_all.o)
                0x080062ac                gpio_set
 .text.gpio_clear
                0x080062b0        0x6 libopencm3/lib\libopencm3_stm32f1.a(gpio_common_all.o)
                0x080062b0                gpio_clear
 .text.gpio_get
                0x080062b6        0x6 libopencm3/lib\libopencm3_stm32f1.a(gpio_common_all.o)
                0x080062b6                gpio_get
 .text.gpio_toggle
                0x080062bc       0x12 libopencm3/lib\libopencm3_stm32f1.a(gpio_common_all.o)
                0x080062bc                gpio_toggle
 *fill*         0x080062ce        0x2 
 .text.iwdg_reset
                0x080062d0       0x10 libopencm3/lib\libopencm3_stm32f1.a(iwdg_common_all.o)
                0x080062d0                iwdg_reset
 .text.rcc_is_osc_ready
                0x080062e0       0x58 libopencm3/lib\libopencm3_stm32f1.a(rcc.o)
                0x080062e0                rcc_is_osc_ready
 .text.rcc_wait_for_osc_ready
                0x08006338       0x10 libopencm3/lib\libopencm3_stm32f1.a(rcc.o)
                0x08006338                rcc_wait_for_osc_ready
 .text.rcc_osc_on
                0x08006348       0x60 libopencm3/lib\libopencm3_stm32f1.a(rcc.o)
                0x08006348                rcc_osc_on
 .text.rcc_set_sysclk_source
                0x080063a8       0x14 libopencm3/lib\libopencm3_stm32f1.a(rcc.o)
                0x080063a8                rcc_set_sysclk_source
 .text.rcc_set_pll_multiplication_factor
                0x080063bc       0x14 libopencm3/lib\libopencm3_stm32f1.a(rcc.o)
                0x080063bc                rcc_set_pll_multiplication_factor
 .text.rcc_set_pll2_multiplication_factor
                0x080063d0       0x14 libopencm3/lib\libopencm3_stm32f1.a(rcc.o)
                0x080063d0                rcc_set_pll2_multiplication_factor
 .text.rcc_set_pll3_multiplication_factor
                0x080063e4       0x14 libopencm3/lib\libopencm3_stm32f1.a(rcc.o)
                0x080063e4                rcc_set_pll3_multiplication_factor
 .text.rcc_set_pll_source
                0x080063f8       0x14 libopencm3/lib\libopencm3_stm32f1.a(rcc.o)
                0x080063f8                rcc_set_pll_source
 .text.rcc_set_pllxtpre
                0x0800640c       0x14 libopencm3/lib\libopencm3_stm32f1.a(rcc.o)
                0x0800640c                rcc_set_pllxtpre
 .text.rcc_rtc_clock_enabled_flag
                0x08006420       0x10 libopencm3/lib\libopencm3_stm32f1.a(rcc.o)
                0x08006420                rcc_rtc_clock_enabled_flag
 .text.rcc_enable_rtc_clock
                0x08006430       0x10 libopencm3/lib\libopencm3_stm32f1.a(rcc.o)
                0x08006430                rcc_enable_rtc_clock
 .text.rcc_set_rtc_clock_source
                0x08006440       0x84 libopencm3/lib\libopencm3_stm32f1.a(rcc.o)
                0x08006440                rcc_set_rtc_clock_source
 .text.rcc_set_adcpre
                0x080064c4       0x14 libopencm3/lib\libopencm3_stm32f1.a(rcc.o)
                0x080064c4                rcc_set_adcpre
 .text.rcc_set_ppre2
                0x080064d8       0x14 libopencm3/lib\libopencm3_stm32f1.a(rcc.o)
                0x080064d8                rcc_set_ppre2
 .text.rcc_set_ppre1
                0x080064ec       0x14 libopencm3/lib\libopencm3_stm32f1.a(rcc.o)
                0x080064ec                rcc_set_ppre1
 .text.rcc_set_hpre
                0x08006500       0x14 libopencm3/lib\libopencm3_stm32f1.a(rcc.o)
                0x08006500                rcc_set_hpre
 .text.rcc_set_usbpre
                0x08006514       0x18 libopencm3/lib\libopencm3_stm32f1.a(rcc.o)
                0x08006514                rcc_set_usbpre
 .text.rcc_set_prediv1
                0x0800652c       0x14 libopencm3/lib\libopencm3_stm32f1.a(rcc.o)
                0x0800652c                rcc_set_prediv1
 .text.rcc_set_prediv2
                0x08006540       0x14 libopencm3/lib\libopencm3_stm32f1.a(rcc.o)
                0x08006540                rcc_set_prediv2
 .text.rcc_set_prediv1_source
                0x08006554       0x18 libopencm3/lib\libopencm3_stm32f1.a(rcc.o)
                0x08006554                rcc_set_prediv1_source
 .text.rcc_clock_setup_pll
                0x0800656c       0xbc libopencm3/lib\libopencm3_stm32f1.a(rcc.o)
                0x0800656c                rcc_clock_setup_pll
 .text.rcc_periph_clock_enable
                0x08006628       0x1a libopencm3/lib\libopencm3_stm32f1.a(rcc_common_all.o)
                0x08006628                rcc_periph_clock_enable
 .text.rcc_periph_reset_pulse
                0x08006642       0x22 libopencm3/lib\libopencm3_stm32f1.a(rcc_common_all.o)
                0x08006642                rcc_periph_reset_pulse
 .text.rtc_enter_config_mode
                0x08006664       0x1c libopencm3/lib\libopencm3_stm32f1.a(rtc.o)
                0x08006664                rtc_enter_config_mode
 .text.rtc_exit_config_mode
                0x08006680       0x1c libopencm3/lib\libopencm3_stm32f1.a(rtc.o)
                0x08006680                rtc_exit_config_mode
 .text.rtc_awake_from_off
                0x0800669c       0x6c libopencm3/lib\libopencm3_stm32f1.a(rtc.o)
                0x0800669c                rtc_awake_from_off
 .text.rtc_set_prescale_val
                0x08006708       0x24 libopencm3/lib\libopencm3_stm32f1.a(rtc.o)
                0x08006708                rtc_set_prescale_val
 .text.rtc_get_counter_val
                0x0800672c       0x14 libopencm3/lib\libopencm3_stm32f1.a(rtc.o)
                0x0800672c                rtc_get_counter_val
 .text.rtc_set_counter_val
                0x08006740       0x20 libopencm3/lib\libopencm3_stm32f1.a(rtc.o)
                0x08006740                rtc_set_counter_val
 .text.rtc_awake_from_standby
                0x08006760       0x3c libopencm3/lib\libopencm3_stm32f1.a(rtc.o)
                0x08006760                rtc_awake_from_standby
 .text.rtc_auto_awake
                0x0800679c       0x34 libopencm3/lib\libopencm3_stm32f1.a(rtc.o)
                0x0800679c                rtc_auto_awake
 .text.spi_reset
                0x080067d0       0x30 libopencm3/lib\libopencm3_stm32f1.a(spi_common_all.o)
                0x080067d0                spi_reset
 .text.spi_enable
                0x08006800        0xa libopencm3/lib\libopencm3_stm32f1.a(spi_common_all.o)
                0x08006800                spi_enable
 .text.spi_xfer
                0x0800680a        0xe libopencm3/lib\libopencm3_stm32f1.a(spi_common_all.o)
                0x0800680a                spi_xfer
 .text.spi_enable_software_slave_management
                0x08006818       0x12 libopencm3/lib\libopencm3_stm32f1.a(spi_common_all.o)
                0x08006818                spi_enable_software_slave_management
 .text.spi_set_nss_high
                0x0800682a        0xa libopencm3/lib\libopencm3_stm32f1.a(spi_common_all.o)
                0x0800682a                spi_set_nss_high
 .text.spi_set_standard_mode
                0x08006834       0x10 libopencm3/lib\libopencm3_stm32f1.a(spi_common_all.o)
                0x08006834                spi_set_standard_mode
 .text.spi_init_master
                0x08006844       0x28 libopencm3/lib\libopencm3_stm32f1.a(spi_common_v1.o)
                0x08006844                spi_init_master
 .text.timer_enable_irq
                0x0800686c        0x8 libopencm3/lib\libopencm3_stm32f1.a(timer_common_all.o)
                0x0800686c                timer_enable_irq
 .text.timer_get_flag
                0x08006874        0xc libopencm3/lib\libopencm3_stm32f1.a(timer_common_all.o)
                0x08006874                timer_get_flag
 .text.timer_clear_flag
                0x08006880        0x6 libopencm3/lib\libopencm3_stm32f1.a(timer_common_all.o)
                0x08006880                timer_clear_flag
 .text.timer_enable_preload
                0x08006886        0xa libopencm3/lib\libopencm3_stm32f1.a(timer_common_all.o)
                0x08006886                timer_enable_preload
 .text.timer_set_alignment
                0x08006890       0x14 libopencm3/lib\libopencm3_stm32f1.a(timer_common_all.o)
                0x08006890                timer_set_alignment
 .text.timer_direction_up
                0x080068a4        0xa libopencm3/lib\libopencm3_stm32f1.a(timer_common_all.o)
                0x080068a4                timer_direction_up
 .text.timer_enable_counter
                0x080068ae        0xa libopencm3/lib\libopencm3_stm32f1.a(timer_common_all.o)
                0x080068ae                timer_enable_counter
 .text.timer_disable_counter
                0x080068b8        0xa libopencm3/lib\libopencm3_stm32f1.a(timer_common_all.o)
                0x080068b8                timer_disable_counter
 .text.timer_set_prescaler
                0x080068c2        0x4 libopencm3/lib\libopencm3_stm32f1.a(timer_common_all.o)
                0x080068c2                timer_set_prescaler
 .text.timer_set_period
                0x080068c6        0x4 libopencm3/lib\libopencm3_stm32f1.a(timer_common_all.o)
                0x080068c6                timer_set_period
 .text.timer_set_oc_mode
                0x080068ca      0x18c libopencm3/lib\libopencm3_stm32f1.a(timer_common_all.o)
                0x080068ca                timer_set_oc_mode
 .text.timer_enable_oc_preload
                0x08006a56       0x34 libopencm3/lib\libopencm3_stm32f1.a(timer_common_all.o)
                0x08006a56                timer_enable_oc_preload
 .text.timer_set_oc_polarity_high
                0x08006a8a       0x4a libopencm3/lib\libopencm3_stm32f1.a(timer_common_all.o)
                0x08006a8a                timer_set_oc_polarity_high
 .text.timer_enable_oc_output
                0x08006ad4       0x4a libopencm3/lib\libopencm3_stm32f1.a(timer_common_all.o)
                0x08006ad4                timer_enable_oc_output
 .text.timer_set_oc_value
                0x08006b1e       0x20 libopencm3/lib\libopencm3_stm32f1.a(timer_common_all.o)
                0x08006b1e                timer_set_oc_value
 .text.timer_generate_event
                0x08006b3e        0x8 libopencm3/lib\libopencm3_stm32f1.a(timer_common_all.o)
                0x08006b3e                timer_generate_event
 .text.timer_get_counter
                0x08006b46        0x4 libopencm3/lib\libopencm3_stm32f1.a(timer_common_all.o)
                0x08006b46                timer_get_counter
 .text.timer_set_counter
                0x08006b4a        0x4 libopencm3/lib\libopencm3_stm32f1.a(timer_common_all.o)
                0x08006b4a                timer_set_counter
 *fill*         0x08006b4e        0x2 
 .text.usart_set_baudrate
                0x08006b50       0x28 libopencm3/lib\libopencm3_stm32f1.a(usart_common_all.o)
                0x08006b50                usart_set_baudrate
 .text.usart_set_databits
                0x08006b78       0x12 libopencm3/lib\libopencm3_stm32f1.a(usart_common_all.o)
                0x08006b78                usart_set_databits
 .text.usart_set_stopbits
                0x08006b8a        0xc libopencm3/lib\libopencm3_stm32f1.a(usart_common_all.o)
                0x08006b8a                usart_set_stopbits
 .text.usart_set_parity
                0x08006b96        0xc libopencm3/lib\libopencm3_stm32f1.a(usart_common_all.o)
                0x08006b96                usart_set_parity
 .text.usart_set_mode
                0x08006ba2        0xc libopencm3/lib\libopencm3_stm32f1.a(usart_common_all.o)
                0x08006ba2                usart_set_mode
 .text.usart_set_flow_control
                0x08006bae        0xc libopencm3/lib\libopencm3_stm32f1.a(usart_common_all.o)
                0x08006bae                usart_set_flow_control
 .text.usart_enable
                0x08006bba        0xa libopencm3/lib\libopencm3_stm32f1.a(usart_common_all.o)
                0x08006bba                usart_enable
 .text.usart_send_blocking
                0x08006bc4       0x16 libopencm3/lib\libopencm3_stm32f1.a(usart_common_all.o)
                0x08006bc4                usart_send_blocking
 .text.usart_enable_rx_dma
                0x08006bda        0xa libopencm3/lib\libopencm3_stm32f1.a(usart_common_all.o)
                0x08006bda                usart_enable_rx_dma
 .text.usart_enable_tx_dma
                0x08006be4        0xa libopencm3/lib\libopencm3_stm32f1.a(usart_common_all.o)
                0x08006be4                usart_enable_tx_dma
 .text.usart_send
                0x08006bee        0x8 libopencm3/lib\libopencm3_stm32f1.a(usart_common_f124.o)
                0x08006bee                usart_send
 .text.usart_recv
                0x08006bf6        0x8 libopencm3/lib\libopencm3_stm32f1.a(usart_common_f124.o)
                0x08006bf6                usart_recv
 .text.usart_wait_send_ready
                0x08006bfe        0x8 libopencm3/lib\libopencm3_stm32f1.a(usart_common_f124.o)
                0x08006bfe                usart_wait_send_ready
 .text.usart_get_flag
                0x08006c06        0xc libopencm3/lib\libopencm3_stm32f1.a(usart_common_f124.o)
                0x08006c06                usart_get_flag
 .text.blocking_handler
                0x08006c12        0x2 libopencm3/lib\libopencm3_stm32f1.a(vector.o)
                0x08006c12                usart3_isr
                0x08006c12                rtc_isr
                0x08006c12                tim7_isr
                0x08006c12                adc1_2_isr
                0x08006c12                tim1_trg_com_isr
                0x08006c12                tim6_isr
                0x08006c12                usb_wakeup_isr
                0x08006c12                blocking_handler
                0x08006c12                tim5_isr
                0x08006c12                otg_fs_isr
                0x08006c12                spi1_isr
                0x08006c12                exti2_isr
                0x08006c12                dma1_channel6_isr
                0x08006c12                dma1_channel5_isr
                0x08006c12                dma2_channel5_isr
                0x08006c12                usart1_isr
                0x08006c12                usage_fault_handler
                0x08006c12                tim8_trg_com_isr
                0x08006c12                tim1_brk_isr
                0x08006c12                tim1_cc_isr
                0x08006c12                sdio_isr
                0x08006c12                eth_isr
                0x08006c12                dma1_channel4_isr
                0x08006c12                tim8_brk_isr
                0x08006c12                dma2_channel4_5_isr
                0x08006c12                pvd_isr
                0x08006c12                rcc_isr
                0x08006c12                flash_isr
                0x08006c12                uart4_isr
                0x08006c12                rtc_alarm_isr
                0x08006c12                exti15_10_isr
                0x08006c12                hard_fault_handler
                0x08006c12                exti1_isr
                0x08006c12                i2c1_ev_isr
                0x08006c12                dma2_channel1_isr
                0x08006c12                spi2_isr
                0x08006c12                tim8_up_isr
                0x08006c12                dma2_channel2_isr
                0x08006c12                exti3_isr
                0x08006c12                adc3_isr
                0x08006c12                tim3_isr
                0x08006c12                usart2_isr
                0x08006c12                i2c2_er_isr
                0x08006c12                i2c2_ev_isr
                0x08006c12                uart5_isr
                0x08006c12                fsmc_isr
                0x08006c12                dma1_channel1_isr
                0x08006c12                exti4_isr
                0x08006c12                mem_manage_handler
                0x08006c12                exti9_5_isr
                0x08006c12                dma2_channel3_isr
                0x08006c12                dma1_channel7_isr
                0x08006c12                tim1_up_isr
                0x08006c12                can2_sce_isr
                0x08006c12                tim4_isr
                0x08006c12                dma1_channel2_isr
                0x08006c12                i2c1_er_isr
                0x08006c12                can_sce_isr
                0x08006c12                tim8_cc_isr
                0x08006c12                tamper_isr
                0x08006c12                eth_wkup_isr
                0x08006c12                bus_fault_handler
                0x08006c12                wwdg_isr
                0x08006c12                dma1_channel3_isr
                0x08006c12                spi3_isr
                0x08006c12                exti0_isr
 .text.null_handler
                0x08006c14        0x2 libopencm3/lib\libopencm3_stm32f1.a(vector.o)
                0x08006c14                sv_call_handler
                0x08006c14                pend_sv_handler
                0x08006c14                debug_monitor_handler
                0x08006c14                sys_tick_handler
                0x08006c14                nmi_handler
                0x08006c14                null_handler
 *fill*         0x08006c16        0x2 
 .text.reset_handler
                0x08006c18       0x94 libopencm3/lib\libopencm3_stm32f1.a(vector.o)
                0x08006c18                reset_handler
 .text.scb_reset_system
                0x08006cac       0x10 libopencm3/lib\libopencm3_stm32f1.a(scb.o)
                0x08006cac                scb_reset_system
 .text.nvic_enable_irq
                0x08006cbc       0x18 libopencm3/lib\libopencm3_stm32f1.a(nvic.o)
                0x08006cbc                nvic_enable_irq
 .text.nvic_set_priority
                0x08006cd4       0x20 libopencm3/lib\libopencm3_stm32f1.a(nvic.o)
                0x08006cd4                nvic_set_priority
 .text.pwr_disable_backup_domain_write_protect
                0x08006cf4       0x10 libopencm3/lib\libopencm3_stm32f1.a(pwr_common_v1.o)
                0x08006cf4                pwr_disable_backup_domain_write_protect
 .text          0x08006d04      0x378 C:/msys64/mingw64/bin/../lib/gcc/arm-none-eabi/13.3.0/thumb/v7/nofp\libgcc.a(_arm_addsubdf3.o)
                0x08006d04                __aeabi_drsub
                0x08006d0c                __aeabi_dsub
                0x08006d0c                __subdf3
                0x08006d10                __aeabi_dadd
                0x08006d10                __adddf3
                0x08006f88                __floatunsidf
                0x08006f88                __aeabi_ui2d
                0x08006fa8                __floatsidf
                0x08006fa8                __aeabi_i2d
                0x08006fcc                __aeabi_f2d
                0x08006fcc                __extendsfdf2
                0x08007010                __floatundidf
                0x08007010                __aeabi_ul2d
                0x08007020                __floatdidf
                0x08007020                __aeabi_l2d
 .text          0x0800707c      0x424 C:/msys64/mingw64/bin/../lib/gcc/arm-none-eabi/13.3.0/thumb/v7/nofp\libgcc.a(_arm_muldivdf3.o)
                0x0800707c                __aeabi_dmul
                0x0800707c                __muldf3
                0x080072d0                __divdf3
                0x080072d0                __aeabi_ddiv
 .text          0x080074a0       0x50 C:/msys64/mingw64/bin/../lib/gcc/arm-none-eabi/13.3.0/thumb/v7/nofp\libgcc.a(_arm_fixdfsi.o)
                0x080074a0                __aeabi_d2iz
                0x080074a0                __fixdfsi
 .text          0x080074f0       0x40 C:/msys64/mingw64/bin/../lib/gcc/arm-none-eabi/13.3.0/thumb/v7/nofp\libgcc.a(_arm_fixunsdfsi.o)
                0x080074f0                __aeabi_d2uiz
                0x080074f0                __fixunsdfsi
 .text          0x08007530       0xa0 C:/msys64/mingw64/bin/../lib/gcc/arm-none-eabi/13.3.0/thumb/v7/nofp\libgcc.a(_arm_truncdfsf2.o)
                0x08007530                __truncdfsf2
                0x08007530                __aeabi_d2f
 .text          0x080075d0      0x21c C:/msys64/mingw64/bin/../lib/gcc/arm-none-eabi/13.3.0/thumb/v7/nofp\libgcc.a(_arm_addsubsf3.o)
                0x080075d0                __aeabi_frsub
                0x080075d8                __subsf3
                0x080075d8                __aeabi_fsub
                0x080075dc                __aeabi_fadd
                0x080075dc                __addsf3
                0x0800773c                __aeabi_ui2f
                0x0800773c                __floatunsisf
                0x08007744                __aeabi_i2f
                0x08007744                __floatsisf
                0x08007760                __aeabi_ul2f
                0x08007760                __floatundisf
                0x08007770                __aeabi_l2f
                0x08007770                __floatdisf
 .text          0x080077ec      0x2a0 C:/msys64/mingw64/bin/../lib/gcc/arm-none-eabi/13.3.0/thumb/v7/nofp\libgcc.a(_arm_muldivsf3.o)
                0x080077ec                __mulsf3
                0x080077ec                __aeabi_fmul
                0x08007954                __aeabi_fdiv
                0x08007954                __divsf3
 .text          0x08007a8c       0xec C:/msys64/mingw64/bin/../lib/gcc/arm-none-eabi/13.3.0/thumb/v7/nofp\libgcc.a(_arm_cmpsf2.o)
                0x08007a8c                __gesf2
                0x08007a8c                __gtsf2
                0x08007a94                __lesf2
                0x08007a94                __ltsf2
                0x08007a9c                __nesf2
                0x08007a9c                __eqsf2
                0x08007a9c                __cmpsf2
                0x08007afc                __aeabi_cfrcmple
                0x08007b04                __aeabi_cfcmpeq
                0x08007b04                __aeabi_cfcmple
                0x08007b14                __aeabi_fcmpeq
                0x08007b28                __aeabi_fcmplt
                0x08007b3c                __aeabi_fcmple
                0x08007b50                __aeabi_fcmpge
                0x08007b64                __aeabi_fcmpgt
 .text          0x08007b78       0x4c C:/msys64/mingw64/bin/../lib/gcc/arm-none-eabi/13.3.0/thumb/v7/nofp\libgcc.a(_arm_fixsfsi.o)
                0x08007b78                __aeabi_f2iz
                0x08007b78                __fixsfsi
 .text          0x08007bc4       0x40 C:/msys64/mingw64/bin/../lib/gcc/arm-none-eabi/13.3.0/thumb/v7/nofp\libgcc.a(_arm_fixunssfsi.o)
                0x08007bc4                __fixunssfsi
                0x08007bc4                __aeabi_f2uiz
 .text          0x08007c04       0xa8 C:/msys64/mingw64/bin/../lib/gcc/arm-none-eabi/13.3.0/../../../../arm-none-eabi/lib/thumb/v7/nofp\libc.a(libc_a-memset.o)
                0x08007c04                memset
                0x08007cac                        . = ALIGN (0x4)
 *(.rodata*)
 .rodata._ZTV11CanCallback
                0x08007cac       0x10 obj/main.o
                0x08007cac                vtable for CanCallback
 .rodata._ZTV23FunctionPointerCallback
                0x08007cbc       0x10 obj/main.o
                0x08007cbc                vtable for FunctionPointerCallback
 .rodata._ZN14Stm32Scheduler5ocMapE
                0x08007ccc        0x4 obj/stm32scheduler.o
                0x08007ccc                Stm32Scheduler::ocMap
 .rodata.str1.4
                0x08007cd0      0xb09 obj/params.o
                                0x5e0 (size before relaxing)
 *fill*         0x080087d9        0x3 
 .rodata._ZN5ParamL7attribsE
                0x080087dc     0x14e4 obj/params.o
 .rodata._ZN8Terminal10EnableUartEPc.str1.4
                0x08009cc0        0x5 obj/terminal.o
 .rodata._ZN8Terminal8FastUartEPc.str1.4
                0x08009cc0       0x13 obj/terminal.o
 .rodata._ZN8Terminal3RunEv.str1.4
                0x08009cc0       0x33 obj/terminal.o
 .rodata._ZTV8IPutChar
                0x08009cc0        0xc obj/terminal.o
                0x08009cc0                vtable for IPutChar
 .rodata._ZTV8Terminal
                0x08009ccc        0xc obj/terminal.o
                0x08009ccc                vtable for Terminal
 .rodata._ZN8Terminal6hwInfoE
                0x08009cd8       0x70 obj/terminal.o
                0x08009cd8                Terminal::hwInfo
 .rodata._ZL11PrintSerialP8TerminalPc.str1.4
                0x08009d48       0x11 obj/terminal_prj.o
 .rodata._ZL12LoadDefaultsP8TerminalPc.str1.4
                0x08009d48       0x12 obj/terminal_prj.o
 .rodata.str1.4
                0x08009d48       0x5f obj/terminal_prj.o
 .rodata.termCmds
                0x08009d48       0x70 obj/terminal_prj.o
                0x08009d48                termCmds
 .rodata._ZL5printP8IPutCharPKcSt9__va_list.str1.4
                0x08009db8        0x7 obj/printf.o
 .rodata._ZTV13ExternPutChar
                0x08009db8        0xc obj/printf.o
                0x08009db8                vtable for ExternPutChar
 .rodata._ZN12ErrorMessage10PrintErrorEm17ERROR_MESSAGE_NUM.str1.4
                0x08009dc4       0x10 obj/errormessage.o
 .rodata._ZN12ErrorMessage14PrintAllErrorsEv.str1.4
                0x08009dc4        0xc obj/errormessage.o
 .rodata.str1.4
                0x08009dc4       0x57 obj/errormessage.o
 .rodata._ZL5types
                0x08009dc4        0xc obj/errormessage.o
 .rodata._ZL16errorDescriptors
                0x08009dd0       0x18 obj/errormessage.o
 .rodata._ZTV8Stm32Can
                0x08009de8       0x14 obj/stm32_can.o
                0x08009de8                vtable for Stm32Can
 .rodata._ZL8canSpeed
                0x08009dfc       0x3c obj/stm32_can.o
 .rodata        0x08009e38        0x8 obj/stm32_can.o
 .rodata._ZTV11CanHardware
                0x08009e40       0x14 obj/canhardware.o
                0x08009e40                vtable for CanHardware
 .rodata._ZTV12NullCallback
                0x08009e54       0x10 obj/canhardware.o
                0x08009e54                vtable for NullCallback
 .rodata._ZTV6CanMap
                0x08009e64       0x10 obj/canmap.o
                0x08009e64                vtable for CanMap
 .rodata._ZN16TerminalCommands11PrintCanMapEN5Param9PARAM_NUMEmhhfab.str1.4
                0x08009e74       0x24 obj/terminalcommands.o
 .rodata._ZN16TerminalCommands8ParamSetEP8TerminalPc.str1.4
                0x08009e74       0x57 obj/terminalcommands.o
 .rodata._ZN16TerminalCommands8ParamGetEP8TerminalPc.str1.4
                0x08009e74       0x22 obj/terminalcommands.o
 .rodata._ZN16TerminalCommands9ParamFlagEP8TerminalPc.str1.4
                0x08009e74       0x39 obj/terminalcommands.o
 .rodata._ZN16TerminalCommands15PrintParamsJsonEP8IPutCharPc.str1.4
                0x08009e74      0x13a obj/terminalcommands.o
 .rodata._ZN16TerminalCommands6MapCanEP8TerminalPc.str1.4
                0x08009e74      0x116 obj/terminalcommands.o
 .rodata._ZN16TerminalCommands14SaveParametersEP8TerminalPc.str1.4
                0x08009e74       0x6f obj/terminalcommands.o
 .rodata._ZN16TerminalCommands14LoadParametersEP8TerminalPc.str1.4
                0x08009e74       0x2a obj/terminalcommands.o
 .rodata._ZN16TerminalCommands11ParamStreamEP8TerminalPc.str1.4
                0x08009e74       0x2f obj/terminalcommands.o
 .rodata._ZL8utilTopN
                0x08009e74        0x9 obj/BatMan.o
 *fill*         0x08009e7d        0x3 
 .rodata._ZL10crc14table
                0x08009e80      0x200 obj/BatMan.o
 .rodata._ZTV6CanSdo
                0x0800a080       0x20 obj/cansdo.o
                0x0800a080                vtable for CanSdo
 .rodata.rcc_hse_configs
                0x0800a0a0       0x8c libopencm3/lib\libopencm3_stm32f1.a(rcc.o)
                0x0800a0a0                rcc_hse_configs
                0x0800a12c                        . = ALIGN (0x4)

.glue_7         0x0800a12c        0x0
 .glue_7        0x0800a12c        0x0 linker stubs

.glue_7t        0x0800a12c        0x0
 .glue_7t       0x0800a12c        0x0 linker stubs

.vfp11_veneer   0x0800a12c        0x0
 .vfp11_veneer  0x0800a12c        0x0 linker stubs

.v4_bx          0x0800a12c        0x0
 .v4_bx         0x0800a12c        0x0 linker stubs

.iplt           0x0800a12c        0x0
 .iplt          0x0800a12c        0x0 obj/main.o

.rel.dyn        0x0800a12c        0x0
 .rel.iplt      0x0800a12c        0x0 obj/main.o

.preinit_array  0x0800a12c        0x0
                0x0800a12c                        . = ALIGN (0x4)
                0x0800a12c                        __preinit_array_start = .
 *(.preinit_array)
                0x0800a12c                        __preinit_array_end = .

.init_array     0x0800a12c        0x8
                0x0800a12c                        . = ALIGN (0x4)
                0x0800a12c                        __init_array_start = .
 *(SORT_BY_NAME(.init_array.*))
 *(.init_array)
 .init_array    0x0800a12c        0x4 obj/sine_core.o
 .init_array    0x0800a130        0x4 obj/anain.o
                0x0800a134                        __init_array_end = .

.fini_array     0x0800a134        0x0
                0x0800a134                        . = ALIGN (0x4)
                0x0800a134                        __fini_array_start = .
 *(.fini_array)
 *(SORT_BY_NAME(.fini_array.*))
                0x0800a134                        __fini_array_end = .

.ARM.extab
 *(.ARM.extab*)

.ARM.exidx      0x0800a134        0x0
                0x0800a134                        __exidx_start = .
 *(.ARM.exidx*)
                0x0800a134                        __exidx_end = .
                0x0800a134                        . = ALIGN (0x4)
                0x0800a134                        _etext = .

.noinit
 *(.noinit*)
                0x0800a134                        . = ALIGN (0x4)

.data           0x20000000      0x578 load address 0x0800a134
                0x20000000                        _data = .
 *(.data*)
 .data.uauxGain
                0x20000000        0x4 obj/main.o
                0x20000000                uauxGain
 .data._ZN5ParamL6valuesE
                0x20000004      0x2fc obj/params.o
 .data.errorBuffer
                0x20000300       0x20 obj/errormessage.o
                0x20000300                errorBuffer
 .data._ZL12nullCallback
                0x20000320        0x4 obj/canhardware.o
 .data._ZN16TerminalCommands11saveEnabledE
                0x20000324        0x1 obj/terminalcommands.o
                0x20000324                TerminalCommands::saveEnabled
 *fill*         0x20000325        0x1 
 .data.SendDelay
                0x20000326        0x2 obj/BatMan.o
                0x20000326                SendDelay
 .data.TempMin  0x20000328        0x4 obj/BatMan.o
                0x20000328                TempMin
 .data.CellVMin
                0x2000032c        0x4 obj/BatMan.o
                0x2000032c                CellVMin
 .data.BmbTimeout
                0x20000330        0x1 obj/BatMan.o
                0x20000330                BmbTimeout
 *fill*         0x20000331        0x3 
 .data.crcTable2f
                0x20000334      0x200 obj/BatMan.o
                0x20000334                crcTable2f
 .data.reqTemp  0x20000534        0x2 obj/BatMan.o
                0x20000534                reqTemp
 *fill*         0x20000536        0x2 
 .data.Snap     0x20000538        0x4 obj/BatMan.o
                0x20000538                Snap
 .data.Unmute   0x2000053c        0x4 obj/BatMan.o
                0x2000053c                Unmute
 .data.Mute     0x20000540        0x4 obj/BatMan.o
                0x20000540                Mute
 .data.WakeUp   0x20000544        0x4 obj/BatMan.o
                0x20000544                WakeUp
 .data.BalHys   0x20000548        0x4 obj/BatMan.o
                0x20000548                BalHys
 .data.NoCurLim
                0x2000054c        0x4 obj/BMSUtil.o
                0x2000054c                NoCurLim
 .data.NoCurRun
                0x20000550        0x4 obj/BMSUtil.o
                0x20000550                NoCurRun
 .data.voltageToSoc
                0x20000554       0x16 obj/BMSUtil.o
                0x20000554                voltageToSoc
 .data.firstframe
                0x2000056a        0x1 obj/isa_shunt.o
                0x2000056a                firstframe
 *fill*         0x2000056b        0x1 
 .data.rcc_ahb_frequency
                0x2000056c        0x4 libopencm3/lib\libopencm3_stm32f1.a(rcc.o)
                0x2000056c                rcc_ahb_frequency
 .data.rcc_apb2_frequency
                0x20000570        0x4 libopencm3/lib\libopencm3_stm32f1.a(rcc.o)
                0x20000570                rcc_apb2_frequency
 .data.rcc_apb1_frequency
                0x20000574        0x4 libopencm3/lib\libopencm3_stm32f1.a(rcc.o)
                0x20000574                rcc_apb1_frequency
 *(.ramtext*)
                0x20000578                        . = ALIGN (0x4)
                0x20000578                        _edata = .
                0x0800a134                        _data_loadaddr = LOADADDR (.data)

.igot.plt       0x20000578        0x0 load address 0x0800a6ac
 .igot.plt      0x20000578        0x0 obj/main.o

.bss            0x20000578      0x394 load address 0x0800a6ac
 *(.bss*)
 .bss.Gcount    0x20000578        0x1 obj/main.o
                0x20000578                Gcount
 *fill*         0x20000579        0x3 
 .bss._ZL6canSdo
                0x2000057c        0x4 obj/main.o
 .bss._ZL6canMap
                0x20000580        0x4 obj/main.o
 .bss._ZL3can   0x20000584        0x4 obj/main.o
 .bss._ZL9scheduler
                0x20000588        0x4 obj/main.o
 .bss._ZN5ParamL5flagsE
                0x2000058c       0xbf obj/params.o
 *fill*         0x2000064b        0x1 
 .bss._ZN8Terminal15defaultTerminalE
                0x2000064c        0x4 obj/terminal.o
                0x2000064c                Terminal::defaultTerminal
 .bss._ZN5DigIo3in2E
                0x20000650        0x8 obj/digio.o
                0x20000650                DigIo::in2
 .bss._ZN5DigIo3in1E
                0x20000658        0x8 obj/digio.o
                0x20000658                DigIo::in1
 .bss._ZN5DigIo4PWM2E
                0x20000660        0x8 obj/digio.o
                0x20000660                DigIo::PWM2
 .bss._ZN5DigIo4PWM1E
                0x20000668        0x8 obj/digio.o
                0x20000668                DigIo::PWM1
 .bss._ZN5DigIo5BatCSE
                0x20000670        0x8 obj/digio.o
                0x20000670                DigIo::BatCS
 .bss._ZN5DigIo4out2E
                0x20000678        0x8 obj/digio.o
                0x20000678                DigIo::out2
 .bss._ZN5DigIo4out1E
                0x20000680        0x8 obj/digio.o
                0x20000680                DigIo::out1
 .bss._ZN5DigIo7batm_enE
                0x20000688        0x8 obj/digio.o
                0x20000688                DigIo::batm_en
 .bss._ZN5DigIo7led_outE
                0x20000690        0x8 obj/digio.o
                0x20000690                DigIo::led_out
 .bss._ZN8SineCore11ZERO_OFFSETE
                0x20000698        0x2 obj/sine_core.o
                0x20000698                SineCore::ZERO_OFFSET
 *fill*         0x2000069a        0x2 
 .bss._ZN5AnaIn4A1inE
                0x2000069c        0x4 obj/anain.o
                0x2000069c                AnaIn::A1in
 .bss._ZN5AnaIn5lvmonE
                0x200006a0        0x4 obj/anain.o
                0x200006a0                AnaIn::lvmon
 .bss._ZN5AnaIn6valuesE
                0x200006a4       0x30 obj/anain.o
                0x200006a4                AnaIn::values
 .bss._ZN5AnaIn13channel_arrayE
                0x200006d4        0x2 obj/anain.o
                0x200006d4                AnaIn::channel_array
 *fill*         0x200006d6        0x2 
 .bss._ZN12ErrorMessage8timeTickE
                0x200006d8        0x4 obj/errormessage.o
                0x200006d8                ErrorMessage::timeTick
 .bss._ZN8Stm32Can10interfacesE
                0x200006dc        0x8 obj/stm32_can.o
                0x200006dc                Stm32Can::interfaces
 .bss._ZN6CanMap8isSavingE
                0x200006e4        0x1 obj/canmap.o
                0x200006e4                CanMap::isSaving
 *fill*         0x200006e5        0x3 
 .bss._ZN16TerminalCommands6canMapE
                0x200006e8        0x4 obj/terminalcommands.o
                0x200006e8                TerminalCommands::canMap
 .bss._ZL7curTerm
                0x200006ec        0x4 obj/terminalcommands.o
 .bss.Cell2start
                0x200006f0        0x4 obj/BatMan.o
                0x200006f0                Cell2start
 .bss.Cell1start
                0x200006f4        0x4 obj/BatMan.o
                0x200006f4                Cell1start
 .bss.BalEven   0x200006f8        0x1 obj/BatMan.o
                0x200006f8                BalEven
 *fill*         0x200006f9        0x3 
 .bss.TempMax   0x200006fc        0x4 obj/BatMan.o
                0x200006fc                TempMax
 .bss.CellVMax  0x20000700        0x4 obj/BatMan.o
                0x20000700                CellVMax
 .bss.ChipNum   0x20000704        0x1 obj/BatMan.o
                0x20000704                ChipNum
 *fill*         0x20000705        0x1 
 .bss.IdleCnt   0x20000706        0x2 obj/BatMan.o
                0x20000706                IdleCnt
 .bss.LoopRanCnt
                0x20000708        0x2 obj/BatMan.o
                0x20000708                LoopRanCnt
 .bss.LoopState
                0x2000070a        0x2 obj/BatMan.o
                0x2000070a                LoopState
 .bss.BalanceFlag
                0x2000070c        0x1 obj/BatMan.o
                0x2000070c                BalanceFlag
 *fill*         0x2000070d        0x3 
 .bss.Cfg       0x20000710       0x20 obj/BatMan.o
                0x20000710                Cfg
 .bss.ChipV     0x20000730       0x10 obj/BatMan.o
                0x20000730                ChipV
 .bss.Volts5v   0x20000740       0x10 obj/BatMan.o
                0x20000740                Volts5v
 .bss.Temp2     0x20000750       0x10 obj/BatMan.o
                0x20000750                Temp2
 .bss.Temp1     0x20000760       0x10 obj/BatMan.o
                0x20000760                Temp1
 .bss.Temps     0x20000770       0x10 obj/BatMan.o
                0x20000770                Temps
 .bss.CellBalCmd
                0x20000780       0x10 obj/BatMan.o
                0x20000780                CellBalCmd
 .bss.Voltage   0x20000790       0xf0 obj/BatMan.o
                0x20000790                Voltage
 .bss.count3    0x20000880        0x1 obj/BatMan.o
                0x20000880                count3
 .bss.count2    0x20000881        0x1 obj/BatMan.o
                0x20000881                count2
 .bss.count1    0x20000882        0x1 obj/BatMan.o
                0x20000882                count1
 *fill*         0x20000883        0x1 
 .bss.Fluffer   0x20000884       0x48 obj/BatMan.o
                0x20000884                Fluffer
 .bss.tempval2  0x200008cc        0x4 obj/BatMan.o
                0x200008cc                tempval2
 .bss.tempval1  0x200008d0        0x4 obj/BatMan.o
                0x200008d0                tempval1
 .bss.receive2  0x200008d4        0x2 obj/BatMan.o
                0x200008d4                receive2
 .bss.receive1  0x200008d6        0x2 obj/BatMan.o
                0x200008d6                receive1
 .bss.padding   0x200008d8        0x2 obj/BatMan.o
                0x200008d8                padding
 *fill*         0x200008da        0x2 
 .bss.asDiff    0x200008dc        0x4 obj/BMSUtil.o
                0x200008dc                asDiff
 .bss.NoCurCounter
                0x200008e0        0x4 obj/BMSUtil.o
                0x200008e0                NoCurCounter
 .bss.TempSOC   0x200008e4        0x2 obj/BMSUtil.o
                0x200008e4                TempSOC
 *fill*         0x200008e6        0x2 
 .bss._ZN3ISA11TemperatureE
                0x200008e8        0x4 obj/isa_shunt.o
                0x200008e8                ISA::Temperature
 .bss._ZN3ISA8Voltage3E
                0x200008ec        0x4 obj/isa_shunt.o
                0x200008ec                ISA::Voltage3
 .bss._ZN3ISA8Voltage2E
                0x200008f0        0x4 obj/isa_shunt.o
                0x200008f0                ISA::Voltage2
 .bss._ZN3ISA7VoltageE
                0x200008f4        0x4 obj/isa_shunt.o
                0x200008f4                ISA::Voltage
 .bss._ZN3ISA3KWhE
                0x200008f8        0x4 obj/isa_shunt.o
                0x200008f8                ISA::KWh
 .bss._ZN3ISA2KWE
                0x200008fc        0x4 obj/isa_shunt.o
                0x200008fc                ISA::KW
 .bss._ZN3ISA2AhE
                0x20000900        0x4 obj/isa_shunt.o
                0x20000900                ISA::Ah
 .bss._ZN3ISA7AmperesE
                0x20000904        0x4 obj/isa_shunt.o
                0x20000904                ISA::Amperes
 .bss.framecount
                0x20000908        0x2 obj/isa_shunt.o
                0x20000908                framecount
 *(COMMON)
                0x2000090c                        . = ALIGN (0x4)
 *fill*         0x2000090a        0x2 
                0x2000090c                        _ebss = .

/DISCARD/
 *(.eh_frame)
                0x2000090c                        . = ALIGN (0x4)
                0x2000090c                        end = .
                0x20005000                        PROVIDE (_stack = (ORIGIN (ram) + LENGTH (ram)))
OUTPUT(stm32_m3bms elf32-littlearm)
LOAD linker stubs

.debug_info     0x00000000    0x1cf21
 .debug_info    0x00000000     0x288d obj/main.o
 .debug_info    0x0000288d     0x14ac obj/hwinit.o
 .debug_info    0x00003d39      0x641 obj/stm32scheduler.o
 .debug_info    0x0000437a      0xcd4 obj/params.o
 .debug_info    0x0000504e     0x15ac obj/terminal.o
 .debug_info    0x000065fa      0xa34 obj/terminal_prj.o
 .debug_info    0x0000702e      0x3ad obj/digio.o
 .debug_info    0x000073db      0x752 obj/sine_core.o
 .debug_info    0x00007b2d      0xb4a obj/printf.o
 .debug_info    0x00008677      0x8f8 obj/anain.o
 .debug_info    0x00008f6f      0xb20 obj/param_save.o
 .debug_info    0x00009a8f      0x483 obj/errormessage.o
 .debug_info    0x00009f12     0x14e3 obj/stm32_can.o
 .debug_info    0x0000b3f5      0x7e7 obj/canhardware.o
 .debug_info    0x0000bbdc     0x2726 obj/canmap.o
 .debug_info    0x0000e302     0x1e9a obj/terminalcommands.o
 .debug_info    0x0001019c     0x2346 obj/BatMan.o
 .debug_info    0x000124e2     0x186b obj/cansdo.o
 .debug_info    0x00013d4d      0x866 obj/BMSUtil.o
 .debug_info    0x000145b3      0xab6 obj/isa_shunt.o
 .debug_info    0x00015069      0x397 libopencm3/lib\libopencm3_stm32f1.a(adc.o)
 .debug_info    0x00015400      0x888 libopencm3/lib\libopencm3_stm32f1.a(adc_common_v1.o)
 .debug_info    0x00015c88      0xbaf libopencm3/lib\libopencm3_stm32f1.a(can.o)
 .debug_info    0x00016837      0x119 libopencm3/lib\libopencm3_stm32f1.a(crc_common_all.o)
 .debug_info    0x00016950       0xe8 libopencm3/lib\libopencm3_stm32f1.a(desig_common_v1.o)
 .debug_info    0x00016a38      0x781 libopencm3/lib\libopencm3_stm32f1.a(dma_common_l1f013.o)
 .debug_info    0x000171b9      0x35e libopencm3/lib\libopencm3_stm32f1.a(flash.o)
 .debug_info    0x00017517       0xf1 libopencm3/lib\libopencm3_stm32f1.a(flash_common_all.o)
 .debug_info    0x00017608       0xb9 libopencm3/lib\libopencm3_stm32f1.a(flash_common_f.o)
 .debug_info    0x000176c1      0x20d libopencm3/lib\libopencm3_stm32f1.a(flash_common_f01.o)
 .debug_info    0x000178ce      0x1f8 libopencm3/lib\libopencm3_stm32f1.a(gpio.o)
 .debug_info    0x00017ac6      0x256 libopencm3/lib\libopencm3_stm32f1.a(gpio_common_all.o)
 .debug_info    0x00017d1c      0x177 libopencm3/lib\libopencm3_stm32f1.a(iwdg_common_all.o)
 .debug_info    0x00017e93     0x14d0 libopencm3/lib\libopencm3_stm32f1.a(rcc.o)
 .debug_info    0x00019363      0x60d libopencm3/lib\libopencm3_stm32f1.a(rcc_common_all.o)
 .debug_info    0x00019970      0x6e9 libopencm3/lib\libopencm3_stm32f1.a(rtc.o)
 .debug_info    0x0001a059      0x96c libopencm3/lib\libopencm3_stm32f1.a(spi_common_all.o)
 .debug_info    0x0001a9c5      0x155 libopencm3/lib\libopencm3_stm32f1.a(spi_common_v1.o)
 .debug_info    0x0001ab1a      0xff0 libopencm3/lib\libopencm3_stm32f1.a(timer_common_all.o)
 .debug_info    0x0001bb0a      0x582 libopencm3/lib\libopencm3_stm32f1.a(usart_common_all.o)
 .debug_info    0x0001c08c      0x192 libopencm3/lib\libopencm3_stm32f1.a(usart_common_f124.o)
 .debug_info    0x0001c21e      0x2c4 libopencm3/lib\libopencm3_stm32f1.a(vector.o)
 .debug_info    0x0001c4e2       0xdb libopencm3/lib\libopencm3_stm32f1.a(scb.o)
 .debug_info    0x0001c5bd      0x239 libopencm3/lib\libopencm3_stm32f1.a(nvic.o)
 .debug_info    0x0001c7f6      0x1a1 libopencm3/lib\libopencm3_stm32f1.a(pwr_common_v1.o)
 .debug_info    0x0001c997       0xd3 C:/msys64/mingw64/bin/../lib/gcc/arm-none-eabi/13.3.0/thumb/v7/nofp\libgcc.a(_arm_addsubdf3.o)
 .debug_info    0x0001ca6a       0x57 C:/msys64/mingw64/bin/../lib/gcc/arm-none-eabi/13.3.0/thumb/v7/nofp\libgcc.a(_arm_muldivdf3.o)
 .debug_info    0x0001cac1       0x3c C:/msys64/mingw64/bin/../lib/gcc/arm-none-eabi/13.3.0/thumb/v7/nofp\libgcc.a(_arm_fixdfsi.o)
 .debug_info    0x0001cafd       0x3c C:/msys64/mingw64/bin/../lib/gcc/arm-none-eabi/13.3.0/thumb/v7/nofp\libgcc.a(_arm_fixunsdfsi.o)
 .debug_info    0x0001cb39       0x3f C:/msys64/mingw64/bin/../lib/gcc/arm-none-eabi/13.3.0/thumb/v7/nofp\libgcc.a(_arm_truncdfsf2.o)
 .debug_info    0x0001cb78       0xca C:/msys64/mingw64/bin/../lib/gcc/arm-none-eabi/13.3.0/thumb/v7/nofp\libgcc.a(_arm_addsubsf3.o)
 .debug_info    0x0001cc42       0x57 C:/msys64/mingw64/bin/../lib/gcc/arm-none-eabi/13.3.0/thumb/v7/nofp\libgcc.a(_arm_muldivsf3.o)
 .debug_info    0x0001cc99       0xdb C:/msys64/mingw64/bin/../lib/gcc/arm-none-eabi/13.3.0/thumb/v7/nofp\libgcc.a(_arm_cmpsf2.o)
 .debug_info    0x0001cd74       0x3c C:/msys64/mingw64/bin/../lib/gcc/arm-none-eabi/13.3.0/thumb/v7/nofp\libgcc.a(_arm_fixsfsi.o)
 .debug_info    0x0001cdb0       0x3c C:/msys64/mingw64/bin/../lib/gcc/arm-none-eabi/13.3.0/thumb/v7/nofp\libgcc.a(_arm_fixunssfsi.o)
 .debug_info    0x0001cdec      0x135 C:/msys64/mingw64/bin/../lib/gcc/arm-none-eabi/13.3.0/../../../../arm-none-eabi/lib/thumb/v7/nofp\libc.a(libc_a-memset.o)

.debug_abbrev   0x00000000     0x67be
 .debug_abbrev  0x00000000      0x77e obj/main.o
 .debug_abbrev  0x0000077e      0x26d obj/hwinit.o
 .debug_abbrev  0x000009eb      0x27a obj/stm32scheduler.o
 .debug_abbrev  0x00000c65      0x266 obj/params.o
 .debug_abbrev  0x00000ecb      0x4d6 obj/terminal.o
 .debug_abbrev  0x000013a1      0x246 obj/terminal_prj.o
 .debug_abbrev  0x000015e7      0x1ff obj/digio.o
 .debug_abbrev  0x000017e6      0x274 obj/sine_core.o
 .debug_abbrev  0x00001a5a      0x384 obj/printf.o
 .debug_abbrev  0x00001dde      0x337 obj/anain.o
 .debug_abbrev  0x00002115      0x25e obj/param_save.o
 .debug_abbrev  0x00002373      0x267 obj/errormessage.o
 .debug_abbrev  0x000025da      0x4ba obj/stm32_can.o
 .debug_abbrev  0x00002a94      0x367 obj/canhardware.o
 .debug_abbrev  0x00002dfb      0x6da obj/canmap.o
 .debug_abbrev  0x000034d5      0x403 obj/terminalcommands.o
 .debug_abbrev  0x000038d8      0x3d8 obj/BatMan.o
 .debug_abbrev  0x00003cb0      0x548 obj/cansdo.o
 .debug_abbrev  0x000041f8      0x1b6 obj/BMSUtil.o
 .debug_abbrev  0x000043ae      0x2af obj/isa_shunt.o
 .debug_abbrev  0x0000465d      0x195 libopencm3/lib\libopencm3_stm32f1.a(adc.o)
 .debug_abbrev  0x000047f2      0x1ab libopencm3/lib\libopencm3_stm32f1.a(adc_common_v1.o)
 .debug_abbrev  0x0000499d      0x2bd libopencm3/lib\libopencm3_stm32f1.a(can.o)
 .debug_abbrev  0x00004c5a       0xb6 libopencm3/lib\libopencm3_stm32f1.a(crc_common_all.o)
 .debug_abbrev  0x00004d10       0x8e libopencm3/lib\libopencm3_stm32f1.a(desig_common_v1.o)
 .debug_abbrev  0x00004d9e      0x168 libopencm3/lib\libopencm3_stm32f1.a(dma_common_l1f013.o)
 .debug_abbrev  0x00004f06      0x1a2 libopencm3/lib\libopencm3_stm32f1.a(flash.o)
 .debug_abbrev  0x000050a8       0x96 libopencm3/lib\libopencm3_stm32f1.a(flash_common_all.o)
 .debug_abbrev  0x0000513e       0x56 libopencm3/lib\libopencm3_stm32f1.a(flash_common_f.o)
 .debug_abbrev  0x00005194       0xf5 libopencm3/lib\libopencm3_stm32f1.a(flash_common_f01.o)
 .debug_abbrev  0x00005289       0xd2 libopencm3/lib\libopencm3_stm32f1.a(gpio.o)
 .debug_abbrev  0x0000535b      0x115 libopencm3/lib\libopencm3_stm32f1.a(gpio_common_all.o)
 .debug_abbrev  0x00005470      0x10e libopencm3/lib\libopencm3_stm32f1.a(iwdg_common_all.o)
 .debug_abbrev  0x0000557e      0x2be libopencm3/lib\libopencm3_stm32f1.a(rcc.o)
 .debug_abbrev  0x0000583c      0x185 libopencm3/lib\libopencm3_stm32f1.a(rcc_common_all.o)
 .debug_abbrev  0x000059c1      0x20e libopencm3/lib\libopencm3_stm32f1.a(rtc.o)
 .debug_abbrev  0x00005bcf      0x1e7 libopencm3/lib\libopencm3_stm32f1.a(spi_common_all.o)
 .debug_abbrev  0x00005db6       0xd3 libopencm3/lib\libopencm3_stm32f1.a(spi_common_v1.o)
 .debug_abbrev  0x00005e89      0x1ae libopencm3/lib\libopencm3_stm32f1.a(timer_common_all.o)
 .debug_abbrev  0x00006037      0x164 libopencm3/lib\libopencm3_stm32f1.a(usart_common_all.o)
 .debug_abbrev  0x0000619b       0xb6 libopencm3/lib\libopencm3_stm32f1.a(usart_common_f124.o)
 .debug_abbrev  0x00006251      0x149 libopencm3/lib\libopencm3_stm32f1.a(vector.o)
 .debug_abbrev  0x0000639a       0x88 libopencm3/lib\libopencm3_stm32f1.a(scb.o)
 .debug_abbrev  0x00006422       0xb6 libopencm3/lib\libopencm3_stm32f1.a(nvic.o)
 .debug_abbrev  0x000064d8       0x9f libopencm3/lib\libopencm3_stm32f1.a(pwr_common_v1.o)
 .debug_abbrev  0x00006577       0x28 C:/msys64/mingw64/bin/../lib/gcc/arm-none-eabi/13.3.0/thumb/v7/nofp\libgcc.a(_arm_addsubdf3.o)
 .debug_abbrev  0x0000659f       0x28 C:/msys64/mingw64/bin/../lib/gcc/arm-none-eabi/13.3.0/thumb/v7/nofp\libgcc.a(_arm_muldivdf3.o)
 .debug_abbrev  0x000065c7       0x28 C:/msys64/mingw64/bin/../lib/gcc/arm-none-eabi/13.3.0/thumb/v7/nofp\libgcc.a(_arm_fixdfsi.o)
 .debug_abbrev  0x000065ef       0x28 C:/msys64/mingw64/bin/../lib/gcc/arm-none-eabi/13.3.0/thumb/v7/nofp\libgcc.a(_arm_fixunsdfsi.o)
 .debug_abbrev  0x00006617       0x28 C:/msys64/mingw64/bin/../lib/gcc/arm-none-eabi/13.3.0/thumb/v7/nofp\libgcc.a(_arm_truncdfsf2.o)
 .debug_abbrev  0x0000663f       0x28 C:/msys64/mingw64/bin/../lib/gcc/arm-none-eabi/13.3.0/thumb/v7/nofp\libgcc.a(_arm_addsubsf3.o)
 .debug_abbrev  0x00006667       0x28 C:/msys64/mingw64/bin/../lib/gcc/arm-none-eabi/13.3.0/thumb/v7/nofp\libgcc.a(_arm_muldivsf3.o)
 .debug_abbrev  0x0000668f       0x28 C:/msys64/mingw64/bin/../lib/gcc/arm-none-eabi/13.3.0/thumb/v7/nofp\libgcc.a(_arm_cmpsf2.o)
 .debug_abbrev  0x000066b7       0x28 C:/msys64/mingw64/bin/../lib/gcc/arm-none-eabi/13.3.0/thumb/v7/nofp\libgcc.a(_arm_fixsfsi.o)
 .debug_abbrev  0x000066df       0x28 C:/msys64/mingw64/bin/../lib/gcc/arm-none-eabi/13.3.0/thumb/v7/nofp\libgcc.a(_arm_fixunssfsi.o)
 .debug_abbrev  0x00006707       0xb7 C:/msys64/mingw64/bin/../lib/gcc/arm-none-eabi/13.3.0/../../../../arm-none-eabi/lib/thumb/v7/nofp\libc.a(libc_a-memset.o)

.debug_loclists
                0x00000000     0x73fa
 .debug_loclists
                0x00000000      0x28c obj/main.o
 .debug_loclists
                0x0000028c       0x86 obj/hwinit.o
 .debug_loclists
                0x00000312      0x152 obj/stm32scheduler.o
 .debug_loclists
                0x00000464      0x2f5 obj/params.o
 .debug_loclists
                0x00000759      0x535 obj/terminal.o
 .debug_loclists
                0x00000c8e       0xfb obj/terminal_prj.o
 .debug_loclists
                0x00000d89      0x169 obj/digio.o
 .debug_loclists
                0x00000ef2      0x362 obj/sine_core.o
 .debug_loclists
                0x00001254      0x5cd obj/printf.o
 .debug_loclists
                0x00001821      0x22e obj/anain.o
 .debug_loclists
                0x00001a4f      0x110 obj/param_save.o
 .debug_loclists
                0x00001b5f       0x6d obj/errormessage.o
 .debug_loclists
                0x00001bcc      0x35a obj/stm32_can.o
 .debug_loclists
                0x00001f26      0x1c7 obj/canhardware.o
 .debug_loclists
                0x000020ed     0x110b obj/canmap.o
 .debug_loclists