Archive member included to satisfy reference by file (symbol)

libopencm3/lib\libopencm3_stm32f1.a(adc.o)
                              obj/anain.o (adc_power_on)
libopencm3/lib\libopencm3_stm32f1.a(adc_common_v1.o)
                              obj/anain.o (adc_power_off)
libopencm3/lib\libopencm3_stm32f1.a(can.o)
                              obj/stm32_can.o (can_reset)
libopencm3/lib\libopencm3_stm32f1.a(crc_common_all.o)
                              obj/hwinit.o (crc_reset)
libopencm3/lib\libopencm3_stm32f1.a(desig_common_v1.o)
                              obj/hwinit.o (desig_get_flash_size)
libopencm3/lib\libopencm3_stm32f1.a(dma_common_l1f013.o)
                              obj/terminal.o (dma_channel_reset)
libopencm3/lib\libopencm3_stm32f1.a(flash.o)
                              obj/hwinit.o (flash_erase_page)
libopencm3/lib\libopencm3_stm32f1.a(flash_common_all.o)
                              obj/canmap.o (flash_set_ws)
libopencm3/lib\libopencm3_stm32f1.a(flash_common_f.o)
                              obj/hwinit.o (flash_unlock)
libopencm3/lib\libopencm3_stm32f1.a(flash_common_f01.o)
                              libopencm3/lib\libopencm3_stm32f1.a(flash.o) (flash_clear_pgerr_flag)
libopencm3/lib\libopencm3_stm32f1.a(gpio.o)
                              obj/hwinit.o (gpio_set_mode)
libopencm3/lib\libopencm3_stm32f1.a(gpio_common_all.o)
                              obj/main.o (gpio_set)
libopencm3/lib\libopencm3_stm32f1.a(iwdg_common_all.o)
                              obj/main.o (iwdg_reset)
libopencm3/lib\libopencm3_stm32f1.a(rcc.o)
                              obj/stm32scheduler.o (rcc_apb2_frequency)
libopencm3/lib\libopencm3_stm32f1.a(rcc_common_all.o)
                              obj/hwinit.o (rcc_periph_clock_enable)
libopencm3/lib\libopencm3_stm32f1.a(rtc.o)
                              obj/main.o (rtc_get_counter_val)
libopencm3/lib\libopencm3_stm32f1.a(spi_common_all.o)
                              obj/hwinit.o (spi_reset)
libopencm3/lib\libopencm3_stm32f1.a(spi_common_v1.o)
                              obj/hwinit.o (spi_init_master)
libopencm3/lib\libopencm3_stm32f1.a(timer_common_all.o)
                              obj/stm32scheduler.o (timer_enable_irq)
libopencm3/lib\libopencm3_stm32f1.a(usart_common_all.o)
                              obj/hwinit.o (usart_set_baudrate)
libopencm3/lib\libopencm3_stm32f1.a(usart_common_f124.o)
                              libopencm3/lib\libopencm3_stm32f1.a(usart_common_all.o) (usart_send)
libopencm3/lib\libopencm3_stm32f1.a(vector.o)
                              (reset_handler)
libopencm3/lib\libopencm3_stm32f1.a(scb.o)
                              obj/terminalcommands.o (scb_reset_system)
libopencm3/lib\libopencm3_stm32f1.a(nvic.o)
                              obj/hwinit.o (nvic_enable_irq)
libopencm3/lib\libopencm3_stm32f1.a(assert.o)
                              libopencm3/lib\libopencm3_stm32f1.a(rcc.o) (cm3_assert_failed)
libopencm3/lib\libopencm3_stm32f1.a(pwr_common_v1.o)
                              libopencm3/lib\libopencm3_stm32f1.a(rtc.o) (pwr_disable_backup_domain_write_protect)
C:/msys64/mingw64/bin/../lib/gcc/arm-none-eabi/13.3.0/thumb/v7/nofp\libgcc.a(_arm_muldf3.o)
                              obj/BatMan.o (__aeabi_dmul)
C:/msys64/mingw64/bin/../lib/gcc/arm-none-eabi/13.3.0/thumb/v7/nofp\libgcc.a(_arm_mulsf3.o)
                              obj/main.o (__aeabi_fmul)
C:/msys64/mingw64/bin/../lib/gcc/arm-none-eabi/13.3.0/thumb/v7/nofp\libgcc.a(_arm_addsubdf3.o)
                              obj/BatMan.o (__aeabi_dsub)
C:/msys64/mingw64/bin/../lib/gcc/arm-none-eabi/13.3.0/thumb/v7/nofp\libgcc.a(_arm_muldivdf3.o)
                              obj/BatMan.o (__aeabi_ddiv)
C:/msys64/mingw64/bin/../lib/gcc/arm-none-eabi/13.3.0/thumb/v7/nofp\libgcc.a(_arm_fixdfsi.o)
                              obj/BatMan.o (__aeabi_d2iz)
C:/msys64/mingw64/bin/../lib/gcc/arm-none-eabi/13.3.0/thumb/v7/nofp\libgcc.a(_arm_fixunsdfsi.o)
                              obj/BatMan.o (__aeabi_d2uiz)
C:/msys64/mingw64/bin/../lib/gcc/arm-none-eabi/13.3.0/thumb/v7/nofp\libgcc.a(_arm_truncdfsf2.o)
                              obj/BatMan.o (__aeabi_d2f)
C:/msys64/mingw64/bin/../lib/gcc/arm-none-eabi/13.3.0/thumb/v7/nofp\libgcc.a(_arm_addsubsf3.o)
                              obj/main.o (__aeabi_fsub)
C:/msys64/mingw64/bin/../lib/gcc/arm-none-eabi/13.3.0/thumb/v7/nofp\libgcc.a(_arm_muldivsf3.o)
                              obj/main.o (__aeabi_fdiv)
C:/msys64/mingw64/bin/../lib/gcc/arm-none-eabi/13.3.0/thumb/v7/nofp\libgcc.a(_arm_cmpsf2.o)
                              obj/BatMan.o (__aeabi_fcmpeq)
C:/msys64/mingw64/bin/../lib/gcc/arm-none-eabi/13.3.0/thumb/v7/nofp\libgcc.a(_arm_fixsfsi.o)
                              obj/main.o (__aeabi_f2iz)
C:/msys64/mingw64/bin/../lib/gcc/arm-none-eabi/13.3.0/thumb/v7/nofp\libgcc.a(_arm_fixunssfsi.o)
                              obj/BMSUtil.o (__aeabi_f2uiz)
[...]
Memory Configuration

Name             Origin             Length             Attributes
rom              0x08001000         0x0001e000         xr
ram              0x20000000         0x00005000         xrw
*default*        0x00000000         0xffffffff

Linker script and memory map

LOAD obj/main.o
LOAD obj/hwinit.o
LOAD obj/stm32scheduler.o
LOAD obj/params.o
LOAD obj/terminal.o
LOAD obj/terminal_prj.o
LOAD obj/my_string.o
LOAD obj/digio.o
LOAD obj/sine_core.o
LOAD obj/my_fp.o
LOAD obj/printf.o
LOAD obj/anain.o
LOAD obj/param_save.o
LOAD obj/errormessage.o
LOAD obj/stm32_can.o
LOAD obj/canhardware.o
LOAD obj/canmap.o
LOAD obj/picontroller.o
LOAD obj/terminalcommands.o
LOAD obj/BatMan.o
LOAD obj/ModelS.o
LOAD obj/cansdo.o
LOAD obj/BMSUtil.o
LOAD libopencm3/lib\libopencm3_stm32f1.a
START GROUP
LOAD C:/msys64/mingw64/bin/../lib/gcc/arm-none-eabi/13.3.0/thumb/v7/nofp\libgcc.a
LOAD C:/msys64/mingw64/bin/../lib/gcc/arm-none-eabi/13.3.0/../../../../arm-none-eabi/lib/thumb/v7/nofp\libc.a
END GROUP

.text           0x08001000     0x9550
 *(.vectors)
 .vectors       0x08001000      0x150 libopencm3/lib\libopencm3_stm32f1.a(vector.o)
                0x08001000                vector_table
 *(.text*)
 .text._ZN23FunctionPointerCallback8HandleRxEmPmh
                0x08001150       0x10 obj/main.o
                0x08001150                FunctionPointerCallback::HandleRx(unsigned long, unsigned long*, unsigned char)
 .text._ZN23FunctionPointerCallback11HandleClearEv
                0x08001160        0x8 obj/main.o
                0x08001160                FunctionPointerCallback::HandleClear()
 .text._ZL5delayv
                0x08001168       0x14 obj/main.o
 .text._ZL9Ms200Taskv
                0x0800117c        0x2 obj/main.o
 *fill*         0x0800117e        0x2 
 .text._ZL4STOPv
                0x08001180       0x44 obj/main.o
 .text._ZL9sendSTOREv
                0x080011c4       0x44 obj/main.o
 .text._ZL5STARTv
                0x08001208       0x44 obj/main.o
 .text._ZL10initializev
                0x0800124c       0x78 obj/main.o
 .text._ZL9handle521Pm
                0x080012c4       0x20 obj/main.o
 .text._ZL9handle522Pm
                0x080012e4       0x20 obj/main.o
 .text._ZL9handle523Pm
                0x08001304       0x20 obj/main.o
 .text._ZL9handle524Pm
                0x08001324       0x20 obj/main.o
 .text._ZL9handle525Pm
                0x08001344       0x2c obj/main.o
 .text._ZL9handle526Pm
                0x08001370       0x20 obj/main.o
 .text._ZL9handle527Pm
                0x08001390       0x20 obj/main.o
 .text._ZL9handle528Pm
                0x080013b0       0x20 obj/main.o
 .text._ZL13SetCanFiltersv
                0x080013d0       0x90 obj/main.o
 .text._ZN5DigIo3GetEv
                0x08001460       0x26 obj/main.o
                0x08001460                DigIo::Get()
 .text.__cxa_pure_virtual
                0x08001486        0x2 obj/main.o
                0x08001486                __cxa_pure_virtual
 .text.ProcessUdc
                0x08001488       0xd0 obj/main.o
                0x08001488                ProcessUdc
 .text._ZL8Ms10Taskv
                0x08001558       0x10 obj/main.o
 .text._Z7CalcSOCv
                0x08001568       0x64 obj/main.o
                0x08001568                CalcSOC()
 .text.Can_Tasks
                0x080015cc       0x4c obj/main.o
                0x080015cc                Can_Tasks
 .text._ZL9Ms100Taskv
                0x08001618      0x1a0 obj/main.o
 .text._Z9DecodeCANiPm
                0x080017b8       0x68 obj/main.o
                0x080017b8                DecodeCAN(int, unsigned long*)
 .text._ZL11CanCallbackmPmh
                0x08001820       0x30 obj/main.o
 .text._ZN5Param6ChangeENS_9PARAM_NUME
                0x08001850       0x38 obj/main.o
                0x08001850                Param::Change(Param::PARAM_NUM)
 .text.tim2_isr
                0x08001888       0x10 obj/main.o
                0x08001888                tim2_isr
 .text.main     0x08001898      0x244 obj/main.o
                0x08001898                main
 .text.clock_setup
                0x08001adc       0x8c obj/hwinit.o
                0x08001adc                clock_setup
 .text.write_bootloader_pininit
                0x08001b68       0x90 obj/hwinit.o
                0x08001b68                write_bootloader_pininit
 .text.nvic_setup
                0x08001bf8       0x12 obj/hwinit.o
                0x08001bf8                nvic_setup
 .text.rtc_setup
                0x08001c0a       0x14 obj/hwinit.o
                0x08001c0a                rtc_setup
 *fill*         0x08001c1e        0x2 
 .text.spi1_setup
                0x08001c20       0x94 obj/hwinit.o
                0x08001c20                spi1_setup
 .text.usart1_setup
                0x08001cb4       0x58 obj/hwinit.o
                0x08001cb4                usart1_setup
 .text.tim3_setup
                0x08001d0c       0xc8 obj/hwinit.o
                0x08001d0c                tim3_setup
 .text._ZN14Stm32SchedulerC2Em
                0x08001dd4       0x44 obj/stm32scheduler.o
                0x08001dd4                Stm32Scheduler::Stm32Scheduler(unsigned long)
                0x08001dd4                Stm32Scheduler::Stm32Scheduler(unsigned long)
 .text._ZN14Stm32Scheduler7AddTaskEPFvvEt
                0x08001e18       0x6c obj/stm32scheduler.o
                0x08001e18                Stm32Scheduler::AddTask(void (*)(), unsigned short)
 .text._ZN14Stm32Scheduler3RunEv
                0x08001e84       0x70 obj/stm32scheduler.o
                0x08001e84                Stm32Scheduler::Run()
 .text._ZN14Stm32Scheduler10GetCpuLoadEv
                0x08001ef4       0x30 obj/stm32scheduler.o
                0x08001ef4                Stm32Scheduler::GetCpuLoad()
 .text._ZN5Param3SetENS_9PARAM_NUMEl
                0x08001f24       0x3c obj/params.o
                0x08001f24                Param::Set(Param::PARAM_NUM, long)
 .text._ZN5Param3GetENS_9PARAM_NUME
                0x08001f60        0xc obj/params.o
                0x08001f60                Param::Get(Param::PARAM_NUM)
 .text._ZN5Param6GetIntENS_9PARAM_NUME
                0x08001f6c       0x10 obj/params.o
                0x08001f6c                Param::GetInt(Param::PARAM_NUM)
 .text._ZN5Param8GetFloatENS_9PARAM_NUME
                0x08001f7c       0x1c obj/params.o
                0x08001f7c                Param::GetFloat(Param::PARAM_NUM)
 .text._ZN5Param6SetIntENS_9PARAM_NUMEi
                0x08001f98       0x10 obj/params.o
                0x08001f98                Param::SetInt(Param::PARAM_NUM, int)
 .text._ZN5Param8SetFixedENS_9PARAM_NUMEl
                0x08001fa8        0xc obj/params.o
                0x08001fa8                Param::SetFixed(Param::PARAM_NUM, long)
 .text._ZN5Param8SetFloatENS_9PARAM_NUMEf
                0x08001fb4       0x20 obj/params.o
                0x08001fb4                Param::SetFloat(Param::PARAM_NUM, float)
 .text._ZN5Param13NumFromStringEPKc
                0x08001fd4       0x28 obj/params.o
                0x08001fd4                Param::NumFromString(char const*)
 .text._ZN5Param9NumFromIdEm
                0x08001ffc       0x20 obj/params.o
                0x08001ffc                Param::NumFromId(unsigned long)
 .text._ZN5Param9GetAttribENS_9PARAM_NUME
                0x0800201c       0x10 obj/params.o
                0x0800201c                Param::GetAttrib(Param::PARAM_NUM)
 .text._ZN5Param12LoadDefaultsEv
                0x0800202c       0x28 obj/params.o
                0x0800202c                Param::LoadDefaults()
 .text._ZN5Param11SetFlagsRawENS_9PARAM_NUMEh
                0x08002054        0xc obj/params.o
                0x08002054                Param::SetFlagsRaw(Param::PARAM_NUM, unsigned char)
 .text._ZN5Param7SetFlagENS_9PARAM_NUMENS_10PARAM_FLAGE
                0x08002060       0x10 obj/params.o
                0x08002060                Param::SetFlag(Param::PARAM_NUM, Param::PARAM_FLAG)
 .text._ZN5Param9ClearFlagENS_9PARAM_NUMENS_10PARAM_FLAGE
                0x08002070       0x10 obj/params.o
                0x08002070                Param::ClearFlag(Param::PARAM_NUM, Param::PARAM_FLAG)
 .text._ZN5Param7GetFlagENS_9PARAM_NUME
                0x08002080        0xc obj/params.o
                0x08002080                Param::GetFlag(Param::PARAM_NUM)
 .text._ZN5Param7GetTypeENS_9PARAM_NUME
                0x0800208c       0x14 obj/params.o
                0x0800208c                Param::GetType(Param::PARAM_NUM)
 .text._ZN5Param8GetIdSumEv
                0x080020a0        0x8 obj/params.o
                0x080020a0                Param::GetIdSum()
 .text._ZN8Terminal10KeyPressedEv
                0x080020a8        0xc obj/terminal.o
                0x080020a8                Terminal::KeyPressed()
 .text._ZN8Terminal10FlushInputEv
                0x080020b4        0xa obj/terminal.o
                0x080020b4                Terminal::FlushInput()
 .text._ZN8Terminal8ResetDMAEv
                0x080020be       0x34 obj/terminal.o
                0x080020be                Terminal::ResetDMA()
 *fill*         0x080020f2        0x2 
 .text._ZN8TerminalC2EmPK8TERM_CMDbb
                0x080020f4      0x15c obj/terminal.o
                0x080020f4                Terminal::Terminal(unsigned long, TERM_CMD const*, bool, bool)
                0x080020f4                Terminal::Terminal(unsigned long, TERM_CMD const*, bool, bool)
 .text._ZN8Terminal9CmdLookupEPc
                0x08002250       0x2a obj/terminal.o
                0x08002250                Terminal::CmdLookup(char*)
 .text._ZN8Terminal17SendCurrentBufferEm
                0x0800227a       0x82 obj/terminal.o
                0x0800227a                Terminal::SendCurrentBuffer(unsigned long)
 .text._ZN8Terminal7PutCharEc
                0x080022fc       0x4c obj/terminal.o
                0x080022fc                Terminal::PutChar(char)
 .text._ZN8Terminal10SendBinaryEPKhm
                0x08002348       0x32 obj/terminal.o
                0x08002348                Terminal::SendBinary(unsigned char const*, unsigned long)
 .text._ZN8Terminal4SendEPKc
                0x0800237a       0x18 obj/terminal.o
                0x0800237a                Terminal::Send(char const*)
 *fill*         0x08002392        0x2 
 .text._ZN8Terminal10EnableUartEPc
                0x08002394       0x70 obj/terminal.o
                0x08002394                Terminal::EnableUart(char*)
 .text._ZN8Terminal8FastUartEPc
                0x08002404       0x78 obj/terminal.o
                0x08002404                Terminal::FastUart(char*)
 .text._ZN8Terminal4EchoEPc
                0x0800247c       0x3c obj/terminal.o
                0x0800247c                Terminal::Echo(char*)
 .text._ZN8Terminal3RunEv
                0x080024b8      0x17c obj/terminal.o
                0x080024b8                Terminal::Run()
 .text.putchar  0x08002634       0x18 obj/terminal.o
                0x08002634                putchar
 .text._ZL4HelpP8TerminalPc
                0x0800264c        0x2 obj/terminal_prj.o
 .text._ZL11PrintErrorsP8TerminalPc
                0x0800264e        0x8 obj/terminal_prj.o
 *fill*         0x08002656        0x2 
 .text._ZL11PrintSerialP8TerminalPc
                0x08002658       0x28 obj/terminal_prj.o
 .text._ZL12LoadDefaultsP8TerminalPc
                0x08002680       0x18 obj/terminal_prj.o
 .text._ZN16TerminalCommands15PrintParamsJsonEP8TerminalPc
                0x08002698        0x8 obj/terminal_prj.o
                0x08002698                TerminalCommands::PrintParamsJson(Terminal*, char*)
 .text.my_strcmp
                0x080026a0       0x1c obj/my_string.o
                0x080026a0                my_strcmp
 .text.my_strcpy
                0x080026bc       0x12 obj/my_string.o
                0x080026bc                my_strcpy
 .text.my_strlen
                0x080026ce        0xe obj/my_string.o
                0x080026ce                my_strlen
 .text.my_strchr
                0x080026dc       0x10 obj/my_string.o
                0x080026dc                my_strchr
 .text.my_ltoa  0x080026ec       0x56 obj/my_string.o
                0x080026ec                my_ltoa
 .text.my_atoi  0x08002742       0x30 obj/my_string.o
                0x08002742                my_atoi
 *fill*         0x08002772        0x2 
 .text.my_trim  0x08002774       0x54 obj/my_string.o
                0x08002774                my_trim
 .text.memcpy32
                0x080027c8       0x16 obj/my_string.o
                0x080027c8                memcpy32
 .text.memset32
                0x080027de        0xc obj/my_string.o
                0x080027de                memset32
 .text._ZN5DigIo9ConfigureEmtN7PinMode7PinModeE
                0x080027ea       0xa6 obj/digio.o
                0x080027ea                DigIo::Configure(unsigned long, unsigned short, PinMode::PinMode)
 .text._Z41__static_initialization_and_destruction_0v
                0x08002890       0x10 obj/sine_core.o
 .text._GLOBAL__sub_I__ZN8SineCore8minPulseE
                0x080028a0        0x8 obj/sine_core.o
 .text.fp_itoa  0x080028a8       0x5a obj/my_fp.o
                0x080028a8                fp_itoa
 .text.fp_atoi  0x08002902       0x62 obj/my_fp.o
                0x08002902                fp_atoi
 .text._ZL6printsP8IPutCharPKcii
                0x08002964       0x86 obj/printf.o
 .text._ZL6printiP8IPutChariiiiii
                0x080029ea       0xae obj/printf.o
 .text._ZN13ExternPutChar7PutCharEc
                0x08002a98        0xa obj/printf.o
                0x08002a98                ExternPutChar::PutChar(char)
 .text._ZL7printfpP8IPutChariii
                0x08002aa2       0x20 obj/printf.o
 *fill*         0x08002ac2        0x2 
 .text._ZL5printP8IPutCharPKcSt9__va_list
                0x08002ac4      0x16c obj/printf.o
 .text._Z6printfPKcz
                0x08002c30       0x28 obj/printf.o
                0x08002c30                printf(char const*, ...)
 .text._Z7fprintfP8IPutCharPKcz
                0x08002c58       0x1c obj/printf.o
                0x08002c58                fprintf(IPutChar*, char const*, ...)
 .text._Z41__static_initialization_and_destruction_0v
                0x08002c74       0x1c obj/anain.o
 .text._ZN5AnaIn5StartEv
                0x08002c90       0xe8 obj/anain.o
                0x08002c90                AnaIn::Start()
 .text._ZN5AnaIn7median3Eiii
                0x08002d78       0x24 obj/anain.o
                0x08002d78                AnaIn::median3(int, int, int)
 .text._ZN5AnaIn3GetEv
                0x08002d9c       0x44 obj/anain.o
                0x08002d9c                AnaIn::Get()
 .text._ZN5AnaIn13AdcChFromPortEmi
                0x08002de0       0x44 obj/anain.o
                0x08002de0                AnaIn::AdcChFromPort(unsigned long, int)
 .text._ZN5AnaIn9ConfigureEmh
                0x08002e24       0x38 obj/anain.o
                0x08002e24                AnaIn::Configure(unsigned long, unsigned char)
 .text._GLOBAL__sub_I__ZN5AnaIn13channel_arrayE
                0x08002e5c        0x8 obj/anain.o
 .text._ZL15GetFlashAddressv
                0x08002e64       0x12 obj/param_save.o
 .text.parm_save
                0x08002e76       0xb6 obj/param_save.o
                0x08002e76                parm_save
 .text.parm_load
                0x08002f2c       0x5c obj/param_save.o
                0x08002f2c                parm_load
 .text._ZN12ErrorMessage7SetTimeEm
                0x08002f88        0xc obj/errormessage.o
                0x08002f88                ErrorMessage::SetTime(unsigned long)
 .text._ZN12ErrorMessage10PrintErrorEm17ERROR_MESSAGE_NUM
                0x08002f94       0x2c obj/errormessage.o
                0x08002f94                ErrorMessage::PrintError(unsigned long, ERROR_MESSAGE_NUM)
 .text._ZN12ErrorMessage14PrintAllErrorsEv
                0x08002fc0       0x3c obj/errormessage.o
                0x08002fc0                ErrorMessage::PrintAllErrors()
 .text._ZN8Stm32Can11SetBaudrateEN11CanHardware9baudratesE
                0x08002ffc       0x48 obj/stm32_can.o
                0x08002ffc                Stm32Can::SetBaudrate(CanHardware::baudrates)
 .text._ZN8Stm32Can4SendEmPmh
                0x08003044       0x78 obj/stm32_can.o
                0x08003044                Stm32Can::Send(unsigned long, unsigned long*, unsigned char)
 .text._ZN8Stm32Can12GetInterfaceEi
                0x080030bc       0x14 obj/stm32_can.o
                0x080030bc                Stm32Can::GetInterface(int)
 .text._ZN8Stm32Can13HandleMessageEi
                0x080030d0       0x54 obj/stm32_can.o
                0x080030d0                Stm32Can::HandleMessage(int)
 .text._ZN8Stm32Can8HandleTxEv
                0x08003124       0x64 obj/stm32_can.o
                0x08003124                Stm32Can::HandleTx()
 .text._ZN8Stm32Can13SetFilterBankERiS0_Pt
                0x08003188       0x56 obj/stm32_can.o
                0x08003188                Stm32Can::SetFilterBank(int&, int&, unsigned short*)
 .text._ZN8Stm32Can17SetFilterBankMaskERiS0_Pt
                0x080031de       0x5a obj/stm32_can.o
                0x080031de                Stm32Can::SetFilterBankMask(int&, int&, unsigned short*)
 .text._ZN8Stm32Can15SetFilterBank29ERiS0_Pm
                0x08003238       0x38 obj/stm32_can.o
                0x08003238                Stm32Can::SetFilterBank29(int&, int&, unsigned long*)
 .text._ZN8Stm32Can16ConfigureFiltersEv
                0x08003270      0x134 obj/stm32_can.o
                0x08003270                Stm32Can::ConfigureFilters()
 .text._ZN8Stm32CanC2EmN11CanHardware9baudratesEb
                0x080033a4      0x174 obj/stm32_can.o
                0x080033a4                Stm32Can::Stm32Can(unsigned long, CanHardware::baudrates, bool)
                0x080033a4                Stm32Can::Stm32Can(unsigned long, CanHardware::baudrates, bool)
 .text.usb_lp_can_rx0_isr
                0x08003518       0x10 obj/stm32_can.o
                0x08003518                usb_lp_can_rx0_isr
 .text.can_rx1_isr
                0x08003528       0x10 obj/stm32_can.o
                0x08003528                can_rx1_isr
 .text.usb_hp_can_tx_isr
                0x08003538        0xe obj/stm32_can.o
                0x08003538                usb_hp_can_tx_isr
 .text.can2_rx0_isr
                0x08003546       0x10 obj/stm32_can.o
                0x08003546                can2_rx0_isr
 .text.can2_rx1_isr
                0x08003556       0x10 obj/stm32_can.o
                0x08003556                can2_rx1_isr
 .text.can2_tx_isr
                0x08003566        0xe obj/stm32_can.o
                0x08003566                can2_tx_isr
 .text._ZN12NullCallback8HandleRxEmPmh
                0x08003574        0x2 obj/canhardware.o
                0x08003574                NullCallback::HandleRx(unsigned long, unsigned long*, unsigned char)
 .text._ZN12NullCallback11HandleClearEv
                0x08003576        0x2 obj/canhardware.o
                0x08003576                NullCallback::HandleClear()
 .text._ZN11CanHardwareC2Ev
                0x08003578       0x2c obj/canhardware.o
                0x08003578                CanHardware::CanHardware()
                0x08003578                CanHardware::CanHardware()
 .text._ZN11CanHardware11AddCallbackEP11CanCallback
                0x080035a4       0x1e obj/canhardware.o
                0x080035a4                CanHardware::AddCallback(CanCallback*)
 .text._ZN11CanHardware19RegisterUserMessageEmm
                0x080035c2       0x46 obj/canhardware.o
                0x080035c2                CanHardware::RegisterUserMessage(unsigned long, unsigned long)
 .text._ZN11CanHardware17ClearUserMessagesEv
                0x08003608       0x2c obj/canhardware.o
                0x08003608                CanHardware::ClearUserMessages()
 .text._ZN11CanHardware8HandleRxEmPmh
                0x08003634       0x32 obj/canhardware.o
                0x08003634                CanHardware::HandleRx(unsigned long, unsigned long*, unsigned char)
 .text._ZN6CanMap11HandleClearEv
                0x08003666       0x32 obj/canmap.o
                0x08003666                CanMap::HandleClear()
 .text._ZN6CanMap7SendAllEv
                0x08003698      0x148 obj/canmap.o
                0x08003698                CanMap::SendAll()
 .text._ZN6CanMap6RemoveEbhh
                0x080037e0       0xa4 obj/canmap.o
                0x080037e0                CanMap::Remove(bool, unsigned char, unsigned char)
 .text._ZN6CanMap6RemoveEN5Param9PARAM_NUME
                0x08003884       0x80 obj/canmap.o
                0x08003884                CanMap::Remove(Param::PARAM_NUM)
 .text._ZN6CanMap7FindMapEN5Param9PARAM_NUMERmRhRaRfS4_Rb
                0x08003904       0x9a obj/canmap.o
                0x08003904                CanMap::FindMap(Param::PARAM_NUM, unsigned long&, unsigned char&, signed char&, float&, signed char&, bool&)
 .text._ZN6CanMap6GetMapEbhhRm
                0x0800399e       0x6c obj/canmap.o
                0x0800399e                CanMap::GetMap(bool, unsigned char, unsigned char, unsigned long&)
 .text._ZN6CanMap13IterateCanMapEPFvN5Param9PARAM_NUMEmhafabE
                0x08003a0a       0x7a obj/canmap.o
                0x08003a0a                CanMap::IterateCanMap(void (*)(Param::PARAM_NUM, unsigned long, unsigned char, signed char, float, signed char, bool))
 .text._ZN6CanMap8ClearMapEPNS_8CANIDMAPE
                0x08003a84       0x30 obj/canmap.o
                0x08003a84                CanMap::ClearMap(CanMap::CANIDMAP*)
 .text._ZN6CanMap5ClearEv
                0x08003ab4       0x1e obj/canmap.o
                0x08003ab4                CanMap::Clear()
 .text._ZN6CanMap11SaveToFlashEmPmi
                0x08003ad2       0x30 obj/canmap.o
                0x08003ad2                CanMap::SaveToFlash(unsigned long, unsigned long*, int)
 .text._ZN6CanMap8FindByIdEPNS_8CANIDMAPEm
                0x08003b02       0x26 obj/canmap.o
                0x08003b02                CanMap::FindById(CanMap::CANIDMAP*, unsigned long)
 .text._ZN6CanMap8HandleRxEmPmh
                0x08003b28      0x134 obj/canmap.o
                0x08003b28                CanMap::HandleRx(unsigned long, unsigned long*, unsigned char)
 .text._ZN6CanMap3AddEPNS_8CANIDMAPEN5Param9PARAM_NUMEmhafa
                0x08003c5c      0x128 obj/canmap.o
                0x08003c5c                CanMap::Add(CanMap::CANIDMAP*, Param::PARAM_NUM, unsigned long, unsigned char, signed char, float, signed char)
 .text._ZN6CanMap7AddSendEN5Param9PARAM_NUMEmhafa
                0x08003d84       0x32 obj/canmap.o
                0x08003d84                CanMap::AddSend(Param::PARAM_NUM, unsigned long, unsigned char, signed char, float, signed char)
 .text._ZN6CanMap7AddRecvEN5Param9PARAM_NUMEmhafa
                0x08003db6       0x50 obj/canmap.o
                0x08003db6                CanMap::AddRecv(Param::PARAM_NUM, unsigned long, unsigned char, signed char, float, signed char)
 .text._ZZN6CanMap19LegacyLoadFromFlashEvENKUlPZNS_19LegacyLoadFromFlashEvE15LEGACY_CANIDMAPPNS_8CANIDMAPEbE_clES1_S3_b
                0x08003e06       0x9e obj/canmap.o
 .text._ZN6CanMap15GetFlashAddressEv
                0x08003ea4       0x12 obj/canmap.o
                0x08003ea4                CanMap::GetFlashAddress()
 .text._ZN6CanMap19LegacyLoadFromFlashEv
                0x08003eb6       0x4a obj/canmap.o
                0x08003eb6                CanMap::LegacyLoadFromFlash()
 .text._ZN6CanMap21ReplaceParamEnumByUidEPNS_8CANIDMAPE
                0x08003f00       0x42 obj/canmap.o
                0x08003f00                CanMap::ReplaceParamEnumByUid(CanMap::CANIDMAP*)
 .text._ZN6CanMap21ReplaceParamUidByEnumEPNS_8CANIDMAPE
                0x08003f42       0x40 obj/canmap.o
                0x08003f42                CanMap::ReplaceParamUidByEnum(CanMap::CANIDMAP*)
 *fill*         0x08003f82        0x2 
 .text._ZN6CanMap4SaveEv
                0x08003f84       0xbc obj/canmap.o
                0x08003f84                CanMap::Save()
 .text._ZN6CanMap13LoadFromFlashEv
                0x08004040       0x66 obj/canmap.o
                0x08004040                CanMap::LoadFromFlash()
 *fill*         0x080040a6        0x2 
 .text._ZN6CanMapC2EP11CanHardwareb
                0x080040a8       0x48 obj/canmap.o
                0x080040a8                CanMap::CanMap(CanHardware*, bool)
                0x080040a8                CanMap::CanMap(CanHardware*, bool)
 .text._ZN16TerminalCommands11PrintCanMapEN5Param9PARAM_NUMEmhafab
                0x080040f0       0x80 obj/terminalcommands.o
                0x080040f0                TerminalCommands::PrintCanMap(Param::PARAM_NUM, unsigned long, unsigned char, signed char, float, signed char, bool)
 .text._ZN16TerminalCommands8ParamSetEP8TerminalPc
                0x08004170       0x70 obj/terminalcommands.o
                0x08004170                TerminalCommands::ParamSet(Terminal*, char*)
 .text._ZN16TerminalCommands8ParamGetEP8TerminalPc
                0x080041e0       0x58 obj/terminalcommands.o
                0x080041e0                TerminalCommands::ParamGet(Terminal*, char*)
 .text._ZN16TerminalCommands9ParamFlagEP8TerminalPc
                0x08004238       0xa4 obj/terminalcommands.o
                0x08004238                TerminalCommands::ParamFlag(Terminal*, char*)
 .text._ZN16TerminalCommands15PrintParamsJsonEP8IPutCharPc
                0x080042dc      0x158 obj/terminalcommands.o
                0x080042dc                TerminalCommands::PrintParamsJson(IPutChar*, char*)
 .text._ZN16TerminalCommands6MapCanEP8TerminalPc
                0x08004434      0x21c obj/terminalcommands.o
                0x08004434                TerminalCommands::MapCan(Terminal*, char*)
 .text._ZN16TerminalCommands14SaveParametersEP8TerminalPc
                0x08004650       0x4c obj/terminalcommands.o
                0x08004650                TerminalCommands::SaveParameters(Terminal*, char*)
 .text._ZN16TerminalCommands14LoadParametersEP8TerminalPc
                0x0800469c       0x30 obj/terminalcommands.o
                0x0800469c                TerminalCommands::LoadParameters(Terminal*, char*)
 .text._ZN16TerminalCommands5ResetEP8TerminalPc
                0x080046cc        0x6 obj/terminalcommands.o
                0x080046cc                TerminalCommands::Reset(Terminal*, char*)
 .text._ZN16TerminalCommands19ParamNamesToIndexesEPcPN5Param9PARAM_NUMEm
                0x080046d2       0x48 obj/terminalcommands.o
                0x080046d2                TerminalCommands::ParamNamesToIndexes(char*, Param::PARAM_NUM*, unsigned long)
 *fill*         0x0800471a        0x2 
 .text._ZN16TerminalCommands11ParamStreamEP8TerminalPc
                0x0800471c       0xb0 obj/terminalcommands.o
                0x0800471c                TerminalCommands::ParamStream(Terminal*, char*)
 .text._ZN6BATMan8BatStartEv
                0x080047cc       0x14 obj/BatMan.o
                0x080047cc                BATMan::BatStart()
 .text._ZN6BATMan11GetTempDataEv
                0x080047e0       0xc8 obj/BatMan.o
                0x080047e0                BATMan::GetTempData()
 .text._ZN6BATMan6WakeUPEv
                0x080048a8       0x58 obj/BatMan.o
                0x080048a8                BATMan::WakeUP()
 .text._ZN6BATMan17Generic_Send_OnceEPth
                0x08004900       0x40 obj/BatMan.o
                0x08004900                BATMan::Generic_Send_Once(unsigned short*, unsigned char)
 .text._ZN6BATMan8IdleWakeEv
                0x08004940       0x28 obj/BatMan.o
                0x08004940                BATMan::IdleWake()
 .text._ZN6BATMan15upDateCellVoltsEv
                0x08004968      0x1b4 obj/BatMan.o
                0x08004968                BATMan::upDateCellVolts()
 *fill*         0x08004b1c        0x4 
 .text._ZN6BATMan14upDateAuxVoltsEv
                0x08004b20      0x2c8 obj/BatMan.o
                0x08004b20                BATMan::upDateAuxVolts()
 .text._ZN6BATMan11upDateTempsEv
                0x08004de8      0x1b8 obj/BatMan.o
                0x08004de8                BATMan::upDateTemps()
 .text._ZN6BATMan7calcCRCEPhh
                0x08004fa0       0x2c obj/BatMan.o
                0x08004fa0                BATMan::calcCRC(unsigned char*, unsigned char)
 .text._ZN6BATMan7GetDataEh
                0x08004fcc      0x3a8 obj/BatMan.o
                0x08004fcc                BATMan::GetData(unsigned char)
 .text._ZN6BATMan11crc14_bytesEhPhPt
                0x08005374       0x40 obj/BatMan.o
                0x08005374                BATMan::crc14_bytes(unsigned char, unsigned char*, unsigned short*)
 .text._ZN6BATMan10crc14_bitsEhhPt
                0x080053b4       0x40 obj/BatMan.o
                0x080053b4                BATMan::crc14_bits(unsigned char, unsigned char, unsigned short*)
 .text._ZN6BATMan8WriteCfgEv
                0x080053f4      0x130 obj/BatMan.o
                0x080053f4                BATMan::WriteCfg()
 .text._ZN6BATMan12StateMachineEv
                0x08005524      0x270 obj/BatMan.o
                0x08005524                BATMan::StateMachine()
 .text._ZN6BATMan4loopEv
                0x08005794        0x8 obj/BatMan.o
                0x08005794                BATMan::loop()
 .text._ZN6CanSdo7PutCharEc
                0x0800579c       0x1e obj/cansdo.o
                0x0800579c                CanSdo::PutChar(char)
 .text._ZThn4_N6CanSdo7PutCharEc
                0x080057ba        0x8 obj/cansdo.o
                0x080057ba                non-virtual thunk to CanSdo::PutChar(char)
 .text._ZN6CanSdo11HandleClearEv
                0x080057c2       0x28 obj/cansdo.o
                0x080057c2                CanSdo::HandleClear()
 *fill*         0x080057ea        0x2 
 .text._ZN6CanSdoC2EP11CanHardwareP6CanMap
                0x080057ec       0x48 obj/cansdo.o
                0x080057ec                CanSdo::CanSdo(CanHardware*, CanMap*)
                0x080057ec                CanSdo::CanSdo(CanHardware*, CanMap*)
 .text._ZN6CanSdo9SetNodeIdEh
                0x08005834        0xc obj/cansdo.o
                0x08005834                CanSdo::SetNodeId(unsigned char)
 .text._ZN6CanSdo24ProcessSpecialSDOObjectsEPNS_7CAN_SDOE
                0x08005840      0x124 obj/cansdo.o
                0x08005840                CanSdo::ProcessSpecialSDOObjects(CanSdo::CAN_SDO*)
 .text._ZN6CanSdo18ReadOrDeleteCanMapEPNS_7CAN_SDOE
                0x08005964       0xdc obj/cansdo.o
                0x08005964                CanSdo::ReadOrDeleteCanMap(CanSdo::CAN_SDO*)
 .text._ZN6CanSdo9AddCanMapEPNS_7CAN_SDOEb
                0x08005a40       0xf4 obj/cansdo.o
                0x08005a40                CanSdo::AddCanMap(CanSdo::CAN_SDO*, bool)
 .text._ZN6CanSdo10ProcessSDOEPm
                0x08005b34      0x130 obj/cansdo.o
                0x08005b34                CanSdo::ProcessSDO(unsigned long*)
 .text._ZN6CanSdo8HandleRxEmPmh
                0x08005c64       0x36 obj/cansdo.o
                0x08005c64                CanSdo::HandleRx(unsigned long, unsigned long*, unsigned char)
 *fill*         0x08005c9a        0x2 
 .text._ZN7BMSUtil22EstimateSocFromVoltageEv
                0x08005c9c       0x80 obj/BMSUtil.o
                0x08005c9c                BMSUtil::EstimateSocFromVoltage()
 .text._ZN7BMSUtil9UpdateSOCEv
                0x08005d1c       0xb8 obj/BMSUtil.o
                0x08005d1c                BMSUtil::UpdateSOC()
 .text.adc_power_on
                0x08005dd4       0x10 libopencm3/lib\libopencm3_stm32f1.a(adc.o)
                0x08005dd4                adc_power_on
 .text.adc_enable_temperature_sensor
                0x08005de4       0x14 libopencm3/lib\libopencm3_stm32f1.a(adc.o)
                0x08005de4                adc_enable_temperature_sensor
 .text.adc_enable_external_trigger_regular
                0x08005df8       0x14 libopencm3/lib\libopencm3_stm32f1.a(adc.o)
                0x08005df8                adc_enable_external_trigger_regular
 .text.adc_reset_calibration
                0x08005e0c       0x14 libopencm3/lib\libopencm3_stm32f1.a(adc.o)
                0x08005e0c                adc_reset_calibration
 .text.adc_calibrate_async
                0x08005e20        0xa libopencm3/lib\libopencm3_stm32f1.a(adc.o)
                0x08005e20                adc_calibrate_async
 .text.adc_is_calibrating
                0x08005e2a        0x8 libopencm3/lib\libopencm3_stm32f1.a(adc.o)
                0x08005e2a                adc_is_calibrating
 .text.adc_calibrate
                0x08005e32       0x14 libopencm3/lib\libopencm3_stm32f1.a(adc.o)
                0x08005e32                adc_calibrate
 .text.adc_set_sample_time_on_all_channels
                0x08005e46       0x2a libopencm3/lib\libopencm3_stm32f1.a(adc.o)
                0x08005e46                adc_set_sample_time_on_all_channels
 .text.adc_power_off
                0x08005e70        0xa libopencm3/lib\libopencm3_stm32f1.a(adc_common_v1.o)
                0x08005e70                adc_power_off
 .text.adc_enable_scan_mode
                0x08005e7a        0xa libopencm3/lib\libopencm3_stm32f1.a(adc_common_v1.o)
                0x08005e7a                adc_enable_scan_mode
 .text.adc_set_right_aligned
                0x08005e84        0xa libopencm3/lib\libopencm3_stm32f1.a(adc_common_v1.o)
                0x08005e84                adc_set_right_aligned
 .text.adc_set_continuous_conversion_mode
                0x08005e8e        0xa libopencm3/lib\libopencm3_stm32f1.a(adc_common_v1.o)
                0x08005e8e                adc_set_continuous_conversion_mode
 .text.adc_set_regular_sequence
                0x08005e98       0x5c libopencm3/lib\libopencm3_stm32f1.a(adc_common_v1.o)
                0x08005e98                adc_set_regular_sequence
 .text.adc_start_conversion_regular
                0x08005ef4       0x14 libopencm3/lib\libopencm3_stm32f1.a(adc_common_v1.o)
                0x08005ef4                adc_start_conversion_regular
 .text.adc_enable_dma
                0x08005f08        0xa libopencm3/lib\libopencm3_stm32f1.a(adc_common_v1.o)
                0x08005f08                adc_enable_dma
 *fill*         0x08005f12        0x2 
 .text.can_reset
                0x08005f14       0x18 libopencm3/lib\libopencm3_stm32f1.a(can.o)
                0x08005f14                can_reset
 .text.can_init
                0x08005f2c      0x12a libopencm3/lib\libopencm3_stm32f1.a(can.o)
                0x08005f2c                can_init
 *fill*         0x08006056        0x2 
 .text.can_filter_init
                0x08006058       0x98 libopencm3/lib\libopencm3_stm32f1.a(can.o)
                0x08006058                can_filter_init
 .text.can_filter_id_mask_16bit_init
                0x080060f0       0x20 libopencm3/lib\libopencm3_stm32f1.a(can.o)
                0x080060f0                can_filter_id_mask_16bit_init
 .text.can_filter_id_list_16bit_init
                0x08006110       0x20 libopencm3/lib\libopencm3_stm32f1.a(can.o)
                0x08006110                can_filter_id_list_16bit_init
 .text.can_filter_id_list_32bit_init
                0x08006130       0x1a libopencm3/lib\libopencm3_stm32f1.a(can.o)
                0x08006130                can_filter_id_list_32bit_init
 .text.can_enable_irq
                0x0800614a        0x8 libopencm3/lib\libopencm3_stm32f1.a(can.o)
                0x0800614a                can_enable_irq
 .text.can_disable_irq
                0x08006152        0xa libopencm3/lib\libopencm3_stm32f1.a(can.o)
                0x08006152                can_disable_irq
 .text.can_transmit
                0x0800615c       0xca libopencm3/lib\libopencm3_stm32f1.a(can.o)
                0x0800615c                can_transmit
 .text.can_fifo_release
                0x08006226       0x16 libopencm3/lib\libopencm3_stm32f1.a(can.o)
                0x08006226                can_fifo_release
 .text.can_fifo_pending
                0x0800623c        0xe libopencm3/lib\libopencm3_stm32f1.a(can.o)
                0x0800623c                can_fifo_pending
 .text.can_receive
                0x0800624a       0xb8 libopencm3/lib\libopencm3_stm32f1.a(can.o)
                0x0800624a                can_receive
 *fill*         0x08006302        0x2 
 .text.crc_reset
                0x08006304       0x10 libopencm3/lib\libopencm3_stm32f1.a(crc_common_all.o)
                0x08006304                crc_reset
 .text.crc_calculate
                0x08006314        0xc libopencm3/lib\libopencm3_stm32f1.a(crc_common_all.o)
                0x08006314                crc_calculate
 .text.crc_calculate_block
                0x08006320       0x1c libopencm3/lib\libopencm3_stm32f1.a(crc_common_all.o)
                0x08006320                crc_calculate_block
 .text.desig_get_flash_size
                0x0800633c        0xc libopencm3/lib\libopencm3_stm32f1.a(desig_common_v1.o)
                0x0800633c                desig_get_flash_size
 .text.dma_channel_reset
                0x08006348       0x20 libopencm3/lib\libopencm3_stm32f1.a(dma_common_l1f013.o)
                0x08006348                dma_channel_reset
 .text.dma_clear_interrupt_flags
                0x08006368        0xa libopencm3/lib\libopencm3_stm32f1.a(dma_common_l1f013.o)
                0x08006368                dma_clear_interrupt_flags
 .text.dma_get_interrupt_flag
                0x08006372       0x12 libopencm3/lib\libopencm3_stm32f1.a(dma_common_l1f013.o)
                0x08006372                dma_get_interrupt_flag
 .text.dma_set_memory_size
                0x08006384       0x18 libopencm3/lib\libopencm3_stm32f1.a(dma_common_l1f013.o)
                0x08006384                dma_set_memory_size
 .text.dma_set_peripheral_size
                0x0800639c       0x18 libopencm3/lib\libopencm3_stm32f1.a(dma_common_l1f013.o)
                0x0800639c                dma_set_peripheral_size
 .text.dma_enable_memory_increment_mode
                0x080063b4       0x12 libopencm3/lib\libopencm3_stm32f1.a(dma_common_l1f013.o)
                0x080063b4                dma_enable_memory_increment_mode
 .text.dma_enable_circular_mode
                0x080063c6       0x1a libopencm3/lib\libopencm3_stm32f1.a(dma_common_l1f013.o)
                0x080063c6                dma_enable_circular_mode
 .text.dma_set_read_from_memory
                0x080063e0       0x12 libopencm3/lib\libopencm3_stm32f1.a(dma_common_l1f013.o)
                0x080063e0                dma_set_read_from_memory
 .text.dma_enable_channel
                0x080063f2       0x12 libopencm3/lib\libopencm3_stm32f1.a(dma_common_l1f013.o)
                0x080063f2                dma_enable_channel
 .text.dma_disable_channel
                0x08006404       0x12 libopencm3/lib\libopencm3_stm32f1.a(dma_common_l1f013.o)
                0x08006404                dma_disable_channel
 .text.dma_set_peripheral_address
                0x08006416       0x12 libopencm3/lib\libopencm3_stm32f1.a(dma_common_l1f013.o)
                0x08006416                dma_set_peripheral_address
 .text.dma_set_memory_address
                0x08006428       0x12 libopencm3/lib\libopencm3_stm32f1.a(dma_common_l1f013.o)
                0x08006428                dma_set_memory_address
 .text.dma_get_number_of_data
                0x0800643a        0xe libopencm3/lib\libopencm3_stm32f1.a(dma_common_l1f013.o)
                0x0800643a                dma_get_number_of_data
 .text.dma_set_number_of_data
                0x08006448        0xc libopencm3/lib\libopencm3_stm32f1.a(dma_common_l1f013.o)
                0x08006448                dma_set_number_of_data
 .text.flash_get_status_flags
                0x08006454       0x20 libopencm3/lib\libopencm3_stm32f1.a(flash.o)
                0x08006454                flash_get_status_flags
 .text.flash_program_half_word
                0x08006474       0x64 libopencm3/lib\libopencm3_stm32f1.a(flash.o)
                0x08006474                flash_program_half_word
 .text.flash_erase_page
                0x080064d8       0x74 libopencm3/lib\libopencm3_stm32f1.a(flash.o)
                0x080064d8                flash_erase_page
 .text.flash_set_ws
                0x0800654c       0x14 libopencm3/lib\libopencm3_stm32f1.a(flash_common_all.o)
                0x0800654c                flash_set_ws
 .text.flash_unlock
                0x08006560       0x18 libopencm3/lib\libopencm3_stm32f1.a(flash_common_f.o)
                0x08006560                flash_unlock
 .text.flash_lock
                0x08006578       0x10 libopencm3/lib\libopencm3_stm32f1.a(flash_common_f.o)
                0x08006578                flash_lock
 .text.flash_wait_for_last_operation
                0x08006588        0xc libopencm3/lib\libopencm3_stm32f1.a(flash_common_f01.o)
                0x08006588                flash_wait_for_last_operation
 .text.flash_program_word
                0x08006594       0x18 libopencm3/lib\libopencm3_stm32f1.a(flash_common_f01.o)
                0x08006594                flash_program_word
 .text.gpio_set_mode
                0x080065ac       0x5e libopencm3/lib\libopencm3_stm32f1.a(gpio.o)
                0x080065ac                gpio_set_mode
 *fill*         0x0800660a        0x2 
 .text.gpio_primary_remap
                0x0800660c       0x14 libopencm3/lib\libopencm3_stm32f1.a(gpio.o)
                0x0800660c                gpio_primary_remap
 .text.gpio_set
                0x08006620        0x4 libopencm3/lib\libopencm3_stm32f1.a(gpio_common_all.o)
                0x08006620                gpio_set
 .text.gpio_clear
                0x08006624        0x6 libopencm3/lib\libopencm3_stm32f1.a(gpio_common_all.o)
                0x08006624                gpio_clear
 .text.gpio_get
                0x0800662a        0x6 libopencm3/lib\libopencm3_stm32f1.a(gpio_common_all.o)
                0x0800662a                gpio_get
 .text.gpio_toggle
                0x08006630       0x12 libopencm3/lib\libopencm3_stm32f1.a(gpio_common_all.o)
                0x08006630                gpio_toggle
 *fill*         0x08006642        0x2 
 .text.iwdg_reset
                0x08006644       0x10 libopencm3/lib\libopencm3_stm32f1.a(iwdg_common_all.o)
                0x08006644                iwdg_reset
 .text.rcc_is_osc_ready
                0x08006654       0x58 libopencm3/lib\libopencm3_stm32f1.a(rcc.o)
                0x08006654                rcc_is_osc_ready
 .text.rcc_wait_for_osc_ready
                0x080066ac       0x10 libopencm3/lib\libopencm3_stm32f1.a(rcc.o)
                0x080066ac                rcc_wait_for_osc_ready
 .text.rcc_osc_on
                0x080066bc       0x60 libopencm3/lib\libopencm3_stm32f1.a(rcc.o)
                0x080066bc                rcc_osc_on
 .text.rcc_set_sysclk_source
                0x0800671c       0x14 libopencm3/lib\libopencm3_stm32f1.a(rcc.o)
                0x0800671c                rcc_set_sysclk_source
 .text.rcc_set_pll_multiplication_factor
                0x08006730       0x14 libopencm3/lib\libopencm3_stm32f1.a(rcc.o)
                0x08006730                rcc_set_pll_multiplication_factor
 .text.rcc_set_pll2_multiplication_factor
                0x08006744       0x14 libopencm3/lib\libopencm3_stm32f1.a(rcc.o)
                0x08006744                rcc_set_pll2_multiplication_factor
 .text.rcc_set_pll3_multiplication_factor
                0x08006758       0x14 libopencm3/lib\libopencm3_stm32f1.a(rcc.o)
                0x08006758                rcc_set_pll3_multiplication_factor
 .text.rcc_set_pll_source
                0x0800676c       0x14 libopencm3/lib\libopencm3_stm32f1.a(rcc.o)
                0x0800676c                rcc_set_pll_source
 .text.rcc_set_pllxtpre
                0x08006780       0x14 libopencm3/lib\libopencm3_stm32f1.a(rcc.o)
                0x08006780                rcc_set_pllxtpre
 .text.rcc_rtc_clock_enabled_flag
                0x08006794       0x10 libopencm3/lib\libopencm3_stm32f1.a(rcc.o)
                0x08006794                rcc_rtc_clock_enabled_flag
 .text.rcc_enable_rtc_clock
                0x080067a4       0x10 libopencm3/lib\libopencm3_stm32f1.a(rcc.o)
                0x080067a4                rcc_enable_rtc_clock
 .text.rcc_set_rtc_clock_source
                0x080067b4       0x84 libopencm3/lib\libopencm3_stm32f1.a(rcc.o)
                0x080067b4                rcc_set_rtc_clock_source
 .text.rcc_set_adcpre
                0x08006838       0x14 libopencm3/lib\libopencm3_stm32f1.a(rcc.o)
                0x08006838                rcc_set_adcpre
 .text.rcc_set_ppre2
                0x0800684c       0x14 libopencm3/lib\libopencm3_stm32f1.a(rcc.o)
                0x0800684c                rcc_set_ppre2
 .text.rcc_set_ppre1
                0x08006860       0x14 libopencm3/lib\libopencm3_stm32f1.a(rcc.o)
                0x08006860                rcc_set_ppre1
 .text.rcc_set_hpre
                0x08006874       0x14 libopencm3/lib\libopencm3_stm32f1.a(rcc.o)
                0x08006874                rcc_set_hpre
 .text.rcc_set_usbpre
                0x08006888       0x18 libopencm3/lib\libopencm3_stm32f1.a(rcc.o)
                0x08006888                rcc_set_usbpre
 .text.rcc_set_prediv1
                0x080068a0       0x14 libopencm3/lib\libopencm3_stm32f1.a(rcc.o)
                0x080068a0                rcc_set_prediv1
 .text.rcc_set_prediv2
                0x080068b4       0x14 libopencm3/lib\libopencm3_stm32f1.a(rcc.o)
                0x080068b4                rcc_set_prediv2
 .text.rcc_set_prediv1_source
                0x080068c8       0x18 libopencm3/lib\libopencm3_stm32f1.a(rcc.o)
                0x080068c8                rcc_set_prediv1_source
 .text.rcc_clock_setup_pll
                0x080068e0       0xbc libopencm3/lib\libopencm3_stm32f1.a(rcc.o)
                0x080068e0                rcc_clock_setup_pll
 .text.rcc_periph_clock_enable
                0x0800699c       0x1a libopencm3/lib\libopencm3_stm32f1.a(rcc_common_all.o)
                0x0800699c                rcc_periph_clock_enable
 .text.rcc_periph_reset_pulse
                0x080069b6       0x22 libopencm3/lib\libopencm3_stm32f1.a(rcc_common_all.o)
                0x080069b6                rcc_periph_reset_pulse
 .text.rtc_enter_config_mode
                0x080069d8       0x1c libopencm3/lib\libopencm3_stm32f1.a(rtc.o)
                0x080069d8                rtc_enter_config_mode
 .text.rtc_exit_config_mode
                0x080069f4       0x1c libopencm3/lib\libopencm3_stm32f1.a(rtc.o)
                0x080069f4                rtc_exit_config_mode
 .text.rtc_awake_from_off
                0x08006a10       0x6c libopencm3/lib\libopencm3_stm32f1.a(rtc.o)
                0x08006a10                rtc_awake_from_off
 .text.rtc_set_prescale_val
                0x08006a7c       0x24 libopencm3/lib\libopencm3_stm32f1.a(rtc.o)
                0x08006a7c                rtc_set_prescale_val
 .text.rtc_get_counter_val
                0x08006aa0       0x14 libopencm3/lib\libopencm3_stm32f1.a(rtc.o)
                0x08006aa0                rtc_get_counter_val
 .text.rtc_set_counter_val
                0x08006ab4       0x20 libopencm3/lib\libopencm3_stm32f1.a(rtc.o)
                0x08006ab4                rtc_set_counter_val
 .text.rtc_awake_from_standby
                0x08006ad4       0x3c libopencm3/lib\libopencm3_stm32f1.a(rtc.o)
                0x08006ad4                rtc_awake_from_standby
 .text.rtc_auto_awake
                0x08006b10       0x34 libopencm3/lib\libopencm3_stm32f1.a(rtc.o)
                0x08006b10                rtc_auto_awake
 .text.spi_reset
                0x08006b44       0x30 libopencm3/lib\libopencm3_stm32f1.a(spi_common_all.o)
                0x08006b44                spi_reset
 .text.spi_enable
                0x08006b74        0xa libopencm3/lib\libopencm3_stm32f1.a(spi_common_all.o)
                0x08006b74                spi_enable
 .text.spi_xfer
                0x08006b7e        0xe libopencm3/lib\libopencm3_stm32f1.a(spi_common_all.o)
                0x08006b7e                spi_xfer
 .text.spi_enable_software_slave_management
                0x08006b8c       0x12 libopencm3/lib\libopencm3_stm32f1.a(spi_common_all.o)
                0x08006b8c                spi_enable_software_slave_management
 .text.spi_set_nss_high
                0x08006b9e        0xa libopencm3/lib\libopencm3_stm32f1.a(spi_common_all.o)
                0x08006b9e                spi_set_nss_high
 .text.spi_set_standard_mode
                0x08006ba8       0x10 libopencm3/lib\libopencm3_stm32f1.a(spi_common_all.o)
                0x08006ba8                spi_set_standard_mode
 .text.spi_init_master
                0x08006bb8       0x28 libopencm3/lib\libopencm3_stm32f1.a(spi_common_v1.o)
                0x08006bb8                spi_init_master
 .text.timer_enable_irq
                0x08006be0        0x8 libopencm3/lib\libopencm3_stm32f1.a(timer_common_all.o)
                0x08006be0                timer_enable_irq
 .text.timer_get_flag
                0x08006be8        0xc libopencm3/lib\libopencm3_stm32f1.a(timer_common_all.o)
                0x08006be8                timer_get_flag
 .text.timer_clear_flag
                0x08006bf4        0x6 libopencm3/lib\libopencm3_stm32f1.a(timer_common_all.o)
                0x08006bf4                timer_clear_flag
 .text.timer_enable_preload
                0x08006bfa        0xa libopencm3/lib\libopencm3_stm32f1.a(timer_common_all.o)
                0x08006bfa                timer_enable_preload
 .text.timer_set_alignment
                0x08006c04       0x14 libopencm3/lib\libopencm3_stm32f1.a(timer_common_all.o)
                0x08006c04                timer_set_alignment
 .text.timer_direction_up
                0x08006c18        0xa libopencm3/lib\libopencm3_stm32f1.a(timer_common_all.o)
                0x08006c18                timer_direction_up
 .text.timer_enable_counter
                0x08006c22        0xa libopencm3/lib\libopencm3_stm32f1.a(timer_common_all.o)
                0x08006c22                timer_enable_counter
 .text.timer_disable_counter
                0x08006c2c        0xa libopencm3/lib\libopencm3_stm32f1.a(timer_common_all.o)
                0x08006c2c                timer_disable_counter
 .text.timer_set_prescaler
                0x08006c36        0x4 libopencm3/lib\libopencm3_stm32f1.a(timer_common_all.o)
                0x08006c36                timer_set_prescaler
 .text.timer_set_period
                0x08006c3a        0x4 libopencm3/lib\libopencm3_stm32f1.a(timer_common_all.o)
                0x08006c3a                timer_set_period
 .text.timer_set_oc_mode
                0x08006c3e      0x18c libopencm3/lib\libopencm3_stm32f1.a(timer_common_all.o)
                0x08006c3e                timer_set_oc_mode
 .text.timer_enable_oc_preload
                0x08006dca       0x34 libopencm3/lib\libopencm3_stm32f1.a(timer_common_all.o)
                0x08006dca                timer_enable_oc_preload
 .text.timer_set_oc_polarity_high
                0x08006dfe       0x4a libopencm3/lib\libopencm3_stm32f1.a(timer_common_all.o)
                0x08006dfe                timer_set_oc_polarity_high
 .text.timer_enable_oc_output
                0x08006e48       0x4a libopencm3/lib\libopencm3_stm32f1.a(timer_common_all.o)
                0x08006e48                timer_enable_oc_output
 .text.timer_set_oc_value
                0x08006e92       0x20 libopencm3/lib\libopencm3_stm32f1.a(timer_common_all.o)
                0x08006e92                timer_set_oc_value
 .text.timer_generate_event
                0x08006eb2        0x8 libopencm3/lib\libopencm3_stm32f1.a(timer_common_all.o)
                0x08006eb2                timer_generate_event
 .text.timer_get_counter
                0x08006eba        0x4 libopencm3/lib\libopencm3_stm32f1.a(timer_common_all.o)
                0x08006eba                timer_get_counter
 .text.timer_set_counter
                0x08006ebe        0x4 libopencm3/lib\libopencm3_stm32f1.a(timer_common_all.o)
                0x08006ebe                timer_set_counter
 *fill*         0x08006ec2        0x2 
 .text.usart_set_baudrate
                0x08006ec4       0x28 libopencm3/lib\libopencm3_stm32f1.a(usart_common_all.o)
                0x08006ec4                usart_set_baudrate
 .text.usart_set_databits
                0x08006eec       0x12 libopencm3/lib\libopencm3_stm32f1.a(usart_common_all.o)
                0x08006eec                usart_set_databits
 .text.usart_set_stopbits
                0x08006efe        0xc libopencm3/lib\libopencm3_stm32f1.a(usart_common_all.o)
                0x08006efe                usart_set_stopbits
 .text.usart_set_parity
                0x08006f0a        0xc libopencm3/lib\libopencm3_stm32f1.a(usart_common_all.o)
                0x08006f0a                usart_set_parity
 .text.usart_set_mode
                0x08006f16        0xc libopencm3/lib\libopencm3_stm32f1.a(usart_common_all.o)
                0x08006f16                usart_set_mode
 .text.usart_set_flow_control
                0x08006f22        0xc libopencm3/lib\libopencm3_stm32f1.a(usart_common_all.o)
                0x08006f22                usart_set_flow_control
 .text.usart_enable
                0x08006f2e        0xa libopencm3/lib\libopencm3_stm32f1.a(usart_common_all.o)
                0x08006f2e                usart_enable
 .text.usart_send_blocking
                0x08006f38       0x16 libopencm3/lib\libopencm3_stm32f1.a(usart_common_all.o)
                0x08006f38                usart_send_blocking
 .text.usart_enable_rx_dma
                0x08006f4e        0xa libopencm3/lib\libopencm3_stm32f1.a(usart_common_all.o)
                0x08006f4e                usart_enable_rx_dma
 .text.usart_enable_tx_dma
                0x08006f58        0xa libopencm3/lib\libopencm3_stm32f1.a(usart_common_all.o)
                0x08006f58                usart_enable_tx_dma
 .text.usart_send
                0x08006f62        0x8 libopencm3/lib\libopencm3_stm32f1.a(usart_common_f124.o)
                0x08006f62                usart_send
 .text.usart_recv
                0x08006f6a        0x8 libopencm3/lib\libopencm3_stm32f1.a(usart_common_f124.o)
                0x08006f6a                usart_recv
 .text.usart_wait_send_ready
                0x08006f72        0x8 libopencm3/lib\libopencm3_stm32f1.a(usart_common_f124.o)
                0x08006f72                usart_wait_send_ready
 .text.usart_get_flag
                0x08006f7a        0xc libopencm3/lib\libopencm3_stm32f1.a(usart_common_f124.o)
                0x08006f7a                usart_get_flag
 .text.blocking_handler
                0x08006f86        0x2 libopencm3/lib\libopencm3_stm32f1.a(vector.o)
                0x08006f86                usart3_isr
                0x08006f86                rtc_isr
                0x08006f86                tim7_isr
                0x08006f86                adc1_2_isr
                0x08006f86                tim1_trg_com_isr
                0x08006f86                tim6_isr
                0x08006f86                usb_wakeup_isr
                0x08006f86                blocking_handler
                0x08006f86                tim5_isr
                0x08006f86                otg_fs_isr
                0x08006f86                spi1_isr
                0x08006f86                exti2_isr
                0x08006f86                dma1_channel6_isr
                0x08006f86                dma1_channel5_isr
                0x08006f86                dma2_channel5_isr
                0x08006f86                usart1_isr
                0x08006f86                usage_fault_handler
                0x08006f86                tim8_trg_com_isr
                0x08006f86                tim1_brk_isr
                0x08006f86                tim1_cc_isr
                0x08006f86                sdio_isr
                0x08006f86                eth_isr
                0x08006f86                dma1_channel4_isr
                0x08006f86                tim8_brk_isr
                0x08006f86                dma2_channel4_5_isr
                0x08006f86                pvd_isr
                0x08006f86                rcc_isr
                0x08006f86                flash_isr
                0x08006f86                uart4_isr
                0x08006f86                rtc_alarm_isr
                0x08006f86                exti15_10_isr
                0x08006f86                hard_fault_handler
                0x08006f86                exti1_isr
                0x08006f86                i2c1_ev_isr
                0x08006f86                dma2_channel1_isr
                0x08006f86                spi2_isr
                0x08006f86                tim8_up_isr
                0x08006f86                dma2_channel2_isr
                0x08006f86                exti3_isr
                0x08006f86                adc3_isr
                0x08006f86                tim3_isr
                0x08006f86                usart2_isr
                0x08006f86                i2c2_er_isr
                0x08006f86                i2c2_ev_isr
                0x08006f86                uart5_isr
                0x08006f86                fsmc_isr
                0x08006f86                dma1_channel1_isr
                0x08006f86                exti4_isr
                0x08006f86                mem_manage_handler
                0x08006f86                exti9_5_isr
                0x08006f86                dma2_channel3_isr
                0x08006f86                dma1_channel7_isr
                0x08006f86                tim1_up_isr
                0x08006f86                can2_sce_isr
                0x08006f86                tim4_isr
                0x08006f86                dma1_channel2_isr
                0x08006f86                i2c1_er_isr
                0x08006f86                can_sce_isr
                0x08006f86                tim8_cc_isr
                0x08006f86                tamper_isr
                0x08006f86                eth_wkup_isr
                0x08006f86                bus_fault_handler
                0x08006f86                wwdg_isr
                0x08006f86                dma1_channel3_isr
                0x08006f86                spi3_isr
                0x08006f86                exti0_isr
 .text.null_handler
                0x08006f88        0x2 libopencm3/lib\libopencm3_stm32f1.a(vector.o)
                0x08006f88                sv_call_handler
                0x08006f88                pend_sv_handler
                0x08006f88                debug_monitor_handler
                0x08006f88                sys_tick_handler
                0x08006f88                nmi_handler
                0x08006f88                null_handler
 *fill*         0x08006f8a        0x2 
 .text.reset_handler
                0x08006f8c       0xc8 libopencm3/lib\libopencm3_stm32f1.a(vector.o)
                0x08006f8c                reset_handler
 .text.scb_reset_system
                0x08007054       0x10 libopencm3/lib\libopencm3_stm32f1.a(scb.o)
                0x08007054                scb_reset_system
 .text.nvic_enable_irq
                0x08007064       0x18 libopencm3/lib\libopencm3_stm32f1.a(nvic.o)
                0x08007064                nvic_enable_irq
 .text.nvic_set_priority
                0x0800707c       0x20 libopencm3/lib\libopencm3_stm32f1.a(nvic.o)
                0x0800707c                nvic_set_priority
 .text.pwr_disable_backup_domain_write_protect
                0x0800709c       0x10 libopencm3/lib\libopencm3_stm32f1.a(pwr_common_v1.o)
                0x0800709c                pwr_disable_backup_domain_write_protect
 .text          0x080070ac      0x378 C:/msys64/mingw64/bin/../lib/gcc/arm-none-eabi/13.3.0/thumb/v7/nofp\libgcc.a(_arm_addsubdf3.o)
                0x080070ac                __aeabi_drsub
                0x080070b4                __aeabi_dsub
                0x080070b4                __subdf3
                0x080070b8                __aeabi_dadd
                0x080070b8                __adddf3
                0x08007330                __floatunsidf
                0x08007330                __aeabi_ui2d
                0x08007350                __floatsidf
                0x08007350                __aeabi_i2d
                0x08007374                __aeabi_f2d
                0x08007374                __extendsfdf2
                0x080073b8                __floatundidf
                0x080073b8                __aeabi_ul2d
                0x080073c8                __floatdidf
                0x080073c8                __aeabi_l2d
 .text          0x08007424      0x424 C:/msys64/mingw64/bin/../lib/gcc/arm-none-eabi/13.3.0/thumb/v7/nofp\libgcc.a(_arm_muldivdf3.o)
                0x08007424                __aeabi_dmul
                0x08007424                __muldf3
                0x08007678                __divdf3
                0x08007678                __aeabi_ddiv
 .text          0x08007848       0x50 C:/msys64/mingw64/bin/../lib/gcc/arm-none-eabi/13.3.0/thumb/v7/nofp\libgcc.a(_arm_fixdfsi.o)
                0x08007848                __aeabi_d2iz
                0x08007848                __fixdfsi
 .text          0x08007898       0x40 C:/msys64/mingw64/bin/../lib/gcc/arm-none-eabi/13.3.0/thumb/v7/nofp\libgcc.a(_arm_fixunsdfsi.o)
                0x08007898                __aeabi_d2uiz
                0x08007898                __fixunsdfsi
 .text          0x080078d8       0xa0 C:/msys64/mingw64/bin/../lib/gcc/arm-none-eabi/13.3.0/thumb/v7/nofp\libgcc.a(_arm_truncdfsf2.o)
                0x080078d8                __truncdfsf2
                0x080078d8                __aeabi_d2f
 .text          0x08007978      0x21c C:/msys64/mingw64/bin/../lib/gcc/arm-none-eabi/13.3.0/thumb/v7/nofp\libgcc.a(_arm_addsubsf3.o)
                0x08007978                __aeabi_frsub
                0x08007980                __subsf3
                0x08007980                __aeabi_fsub
                0x08007984                __aeabi_fadd
                0x08007984                __addsf3
                0x08007ae4                __aeabi_ui2f
                0x08007ae4                __floatunsisf
                0x08007aec                __aeabi_i2f
                0x08007aec                __floatsisf
                0x08007b08                __aeabi_ul2f
                0x08007b08                __floatundisf
                0x08007b18                __aeabi_l2f
                0x08007b18                __floatdisf
 .text          0x08007b94      0x2a0 C:/msys64/mingw64/bin/../lib/gcc/arm-none-eabi/13.3.0/thumb/v7/nofp\libgcc.a(_arm_muldivsf3.o)
                0x08007b94                __mulsf3
                0x08007b94                __aeabi_fmul
                0x08007cfc                __aeabi_fdiv
                0x08007cfc                __divsf3
 .text          0x08007e34       0xec C:/msys64/mingw64/bin/../lib/gcc/arm-none-eabi/13.3.0/thumb/v7/nofp\libgcc.a(_arm_cmpsf2.o)
                0x08007e34                __gesf2
                0x08007e34                __gtsf2
                0x08007e3c                __lesf2
                0x08007e3c                __ltsf2
                0x08007e44                __nesf2
                0x08007e44                __eqsf2
                0x08007e44                __cmpsf2
                0x08007ea4                __aeabi_cfrcmple
                0x08007eac                __aeabi_cfcmpeq
                0x08007eac                __aeabi_cfcmple
                0x08007ebc                __aeabi_fcmpeq
                0x08007ed0                __aeabi_fcmplt
                0x08007ee4                __aeabi_fcmple
                0x08007ef8                __aeabi_fcmpge
                0x08007f0c                __aeabi_fcmpgt
 .text          0x08007f20       0x4c C:/msys64/mingw64/bin/../lib/gcc/arm-none-eabi/13.3.0/thumb/v7/nofp\libgcc.a(_arm_fixsfsi.o)
                0x08007f20                __aeabi_f2iz
                0x08007f20                __fixsfsi
 .text          0x08007f6c       0x40 C:/msys64/mingw64/bin/../lib/gcc/arm-none-eabi/13.3.0/thumb/v7/nofp\libgcc.a(_arm_fixunssfsi.o)
                0x08007f6c                __fixunssfsi
                0x08007f6c                __aeabi_f2uiz
 .text          0x08007fac       0xa8 C:/msys64/mingw64/bin/../lib/gcc/arm-none-eabi/13.3.0/../../../../arm-none-eabi/lib/thumb/v7/nofp\libc.a(libc_a-memset.o)
                0x08007fac                memset
                0x08008054                        . = ALIGN (0x4)
 *(.rodata*)
 .rodata._ZTV11CanCallback
                0x08008054       0x10 obj/main.o
                0x08008054                vtable for CanCallback
 .rodata._ZTV23FunctionPointerCallback
                0x08008064       0x10 obj/main.o
                0x08008064                vtable for FunctionPointerCallback
 .rodata._ZN14Stm32Scheduler5ocMapE
                0x08008074        0x4 obj/stm32scheduler.o
                0x08008074                Stm32Scheduler::ocMap
 .rodata.str1.4
                0x08008078      0xb45 obj/params.o
                                0x5f4 (size before relaxing)
 *fill*         0x08008bbd        0x3 
 .rodata._ZN5ParamL7attribsE
                0x08008bc0     0x151c obj/params.o
 .rodata._ZN8Terminal10EnableUartEPc.str1.4
                0x0800a0dc        0x5 obj/terminal.o
 .rodata._ZN8Terminal8FastUartEPc.str1.4
                0x0800a0dc       0x1b obj/terminal.o
 .rodata._ZN8Terminal4EchoEPc.str1.4
                0x0800a0dc       0x17 obj/terminal.o
 .rodata._ZN8Terminal3RunEv.str1.4
                0x0800a0dc       0x3b obj/terminal.o
 .rodata._ZTV8IPutChar
                0x0800a0dc        0xc obj/terminal.o
                0x0800a0dc                vtable for IPutChar
 .rodata._ZTV8Terminal
                0x0800a0e8        0xc obj/terminal.o
                0x0800a0e8                vtable for Terminal
 .rodata._ZN8Terminal6hwInfoE
                0x0800a0f4       0x70 obj/terminal.o
                0x0800a0f4                Terminal::hwInfo
 .rodata._ZL11PrintSerialP8TerminalPc.str1.4
                0x0800a164       0x11 obj/terminal_prj.o
 .rodata._ZL12LoadDefaultsP8TerminalPc.str1.4
                0x0800a164       0x12 obj/terminal_prj.o
 .rodata.str1.4
                0x0800a164       0x5f obj/terminal_prj.o
 .rodata.termCmds
                0x0800a164       0x70 obj/terminal_prj.o
                0x0800a164                termCmds
 .rodata._ZL5printP8IPutCharPKcSt9__va_list.str1.4
                0x0800a1d4        0x7 obj/printf.o
 .rodata._ZTV13ExternPutChar
                0x0800a1d4        0xc obj/printf.o
                0x0800a1d4                vtable for ExternPutChar
 .rodata        0x0800a1e0        0x8 obj/anain.o
 .rodata._ZN12ErrorMessage10PrintErrorEm17ERROR_MESSAGE_NUM.str1.4
                0x0800a1e8       0x10 obj/errormessage.o
 .rodata._ZN12ErrorMessage14PrintAllErrorsEv.str1.4
                0x0800a1e8        0xc obj/errormessage.o
 .rodata.str1.4
                0x0800a1e8       0x57 obj/errormessage.o
 .rodata._ZL5types
                0x0800a1e8        0xc obj/errormessage.o
 .rodata._ZL16errorDescriptors
                0x0800a1f4       0x18 obj/errormessage.o
 .rodata._ZTV8Stm32Can
                0x0800a20c       0x14 obj/stm32_can.o
                0x0800a20c                vtable for Stm32Can
 .rodata._ZL8canSpeed
                0x0800a220       0x3c obj/stm32_can.o
 .rodata        0x0800a25c        0x8 obj/stm32_can.o
 .rodata._ZTV11CanHardware
                0x0800a264       0x14 obj/canhardware.o
                0x0800a264                vtable for CanHardware
 .rodata._ZTV12NullCallback
                0x0800a278       0x10 obj/canhardware.o
                0x0800a278                vtable for NullCallback
 .rodata._ZTV6CanMap
                0x0800a288       0x10 obj/canmap.o
                0x0800a288                vtable for CanMap
 .rodata._ZN16TerminalCommands11PrintCanMapEN5Param9PARAM_NUMEmhafab.str1.4
                0x0800a298       0x24 obj/terminalcommands.o
 .rodata._ZN16TerminalCommands8ParamSetEP8TerminalPc.str1.4
                0x0800a298       0x57 obj/terminalcommands.o
 .rodata._ZN16TerminalCommands8ParamGetEP8TerminalPc.str1.4
                0x0800a298       0x22 obj/terminalcommands.o
 .rodata._ZN16TerminalCommands9ParamFlagEP8TerminalPc.str1.4
                0x0800a298       0x39 obj/terminalcommands.o
 .rodata._ZN16TerminalCommands15PrintParamsJsonEP8IPutCharPc.str1.4
                0x0800a298      0x13a obj/terminalcommands.o
 .rodata._ZN16TerminalCommands6MapCanEP8TerminalPc.str1.4
                0x0800a298      0x116 obj/terminalcommands.o
 .rodata._ZN16TerminalCommands14SaveParametersEP8TerminalPc.str1.4
                0x0800a298       0x6f obj/terminalcommands.o
 .rodata._ZN16TerminalCommands14LoadParametersEP8TerminalPc.str1.4
                0x0800a298       0x2a obj/terminalcommands.o
 .rodata._ZN16TerminalCommands11ParamStreamEP8TerminalPc.str1.4
                0x0800a298       0x2f obj/terminalcommands.o
 .rodata._ZL8utilTopN
                0x0800a298        0x9 obj/BatMan.o
 *fill*         0x0800a2a1        0x3 
 .rodata._ZL10crc14table
                0x0800a2a4      0x200 obj/BatMan.o
 .rodata._ZTV6CanSdo
                0x0800a4a4       0x20 obj/cansdo.o
                0x0800a4a4                vtable for CanSdo
 .rodata.rcc_hse_configs
                0x0800a4c4       0x8c libopencm3/lib\libopencm3_stm32f1.a(rcc.o)
                0x0800a4c4                rcc_hse_configs
                0x0800a550                        . = ALIGN (0x4)

.glue_7         0x0800a550        0x0
 .glue_7        0x0800a550        0x0 linker stubs

.glue_7t        0x0800a550        0x0
 .glue_7t       0x0800a550        0x0 linker stubs

.vfp11_veneer   0x0800a550        0x0
 .vfp11_veneer  0x0800a550        0x0 linker stubs

.v4_bx          0x0800a550        0x0
 .v4_bx         0x0800a550        0x0 linker stubs

.iplt           0x0800a550        0x0
 .iplt          0x0800a550        0x0 obj/main.o

.rel.dyn        0x0800a550        0x0
 .rel.iplt      0x0800a550        0x0 obj/main.o

.preinit_array  0x0800a550        0x0
                0x0800a550                        . = ALIGN (0x4)
                0x0800a550                        __preinit_array_start = .
 *(.preinit_array)
                0x0800a550                        __preinit_array_end = .

.init_array     0x0800a550        0x8
                0x0800a550                        . = ALIGN (0x4)
                0x0800a550                        __init_array_start = .
 *(SORT_BY_NAME(.init_array.*))
 *(.init_array)
 .init_array    0x0800a550        0x4 obj/sine_core.o
 .init_array    0x0800a554        0x4 obj/anain.o
                0x0800a558                        __init_array_end = .

.fini_array     0x0800a558        0x0
                0x0800a558                        . = ALIGN (0x4)
                0x0800a558                        __fini_array_start = .
 *(.fini_array)
 *(SORT_BY_NAME(.fini_array.*))
                0x0800a558                        __fini_array_end = .

.ARM.extab
 *(.ARM.extab*)

.ARM.exidx      0x0800a558        0x0
                0x0800a558                        __exidx_start = .
 *(.ARM.exidx*)
                0x0800a558                        __exidx_end = .
                0x0800a558                        . = ALIGN (0x4)
                0x0800a558                        _etext = .

.noinit
 *(.noinit*)
                0x0800a558                        . = ALIGN (0x4)

.data           0x20000000      0x584 load address 0x0800a558
                0x20000000                        _data = .
 *(.data*)
 .data.firstframe
                0x20000000        0x1 obj/main.o
                0x20000000                firstframe
 *fill*         0x20000001        0x3 
 .data.uauxGain
                0x20000004        0x4 obj/main.o
                0x20000004                uauxGain
 .data._ZN5ParamL6valuesE
                0x20000008      0x304 obj/params.o
 .data.errorBuffer
                0x2000030c       0x20 obj/errormessage.o
                0x2000030c                errorBuffer
 .data._ZL12nullCallback
                0x2000032c        0x4 obj/canhardware.o
 .data._ZN16TerminalCommands11saveEnabledE
                0x20000330        0x1 obj/terminalcommands.o
                0x20000330                TerminalCommands::saveEnabled
 *fill*         0x20000331        0x1 
 .data.SendDelay
                0x20000332        0x2 obj/BatMan.o
                0x20000332                SendDelay
 .data.TempMin  0x20000334        0x4 obj/BatMan.o
                0x20000334                TempMin
 .data.CellVMin
                0x20000338        0x4 obj/BatMan.o
                0x20000338                CellVMin
 .data.BmbTimeout
                0x2000033c        0x1 obj/BatMan.o
                0x2000033c                BmbTimeout
 *fill*         0x2000033d        0x3 
 .data.crcTable2f
                0x20000340      0x200 obj/BatMan.o
                0x20000340                crcTable2f
 .data.reqTemp  0x20000540        0x2 obj/BatMan.o
                0x20000540                reqTemp
 *fill*         0x20000542        0x2 
 .data.Snap     0x20000544        0x4 obj/BatMan.o
                0x20000544                Snap
 .data.Unmute   0x20000548        0x4 obj/BatMan.o
                0x20000548                Unmute
 .data.Mute     0x2000054c        0x4 obj/BatMan.o
                0x2000054c                Mute
 .data.WakeUp   0x20000550        0x4 obj/BatMan.o
                0x20000550                WakeUp
 .data.BalHys   0x20000554        0x4 obj/BatMan.o
                0x20000554                BalHys
 .data.NoCurLim
                0x20000558        0x4 obj/BMSUtil.o
                0x20000558                NoCurLim
 .data.NoCurRun
                0x2000055c        0x4 obj/BMSUtil.o
                0x2000055c                NoCurRun
 .data.voltageToSoc
                0x20000560       0x16 obj/BMSUtil.o
                0x20000560                voltageToSoc
 *fill*         0x20000576        0x2 
 .data.rcc_ahb_frequency
                0x20000578        0x4 libopencm3/lib\libopencm3_stm32f1.a(rcc.o)
                0x20000578                rcc_ahb_frequency
 .data.rcc_apb2_frequency
                0x2000057c        0x4 libopencm3/lib\libopencm3_stm32f1.a(rcc.o)
                0x2000057c                rcc_apb2_frequency
 .data.rcc_apb1_frequency
                0x20000580        0x4 libopencm3/lib\libopencm3_stm32f1.a(rcc.o)
                0x20000580                rcc_apb1_frequency
 *(.ramtext*)
                0x20000584                        . = ALIGN (0x4)
                0x20000584                        _edata = .
                0x0800a558                        _data_loadaddr = LOADADDR (.data)

.igot.plt       0x20000584        0x0 load address 0x0800aadc
 .igot.plt      0x20000584        0x0 obj/main.o

.bss            0x20000584      0x398 load address 0x0800aadc
 *(.bss*)
 .bss.Temperature
                0x20000584        0x4 obj/main.o
                0x20000584                Temperature
 .bss.Voltage3  0x20000588        0x4 obj/main.o
                0x20000588                Voltage3
 .bss.Voltage2  0x2000058c        0x4 obj/main.o
                0x2000058c                Voltage2
 .bss.Voltage1  0x20000590        0x4 obj/main.o
                0x20000590                Voltage1
 .bss.KWh       0x20000594        0x4 obj/main.o
                0x20000594                KWh
 .bss.KW        0x20000598        0x4 obj/main.o
                0x20000598                KW
 .bss.Ah        0x2000059c        0x4 obj/main.o
                0x2000059c                Ah
 .bss.Amperes   0x200005a0        0x4 obj/main.o
                0x200005a0                Amperes
 .bss.SOCVal    0x200005a4        0x4 obj/main.o
                0x200005a4                SOCVal
 .bss.Gcount    0x200005a8        0x1 obj/main.o
                0x200005a8                Gcount
 *fill*         0x200005a9        0x3 
 .bss._ZL6canSdo
                0x200005ac        0x4 obj/main.o
 .bss._ZL6canMap
                0x200005b0        0x4 obj/main.o
 .bss._ZL3can   0x200005b4        0x4 obj/main.o
 .bss._ZL9scheduler
                0x200005b8        0x4 obj/main.o
 .bss._ZN5ParamL5flagsE
                0x200005bc       0xc1 obj/params.o
 *fill*         0x2000067d        0x3 
 .bss._ZN8Terminal15defaultTerminalE
                0x20000680        0x4 obj/terminal.o
                0x20000680                Terminal::defaultTerminal
 .bss._ZN5DigIo3in2E
                0x20000684        0x8 obj/digio.o
                0x20000684                DigIo::in2
 .bss._ZN5DigIo3in1E
                0x2000068c        0x8 obj/digio.o
                0x2000068c                DigIo::in1
 .bss._ZN5DigIo4PWM2E
                0x20000694        0x8 obj/digio.o
                0x20000694                DigIo::PWM2
 .bss._ZN5DigIo4PWM1E
                0x2000069c        0x8 obj/digio.o
                0x2000069c                DigIo::PWM1
 .bss._ZN5DigIo5BatCSE
                0x200006a4        0x8 obj/digio.o
                0x200006a4                DigIo::BatCS
 .bss._ZN5DigIo4out2E
                0x200006ac        0x8 obj/digio.o
                0x200006ac                DigIo::out2
 .bss._ZN5DigIo4out1E
                0x200006b4        0x8 obj/digio.o
                0x200006b4                DigIo::out1
 .bss._ZN5DigIo7batm_enE
                0x200006bc        0x8 obj/digio.o
                0x200006bc                DigIo::batm_en
 .bss._ZN5DigIo7led_outE
                0x200006c4        0x8 obj/digio.o
                0x200006c4                DigIo::led_out
 .bss._ZN8SineCore11ZERO_OFFSETE
                0x200006cc        0x2 obj/sine_core.o
                0x200006cc                SineCore::ZERO_OFFSET
 *fill*         0x200006ce        0x2 
 .bss._ZN5AnaIn4A1inE
                0x200006d0        0x4 obj/anain.o
                0x200006d0                AnaIn::A1in
 .bss._ZN5AnaIn5lvmonE
                0x200006d4        0x4 obj/anain.o
                0x200006d4                AnaIn::lvmon
 .bss._ZN5AnaIn6valuesE
                0x200006d8       0x30 obj/anain.o
                0x200006d8                AnaIn::values
 .bss._ZN5AnaIn13channel_arrayE
                0x20000708        0x2 obj/anain.o
                0x20000708                AnaIn::channel_array
 *fill*         0x2000070a        0x2 
 .bss._ZN12ErrorMessage8timeTickE
                0x2000070c        0x4 obj/errormessage.o
                0x2000070c                ErrorMessage::timeTick
 .bss._ZN8Stm32Can10interfacesE
                0x20000710        0x8 obj/stm32_can.o
                0x20000710                Stm32Can::interfaces
 .bss._ZN6CanMap8isSavingE
                0x20000718        0x1 obj/canmap.o
                0x20000718                CanMap::isSaving
 *fill*         0x20000719        0x3 
 .bss._ZN16TerminalCommands6canMapE
                0x2000071c        0x4 obj/terminalcommands.o
                0x2000071c                TerminalCommands::canMap
 .bss._ZL7curTerm
                0x20000720        0x4 obj/terminalcommands.o
 .bss.Cell2start
                0x20000724        0x4 obj/BatMan.o
                0x20000724                Cell2start
 .bss.Cell1start
                0x20000728        0x4 obj/BatMan.o
                0x20000728                Cell1start
 .bss.BalEven   0x2000072c        0x1 obj/BatMan.o
                0x2000072c                BalEven
 *fill*         0x2000072d        0x3 
 .bss.TempMax   0x20000730        0x4 obj/BatMan.o
                0x20000730                TempMax
 .bss.CellVMax  0x20000734        0x4 obj/BatMan.o
                0x20000734                CellVMax
 .bss.ChipNum   0x20000738        0x1 obj/BatMan.o
                0x20000738                ChipNum
 *fill*         0x20000739        0x1 
 .bss.IdleCnt   0x2000073a        0x2 obj/BatMan.o
                0x2000073a                IdleCnt
 .bss.LoopRanCnt
                0x2000073c        0x2 obj/BatMan.o
                0x2000073c                LoopRanCnt
 .bss.LoopState
                0x2000073e        0x2 obj/BatMan.o
                0x2000073e                LoopState
 .bss.BalanceFlag
                0x20000740        0x1 obj/BatMan.o
                0x20000740                BalanceFlag
 *fill*         0x20000741        0x3 
 .bss.Cfg       0x20000744       0x20 obj/BatMan.o
                0x20000744                Cfg
 .bss.ChipV     0x20000764       0x10 obj/BatMan.o
                0x20000764                ChipV
 .bss.Volts5v   0x20000774       0x10 obj/BatMan.o
                0x20000774                Volts5v
 .bss.Temp2     0x20000784       0x10 obj/BatMan.o
                0x20000784                Temp2
 .bss.Temp1     0x20000794       0x10 obj/BatMan.o
                0x20000794                Temp1
 .bss.Temps     0x200007a4       0x10 obj/BatMan.o
                0x200007a4                Temps
 .bss.CellBalCmd
                0x200007b4       0x10 obj/BatMan.o
                0x200007b4                CellBalCmd
 .bss.Voltage   0x200007c4       0xf0 obj/BatMan.o
                0x200007c4                Voltage
 .bss.count3    0x200008b4        0x1 obj/BatMan.o
                0x200008b4                count3
 .bss.count2    0x200008b5        0x1 obj/BatMan.o
                0x200008b5                count2
 .bss.count1    0x200008b6        0x1 obj/BatMan.o
                0x200008b6                count1
 *fill*         0x200008b7        0x1 
 .bss.Fluffer   0x200008b8       0x48 obj/BatMan.o
                0x200008b8                Fluffer
 .bss.tempval2  0x20000900        0x4 obj/BatMan.o
                0x20000900                tempval2
 .bss.tempval1  0x20000904        0x4 obj/BatMan.o
                0x20000904                tempval1
 .bss.receive2  0x20000908        0x2 obj/BatMan.o
                0x20000908                receive2
 .bss.receive1  0x2000090a        0x2 obj/BatMan.o
                0x2000090a                receive1
 .bss.padding   0x2000090c        0x2 obj/BatMan.o
                0x2000090c                padding
 *fill*         0x2000090e        0x2 
 .bss.asDiff    0x20000910        0x4 obj/BMSUtil.o
                0x20000910                asDiff
 .bss.NoCurCounter
                0x20000914        0x4 obj/BMSUtil.o
                0x20000914                NoCurCounter
 .bss.TempSOC   0x20000918        0x2 obj/BMSUtil.o
                0x20000918                TempSOC
 *(COMMON)
                0x2000091c                        . = ALIGN (0x4)
 *fill*         0x2000091a        0x2 
                0x2000091c                        _ebss = .

/DISCARD/
 *(.eh_frame)
                0x2000091c                        . = ALIGN (0x4)
                0x2000091c                        end = .
                0x20005000                        PROVIDE (_stack = (ORIGIN (ram) + LENGTH (ram)))
OUTPUT(stm32_m3bms elf32-littlearm)
LOAD linker stubs

.debug_info     0x00000000    0x1ccc6
 .debug_info    0x00000000     0x2cf9 obj/main.o
 .debug_info    0x00002cf9     0x14b8 obj/hwinit.o
 .debug_info    0x000041b1      0x641 obj/stm32scheduler.o
 .debug_info    0x000047f2      0xce0 obj/params.o
 .debug_info    0x000054d2     0x171d obj/terminal.o
 .debug_info    0x00006bef      0xa40 obj/terminal_prj.o
 .debug_info    0x0000762f      0x3d3 obj/digio.o
 .debug_info    0x00007a02      0x752 obj/sine_core.o
 .debug_info    0x00008154      0xb4a obj/printf.o
 .debug_info    0x00008c9e      0x940 obj/anain.o
 .debug_info    0x000095de      0xb2c obj/param_save.o
 .debug_info    0x0000a10a      0x483 obj/errormessage.o
 .debug_info    0x0000a58d     0x14dd obj/stm32_can.o
 .debug_info    0x0000ba6a      0x7dd obj/canhardware.o
 .debug_info    0x0000c247     0x28f8 obj/canmap.o
 .debug_info    0x0000eb3f     0x1eab obj/terminalcommands.o
 .debug_info    0x000109ea     0x234a obj/BatMan.o
 .debug_info    0x00012d34     0x1896 obj/cansdo.o
 .debug_info    0x000145ca      0x844 obj/BMSUtil.o
 .debug_info    0x00014e0e      0x397 libopencm3/lib\libopencm3_stm32f1.a(adc.o)
 .debug_info    0x000151a5      0x888 libopencm3/lib\libopencm3_stm32f1.a(adc_common_v1.o)
 .debug_info    0x00015a2d      0xbaf libopencm3/lib\libopencm3_stm32f1.a(can.o)
 .debug_info    0x000165dc      0x119 libopencm3/lib\libopencm3_stm32f1.a(crc_common_all.o)
 .debug_info    0x000166f5       0xe8 libopencm3/lib\libopencm3_stm32f1.a(desig_common_v1.o)
 .debug_info    0x000167dd      0x781 libopencm3/lib\libopencm3_stm32f1.a(dma_common_l1f013.o)
 .debug_info    0x00016f5e      0x35e libopencm3/lib\libopencm3_stm32f1.a(flash.o)
 .debug_info    0x000172bc       0xf1 libopencm3/lib\libopencm3_stm32f1.a(flash_common_all.o)
 .debug_info    0x000173ad       0xb9 libopencm3/lib\libopencm3_stm32f1.a(flash_common_f.o)
 .debug_info    0x00017466      0x20d libopencm3/lib\libopencm3_stm32f1.a(flash_common_f01.o)
 .debug_info    0x00017673      0x1f8 libopencm3/lib\libopencm3_stm32f1.a(gpio.o)
 .debug_info    0x0001786b      0x256 libopencm3/lib\libopencm3_stm32f1.a(gpio_common_all.o)
 .debug_info    0x00017ac1      0x177 libopencm3/lib\libopencm3_stm32f1.a(iwdg_common_all.o)
 .debug_info    0x00017c38     0x14d0 libopencm3/lib\libopencm3_stm32f1.a(rcc.o)
 .debug_info    0x00019108      0x60d libopencm3/lib\libopencm3_stm32f1.a(rcc_common_all.o)
 .debug_info    0x00019715      0x6e9 libopencm3/lib\libopencm3_stm32f1.a(rtc.o)
 .debug_info    0x00019dfe      0x96c libopencm3/lib\libopencm3_stm32f1.a(spi_common_all.o)
 .debug_info    0x0001a76a      0x155 libopencm3/lib\libopencm3_stm32f1.a(spi_common_v1.o)
 .debug_info    0x0001a8bf      0xff0 libopencm3/lib\libopencm3_stm32f1.a(timer_common_all.o)
 .debug_info    0x0001b8af      0x582 libopencm3/lib\libopencm3_stm32f1.a(usart_common_all.o)
 .debug_info    0x0001be31      0x192 libopencm3/lib\libopencm3_stm32f1.a(usart_common_f124.o)
 .debug_info    0x0001bfc3      0x2c4 libopencm3/lib\libopencm3_stm32f1.a(vector.o)
 .debug_info    0x0001c287       0xdb libopencm3/lib\libopencm3_stm32f1.a(scb.o)
 .debug_info    0x0001c362      0x239 libopencm3/lib\libopencm3_stm32f1.a(nvic.o)
 .debug_info    0x0001c59b      0x1a1 libopencm3/lib\libopencm3_stm32f1.a(pwr_common_v1.o)
 .debug_info    0x0001c73c       0xd3 C:/msys64/mingw64/bin/../lib/gcc/arm-none-eabi/13.3.0/thumb/v7/nofp\libgcc.a(_arm_addsubdf3.o)
 .debug_info    0x0001c80f       0x57 C:/msys64/mingw64/bin/../lib/gcc/arm-none-eabi/13.3.0/thumb/v7/nofp\libgcc.a(_arm_muldivdf3.o)
 .debug_info    0x0001c866       0x3c C:/msys64/mingw64/bin/../lib/gcc/arm-none-eabi/13.3.0/thumb/v7/nofp\libgcc.a(_arm_fixdfsi.o)
 .debug_info    0x0001c8a2       0x3c C:/msys64/mingw64/bin/../lib/gcc/arm-none-eabi/13.3.0/thumb/v7/nofp\libgcc.a(_arm_fixunsdfsi.o)
 .debug_info    0x0001c8de       0x3f C:/msys64/mingw64/bin/../lib/gcc/arm-none-eabi/13.3.0/thumb/v7/nofp\libgcc.a(_arm_truncdfsf2.o)
 .debug_info    0x0001c91d       0xca C:/msys64/mingw64/bin/../lib/gcc/arm-none-eabi/13.3.0/thumb/v7/nofp\libgcc.a(_arm_addsubsf3.o)
 .debug_info    0x0001c9e7       0x57 C:/msys64/mingw64/bin/../lib/gcc/arm-none-eabi/13.3.0/thumb/v7/nofp\libgcc.a(_arm_muldivsf3.o)
 .debug_info    0x0001ca3e       0xdb C:/msys64/mingw64/bin/../lib/gcc/arm-none-eabi/13.3.0/thumb/v7/nofp\libgcc.a(_arm_cmpsf2.o)
 .debug_info    0x0001cb19       0x3c C:/msys64/mingw64/bin/../lib/gcc/arm-none-eabi/13.3.0/thumb/v7/nofp\libgcc.a(_arm_fixsfsi.o)
 .debug_info    0x0001cb55       0x3c C:/msys64/mingw64/bin/../lib/gcc/arm-none-eabi/13.3.0/thumb/v7/nofp\libgcc.a(_arm_fixunssfsi.o)
 .debug_info    0x0001cb91      0x135 C:/msys64/mingw64/bin/../lib/gcc/arm-none-eabi/13.3.0/../../../../arm-none-eabi/lib/thumb/v7/nofp\libc.a(libc_a-memset.o)

.debug_abbrev   0x00000000     0x64da
 .debug_abbrev  0x00000000      0x830 obj/main.o
 .debug_abbrev  0x00000830      0x26d obj/hwinit.o
 .debug_abbrev  0x00000a9d      0x27a obj/stm32scheduler.o
 .debug_abbrev  0x00000d17      0x266 obj/params.o
 .debug_abbrev  0x00000f7d      0x4bf obj/terminal.o
 .debug_abbrev  0x0000143c      0x246 obj/terminal_prj.o
 .debug_abbrev  0x00001682      0x1fe obj/digio.o
 .debug_abbrev  0x00001880      0x274 obj/sine_core.o
 .debug_abbrev  0x00001af4      0x384 obj/printf.o
 .debug_abbrev  0x00001e78      0x332 obj/anain.o
 .debug_abbrev  0x000021aa      0x25e obj/param_save.o
 .debug_abbrev  0x00002408      0x267 obj/errormessage.o
 .debug_abbrev  0x0000266f      0x499 obj/stm32_can.o
 .debug_abbrev  0x00002b08      0x342 obj/canhardware.o
 .debug_abbrev  0x00002e4a      0x691 obj/canmap.o
 .debug_abbrev  0x000034db      0x403 obj/terminalcommands.o
 .debug_abbrev  0x000038de      0x3d7 obj/BatMan.o
 .debug_abbrev  0x00003cb5      0x523 obj/cansdo.o
 .debug_abbrev  0x000041d8      0x1a1 obj/BMSUtil.o
 .debug_abbrev  0x00004379      0x195 libopencm3/lib\libopencm3_stm32f1.a(adc.o)
 .debug_abbrev  0x0000450e      0x1ab libopencm3/lib\libopencm3_stm32f1.a(adc_common_v1.o)
 .debug_abbrev  0x000046b9      0x2bd libopencm3/lib\libopencm3_stm32f1.a(can.o)
 .debug_abbrev  0x00004976       0xb6 libopencm3/lib\libopencm3_stm32f1.a(crc_common_all.o)
 .debug_abbrev  0x00004a2c       0x8e libopencm3/lib\libopencm3_stm32f1.a(desig_common_v1.o)
 .debug_abbrev  0x00004aba      0x168 libopencm3/lib\libopencm3_stm32f1.a(dma_common_l1f013.o)
 .debug_abbrev  0x00004c22      0x1a2 libopencm3/lib\libopencm3_stm32f1.a(flash.o)
 .debug_abbrev  0x00004dc4       0x96 libopencm3/lib\libopencm3_stm32f1.a(flash_common_all.o)
 .debug_abbrev  0x00004e5a       0x56 libopencm3/lib\libopencm3_stm32f1.a(flash_common_f.o)
 .debug_abbrev  0x00004eb0       0xf5 libopencm3/lib\libopencm3_stm32f1.a(flash_common_f01.o)
 .debug_abbrev  0x00004fa5       0xd2 libopencm3/lib\libopencm3_stm32f1.a(gpio.o)
 .debug_abbrev  0x00005077      0x115 libopencm3/lib\libopencm3_stm32f1.a(gpio_common_all.o)
 .debug_abbrev  0x0000518c      0x10e libopencm3/lib\libopencm3_stm32f1.a(iwdg_common_all.o)
 .debug_abbrev  0x0000529a      0x2be libopencm3/lib\libopencm3_stm32f1.a(rcc.o)
 .debug_abbrev  0x00005558      0x185 libopencm3/lib\libopencm3_stm32f1.a(rcc_common_all.o)
 .debug_abbrev  0x000056dd      0x20e libopencm3/lib\libopencm3_stm32f1.a(rtc.o)
 .debug_abbrev  0x000058eb      0x1e7 libopencm3/lib\libopencm3_stm32f1.a(spi_common_all.o)
 .debug_abbrev  0x00005ad2       0xd3 libopencm3/lib\libopencm3_stm32f1.a(spi_common_v1.o)
 .debug_abbrev  0x00005ba5      0x1ae libopencm3/lib\libopencm3_stm32f1.a(timer_common_all.o)
 .debug_abbrev  0x00005d53      0x164 libopencm3/lib\libopencm3_stm32f1.a(usart_common_all.o)
 .debug_abbrev  0x00005eb7       0xb6 libopencm3/lib\libopencm3_stm32f1.a(usart_common_f124.o)
 .debug_abbrev  0x00005f6d      0x149 libopencm3/lib\libopencm3_stm32f1.a(vector.o)
 .debug_abbrev  0x000060b6       0x88 libopencm3/lib\libopencm3_stm32f1.a(scb.o)
 .debug_abbrev  0x0000613e       0xb6 libopencm3/lib\libopencm3_stm32f1.a(nvic.o)
 .debug_abbrev  0x000061f4       0x9f libopencm3/lib\libopencm3_stm32f1.a(pwr_common_v1.o)
 .debug_abbrev  0x00006293       0x28 C:/msys64/mingw64/bin/../lib/gcc/arm-none-eabi/13.3.0/thumb/v7/nofp\libgcc.a(_arm_addsubdf3.o)
 .debug_abbrev  0x000062bb       0x28 C:/msys64/mingw64/bin/../lib/gcc/arm-none-eabi/13.3.0/thumb/v7/nofp\libgcc.a(_arm_muldivdf3.o)
 .debug_abbrev  0x000062e3       0x28 C:/msys64/mingw64/bin/../lib/gcc/arm-none-eabi/13.3.0/thumb/v7/nofp\libgcc.a(_arm_fixdfsi.o)
 .debug_abbrev  0x0000630b       0x28 C:/msys64/mingw64/bin/../lib/gcc/arm-none-eabi/13.3.0/thumb/v7/nofp\libgcc.a(_arm_fixunsdfsi.o)
 .debug_abbrev  0x00006333       0x28 C:/msys64/mingw64/bin/../lib/gcc/arm-none-eabi/13.3.0/thumb/v7/nofp\libgcc.a(_arm_truncdfsf2.o)
 .debug_abbrev  0x0000635b       0x28 C:/msys64/mingw64/bin/../lib/gcc/arm-none-eabi/13.3.0/thumb/v7/nofp\libgcc.a(_arm_addsubsf3.o)
 .debug_abbrev  0x00006383       0x28 C:/msys64/mingw64/bin/../lib/gcc/arm-none-eabi/13.3.0/thumb/v7/nofp\libgcc.a(_arm_muldivsf3.o)
 .debug_abbrev  0x000063ab       0x28 C:/msys64/mingw64/bin/../lib/gcc/arm-none-eabi/13.3.0/thumb/v7/nofp\libgcc.a(_arm_cmpsf2.o)
 .debug_abbrev  0x000063d3       0x28 C:/msys64/mingw64/bin/../lib/gcc/arm-none-eabi/13.3.0/thumb/v7/nofp\libgcc.a(_arm_fixsfsi.o)
 .debug_abbrev  0x000063fb       0x28 C:/msys64/mingw64/bin/../lib/gcc/arm-none-eabi/13.3.0/thumb/v7/nofp\libgcc.a(_arm_fixunssfsi.o)
 .debug_abbrev  0x00006423       0xb7 C:/msys64/mingw64/bin/../lib/gcc/arm-none-eabi/13.3.0/../../../../arm-none-eabi/lib/thumb/v7/nofp\libc.a(libc_a-memset.o)

.debug_loclists
                0x00000000     0x7a70
 .debug_loclists
                0x00000000      0x5d9 obj/main.o
 .debug_loclists
                0x000005d9       0x86 obj/hwinit.o
 .debug_loclists
                0x0000065f      0x152 obj/stm32scheduler.o
 .debug_loclists
                0x000007b1      0x2f5 obj/params.o
 .debug_loclists
                0x00000aa6      0x5a9 obj/terminal.o
 .debug_loclists
                0x0000104f       0xfb obj/terminal_prj.o
 .debug_loclists
                0x0000114a      0x245 obj/digio.o
 .debug_loclists
                0x0000138f      0x362 obj/sine_core.o
 .debug_loclists
                0x000016f1      0x5cd obj/printf.o
 .debug_loclists
                0x00001cbe      0x22f obj/anain.o
 .debug_loclists
                0x00001eed      0x110 obj/param_save.o
 .debug_loclists
                0x00001ffd       0x6d obj/errormessage.o
 .debug_loclists
                0x0000206a      0x35a obj/stm32_can.o
 .debug_loclists
                0x000023c4      0x1aa obj/canhardware.o
 .debug_loclists
                0x0000256e     0x155e obj/canmap.o
 .debug_loclists
                0x00003acc      0x984 obj/terminalcommands.o
 .debug_loclists
                0x00004450      0x764 obj/BatMan.o
 .debug_loclists
                0x00004bb4      0x8aa obj/cansdo.o
 .debug_loclists
                0x0000545e       0x7f obj/BMSUtil.o
 .debug_loclists
                0x000054dd      0x164 libopencm3/lib\libopencm3_stm32f1.a(adc.o)
 .debug_loclists
                0x00005641      0x325 libopencm3/lib\libopencm3_stm32f1.a(adc_common_v1.o)
 .debug_loclists
                0x00005966      0x7c7 libopencm3/lib\libopencm3_stm32f1.a(can.o)
 .debug_loclists
                0x0000612d       0x6a libopencm3/lib\libopencm3_stm32f1.a(crc_common_all.o)
 .debug_loclists
                0x00006197       0x2b libopencm3/lib\libopencm3_stm32f1.a(desig_common_v1.o)
 .debug_loclists
                0x000061c2      0x6a9 libopencm3/lib\libopencm3_stm32f1.a(dma_common_l1f013.o)
 .debug_loclists
                0x0000686b       0x82 libopencm3/lib\libopencm3_stm32f1.a(flash.o)
 .debug_loclists